../BSP/Src/slcan.c:41:13:slcanSetOutputChar	16	static
../BSP/Src/slcan.c:55:13:slCanSendNibble	16	static
../BSP/Src/slcan.c:66:13:slcanSetOutputAsHex	16	static
../BSP/Src/slcan.c:71:13:slcanOutputFlush	8	static
../BSP/Src/slcan.c:78:6:slCanHandler	16	static
../BSP/Src/slcan.c:94:5:slCanProccesInput	16	static
../BSP/Src/slcan.c:119:9:parseHex	24	static
../BSP/Src/slcan.c:142:16:transmitStd	40	static
../BSP/Src/slcan.c:194:6:USART1_UART_Init	8	static
../BSP/Src/slcan.c:223:6:slCanCheckCommand	24	static
../BSP/Src/slcan.c:398:9:slcanReciveCanFrame	24	static
