Archive member included to satisfy reference by file (symbol)

C:/ST/STM32CubeIDE_1.16.0/STM32CubeIDE/plugins/com.st.stm32cube.ide.mcu.externaltools.gnu-tools-for-stm32.12.3.rel1.win32_1.0.200.202406191623/tools/bin/../lib/gcc/arm-none-eabi/12.3.1/../../../../arm-none-eabi/lib/thumb/v7e-m+fp/hard\libc_nano.a(libc_a-exit.o)
                              C:/ST/STM32CubeIDE_1.16.0/STM32CubeIDE/plugins/com.st.stm32cube.ide.mcu.externaltools.gnu-tools-for-stm32.12.3.rel1.win32_1.0.200.202406191623/tools/bin/../lib/gcc/arm-none-eabi/12.3.1/../../../../arm-none-eabi/lib/thumb/v7e-m+fp/hard/crt0.o (exit)
C:/ST/STM32CubeIDE_1.16.0/STM32CubeIDE/plugins/com.st.stm32cube.ide.mcu.externaltools.gnu-tools-for-stm32.12.3.rel1.win32_1.0.200.202406191623/tools/bin/../lib/gcc/arm-none-eabi/12.3.1/../../../../arm-none-eabi/lib/thumb/v7e-m+fp/hard\libc_nano.a(libc_a-findfp.o)
                              C:/ST/STM32CubeIDE_1.16.0/STM32CubeIDE/plugins/com.st.stm32cube.ide.mcu.externaltools.gnu-tools-for-stm32.12.3.rel1.win32_1.0.200.202406191623/tools/bin/../lib/gcc/arm-none-eabi/12.3.1/../../../../arm-none-eabi/lib/thumb/v7e-m+fp/hard\libc_nano.a(libc_a-exit.o) (__stdio_exit_handler)
C:/ST/STM32CubeIDE_1.16.0/STM32CubeIDE/plugins/com.st.stm32cube.ide.mcu.externaltools.gnu-tools-for-stm32.12.3.rel1.win32_1.0.200.202406191623/tools/bin/../lib/gcc/arm-none-eabi/12.3.1/../../../../arm-none-eabi/lib/thumb/v7e-m+fp/hard\libc_nano.a(libc_a-fwalk.o)
                              C:/ST/STM32CubeIDE_1.16.0/STM32CubeIDE/plugins/com.st.stm32cube.ide.mcu.externaltools.gnu-tools-for-stm32.12.3.rel1.win32_1.0.200.202406191623/tools/bin/../lib/gcc/arm-none-eabi/12.3.1/../../../../arm-none-eabi/lib/thumb/v7e-m+fp/hard\libc_nano.a(libc_a-findfp.o) (_fwalk_sglue)
C:/ST/STM32CubeIDE_1.16.0/STM32CubeIDE/plugins/com.st.stm32cube.ide.mcu.externaltools.gnu-tools-for-stm32.12.3.rel1.win32_1.0.200.202406191623/tools/bin/../lib/gcc/arm-none-eabi/12.3.1/../../../../arm-none-eabi/lib/thumb/v7e-m+fp/hard\libc_nano.a(libc_a-stdio.o)
                              C:/ST/STM32CubeIDE_1.16.0/STM32CubeIDE/plugins/com.st.stm32cube.ide.mcu.externaltools.gnu-tools-for-stm32.12.3.rel1.win32_1.0.200.202406191623/tools/bin/../lib/gcc/arm-none-eabi/12.3.1/../../../../arm-none-eabi/lib/thumb/v7e-m+fp/hard\libc_nano.a(libc_a-findfp.o) (__sread)
C:/ST/STM32CubeIDE_1.16.0/STM32CubeIDE/plugins/com.st.stm32cube.ide.mcu.externaltools.gnu-tools-for-stm32.12.3.rel1.win32_1.0.200.202406191623/tools/bin/../lib/gcc/arm-none-eabi/12.3.1/../../../../arm-none-eabi/lib/thumb/v7e-m+fp/hard\libc_nano.a(libc_a-memset.o)
                              C:/ST/STM32CubeIDE_1.16.0/STM32CubeIDE/plugins/com.st.stm32cube.ide.mcu.externaltools.gnu-tools-for-stm32.12.3.rel1.win32_1.0.200.202406191623/tools/bin/../lib/gcc/arm-none-eabi/12.3.1/../../../../arm-none-eabi/lib/thumb/v7e-m+fp/hard/crt0.o (memset)
C:/ST/STM32CubeIDE_1.16.0/STM32CubeIDE/plugins/com.st.stm32cube.ide.mcu.externaltools.gnu-tools-for-stm32.12.3.rel1.win32_1.0.200.202406191623/tools/bin/../lib/gcc/arm-none-eabi/12.3.1/../../../../arm-none-eabi/lib/thumb/v7e-m+fp/hard\libc_nano.a(libc_a-closer.o)
                              C:/ST/STM32CubeIDE_1.16.0/STM32CubeIDE/plugins/com.st.stm32cube.ide.mcu.externaltools.gnu-tools-for-stm32.12.3.rel1.win32_1.0.200.202406191623/tools/bin/../lib/gcc/arm-none-eabi/12.3.1/../../../../arm-none-eabi/lib/thumb/v7e-m+fp/hard\libc_nano.a(libc_a-stdio.o) (_close_r)
C:/ST/STM32CubeIDE_1.16.0/STM32CubeIDE/plugins/com.st.stm32cube.ide.mcu.externaltools.gnu-tools-for-stm32.12.3.rel1.win32_1.0.200.202406191623/tools/bin/../lib/gcc/arm-none-eabi/12.3.1/../../../../arm-none-eabi/lib/thumb/v7e-m+fp/hard\libc_nano.a(libc_a-reent.o)
                              C:/ST/STM32CubeIDE_1.16.0/STM32CubeIDE/plugins/com.st.stm32cube.ide.mcu.externaltools.gnu-tools-for-stm32.12.3.rel1.win32_1.0.200.202406191623/tools/bin/../lib/gcc/arm-none-eabi/12.3.1/../../../../arm-none-eabi/lib/thumb/v7e-m+fp/hard\libc_nano.a(libc_a-closer.o) (errno)
C:/ST/STM32CubeIDE_1.16.0/STM32CubeIDE/plugins/com.st.stm32cube.ide.mcu.externaltools.gnu-tools-for-stm32.12.3.rel1.win32_1.0.200.202406191623/tools/bin/../lib/gcc/arm-none-eabi/12.3.1/../../../../arm-none-eabi/lib/thumb/v7e-m+fp/hard\libc_nano.a(libc_a-impure.o)
                              C:/ST/STM32CubeIDE_1.16.0/STM32CubeIDE/plugins/com.st.stm32cube.ide.mcu.externaltools.gnu-tools-for-stm32.12.3.rel1.win32_1.0.200.202406191623/tools/bin/../lib/gcc/arm-none-eabi/12.3.1/../../../../arm-none-eabi/lib/thumb/v7e-m+fp/hard\libc_nano.a(libc_a-reent.o) (_impure_ptr)
C:/ST/STM32CubeIDE_1.16.0/STM32CubeIDE/plugins/com.st.stm32cube.ide.mcu.externaltools.gnu-tools-for-stm32.12.3.rel1.win32_1.0.200.202406191623/tools/bin/../lib/gcc/arm-none-eabi/12.3.1/../../../../arm-none-eabi/lib/thumb/v7e-m+fp/hard\libc_nano.a(libc_a-lseekr.o)
[...]
Memory Configuration

Name             Origin             Length             Attributes
RAM              0x20000000         0x00008000         xrw
FLASH            0x08000000         0x00020000         xr
*default*        0x00000000         0xffffffff

Linker script and memory map

LOAD C:/ST/STM32CubeIDE_1.16.0/STM32CubeIDE/plugins/com.st.stm32cube.ide.mcu.externaltools.gnu-tools-for-stm32.12.3.rel1.win32_1.0.200.202406191623/tools/bin/../lib/gcc/arm-none-eabi/12.3.1/thumb/v7e-m+fp/hard/crti.o
LOAD C:/ST/STM32CubeIDE_1.16.0/STM32CubeIDE/plugins/com.st.stm32cube.ide.mcu.externaltools.gnu-tools-for-stm32.12.3.rel1.win32_1.0.200.202406191623/tools/bin/../lib/gcc/arm-none-eabi/12.3.1/thumb/v7e-m+fp/hard/crtbegin.o
LOAD C:/ST/STM32CubeIDE_1.16.0/STM32CubeIDE/plugins/com.st.stm32cube.ide.mcu.externaltools.gnu-tools-for-stm32.12.3.rel1.win32_1.0.200.202406191623/tools/bin/../lib/gcc/arm-none-eabi/12.3.1/../../../../arm-none-eabi/lib/thumb/v7e-m+fp/hard/crt0.o
LOAD ./BSP/Src/bootloader.o
LOAD ./BSP/Src/led.o
LOAD ./BSP/Src/lin_slcan.o
LOAD ./BSP/Src/slcan.o
LOAD ./BSP/Src/util.o
LOAD ./Core/Src/gpio.o
LOAD ./Core/Src/main.o
LOAD ./Core/Src/stm32g4xx_hal_msp.o
LOAD ./Core/Src/stm32g4xx_hal_timebase_tim.o
LOAD ./Core/Src/stm32g4xx_it.o
LOAD ./Core/Src/syscalls.o
LOAD ./Core/Src/sysmem.o
LOAD ./Core/Src/system_stm32g4xx.o
LOAD ./Core/Src/usart.o
LOAD ./Core/Startup/startup_stm32g431kbtx.o
LOAD ./Drivers/STM32G4xx_HAL_Driver/Src/stm32g4xx_hal.o
LOAD ./Drivers/STM32G4xx_HAL_Driver/Src/stm32g4xx_hal_cortex.o
LOAD ./Drivers/STM32G4xx_HAL_Driver/Src/stm32g4xx_hal_dma.o
LOAD ./Drivers/STM32G4xx_HAL_Driver/Src/stm32g4xx_hal_dma_ex.o
LOAD ./Drivers/STM32G4xx_HAL_Driver/Src/stm32g4xx_hal_exti.o
LOAD ./Drivers/STM32G4xx_HAL_Driver/Src/stm32g4xx_hal_flash.o
LOAD ./Drivers/STM32G4xx_HAL_Driver/Src/stm32g4xx_hal_flash_ex.o
LOAD ./Drivers/STM32G4xx_HAL_Driver/Src/stm32g4xx_hal_flash_ramfunc.o
LOAD ./Drivers/STM32G4xx_HAL_Driver/Src/stm32g4xx_hal_gpio.o
LOAD ./Drivers/STM32G4xx_HAL_Driver/Src/stm32g4xx_hal_pcd.o
LOAD ./Drivers/STM32G4xx_HAL_Driver/Src/stm32g4xx_hal_pcd_ex.o
LOAD ./Drivers/STM32G4xx_HAL_Driver/Src/stm32g4xx_hal_pwr.o
LOAD ./Drivers/STM32G4xx_HAL_Driver/Src/stm32g4xx_hal_pwr_ex.o
LOAD ./Drivers/STM32G4xx_HAL_Driver/Src/stm32g4xx_hal_rcc.o
LOAD ./Drivers/STM32G4xx_HAL_Driver/Src/stm32g4xx_hal_rcc_ex.o
LOAD ./Drivers/STM32G4xx_HAL_Driver/Src/stm32g4xx_hal_tim.o
LOAD ./Drivers/STM32G4xx_HAL_Driver/Src/stm32g4xx_hal_tim_ex.o
LOAD ./Drivers/STM32G4xx_HAL_Driver/Src/stm32g4xx_hal_uart.o
LOAD ./Drivers/STM32G4xx_HAL_Driver/Src/stm32g4xx_hal_uart_ex.o
LOAD ./Drivers/STM32G4xx_HAL_Driver/Src/stm32g4xx_ll_usb.o
LOAD ./Middlewares/ST/STM32_USB_Device_Library/Class/CDC/Src/usbd_cdc.o
LOAD ./Middlewares/ST/STM32_USB_Device_Library/Core/Src/usbd_core.o
LOAD ./Middlewares/ST/STM32_USB_Device_Library/Core/Src/usbd_ctlreq.o
LOAD ./Middlewares/ST/STM32_USB_Device_Library/Core/Src/usbd_ioreq.o
LOAD ./USB_Device/App/usb_device.o
LOAD ./USB_Device/App/usbd_cdc_if.o
LOAD ./USB_Device/App/usbd_desc.o
LOAD ./USB_Device/Target/usbd_conf.o
LOAD ./open-LIN-c/implementation/ST32/open_lin_hw_st32.o
LOAD ./open-LIN-c/open_lin_data_layer.o
LOAD ./open-LIN-c/open_lin_master_data_layer.o
LOAD ./open-LIN-c/open_lin_network_layer.o
LOAD ./open-LIN-c/open_lin_slave_data_layer.o
LOAD ./open-LIN-c/open_lin_transport_layer.o
START GROUP
LOAD C:/ST/STM32CubeIDE_1.16.0/STM32CubeIDE/plugins/com.st.stm32cube.ide.mcu.externaltools.gnu-tools-for-stm32.12.3.rel1.win32_1.0.200.202406191623/tools/bin/../lib/gcc/arm-none-eabi/12.3.1/../../../../arm-none-eabi/lib/thumb/v7e-m+fp/hard\libc_nano.a
LOAD C:/ST/STM32CubeIDE_1.16.0/STM32CubeIDE/plugins/com.st.stm32cube.ide.mcu.externaltools.gnu-tools-for-stm32.12.3.rel1.win32_1.0.200.202406191623/tools/bin/../lib/gcc/arm-none-eabi/12.3.1/../../../../arm-none-eabi/lib/thumb/v7e-m+fp/hard\libm.a
END GROUP
START GROUP
LOAD C:/ST/STM32CubeIDE_1.16.0/STM32CubeIDE/plugins/com.st.stm32cube.ide.mcu.externaltools.gnu-tools-for-stm32.12.3.rel1.win32_1.0.200.202406191623/tools/bin/../lib/gcc/arm-none-eabi/12.3.1/thumb/v7e-m+fp/hard\libgcc.a
LOAD C:/ST/STM32CubeIDE_1.16.0/STM32CubeIDE/plugins/com.st.stm32cube.ide.mcu.externaltools.gnu-tools-for-stm32.12.3.rel1.win32_1.0.200.202406191623/tools/bin/../lib/gcc/arm-none-eabi/12.3.1/../../../../arm-none-eabi/lib/thumb/v7e-m+fp/hard\libc_nano.a
END GROUP
START GROUP
LOAD C:/ST/STM32CubeIDE_1.16.0/STM32CubeIDE/plugins/com.st.stm32cube.ide.mcu.externaltools.gnu-tools-for-stm32.12.3.rel1.win32_1.0.200.202406191623/tools/bin/../lib/gcc/arm-none-eabi/12.3.1/thumb/v7e-m+fp/hard\libgcc.a
LOAD C:/ST/STM32CubeIDE_1.16.0/STM32CubeIDE/plugins/com.st.stm32cube.ide.mcu.externaltools.gnu-tools-for-stm32.12.3.rel1.win32_1.0.200.202406191623/tools/bin/../lib/gcc/arm-none-eabi/12.3.1/../../../../arm-none-eabi/lib/thumb/v7e-m+fp/hard\libc_nano.a
LOAD C:/ST/STM32CubeIDE_1.16.0/STM32CubeIDE/plugins/com.st.stm32cube.ide.mcu.externaltools.gnu-tools-for-stm32.12.3.rel1.win32_1.0.200.202406191623/tools/bin/../lib/gcc/arm-none-eabi/12.3.1/../../../../arm-none-eabi/lib/thumb/v7e-m+fp/hard\libnosys.a
END GROUP
START GROUP
LOAD C:/ST/STM32CubeIDE_1.16.0/STM32CubeIDE/plugins/com.st.stm32cube.ide.mcu.externaltools.gnu-tools-for-stm32.12.3.rel1.win32_1.0.200.202406191623/tools/bin/../lib/gcc/arm-none-eabi/12.3.1/thumb/v7e-m+fp/hard\libgcc.a
LOAD C:/ST/STM32CubeIDE_1.16.0/STM32CubeIDE/plugins/com.st.stm32cube.ide.mcu.externaltools.gnu-tools-for-stm32.12.3.rel1.win32_1.0.200.202406191623/tools/bin/../lib/gcc/arm-none-eabi/12.3.1/../../../../arm-none-eabi/lib/thumb/v7e-m+fp/hard\libc_nano.a
LOAD C:/ST/STM32CubeIDE_1.16.0/STM32CubeIDE/plugins/com.st.stm32cube.ide.mcu.externaltools.gnu-tools-for-stm32.12.3.rel1.win32_1.0.200.202406191623/tools/bin/../lib/gcc/arm-none-eabi/12.3.1/../../../../arm-none-eabi/lib/thumb/v7e-m+fp/hard\libnosys.a
END GROUP
LOAD C:/ST/STM32CubeIDE_1.16.0/STM32CubeIDE/plugins/com.st.stm32cube.ide.mcu.externaltools.gnu-tools-for-stm32.12.3.rel1.win32_1.0.200.202406191623/tools/bin/../lib/gcc/arm-none-eabi/12.3.1/thumb/v7e-m+fp/hard/crtend.o
LOAD C:/ST/STM32CubeIDE_1.16.0/STM32CubeIDE/plugins/com.st.stm32cube.ide.mcu.externaltools.gnu-tools-for-stm32.12.3.rel1.win32_1.0.200.202406191623/tools/bin/../lib/gcc/arm-none-eabi/12.3.1/thumb/v7e-m+fp/hard/crtn.o
                0x20008000                        _estack = (ORIGIN (RAM) + LENGTH (RAM))
                0x00000200                        _Min_Heap_Size = 0x200
                0x00000800                        _Min_Stack_Size = 0x800

.isr_vector     0x08000000      0x1d8
                0x08000000                        . = ALIGN (0x4)
 *(.isr_vector)
 .isr_vector    0x08000000      0x1d8 ./Core/Startup/startup_stm32g431kbtx.o
                0x08000000                g_pfnVectors
                0x080001d8                        . = ALIGN (0x4)

.text           0x080001d8     0xc80c
                0x080001d8                        . = ALIGN (0x4)
 *(.text)
 .text          0x080001d8       0x40 C:/ST/STM32CubeIDE_1.16.0/STM32CubeIDE/plugins/com.st.stm32cube.ide.mcu.externaltools.gnu-tools-for-stm32.12.3.rel1.win32_1.0.200.202406191623/tools/bin/../lib/gcc/arm-none-eabi/12.3.1/thumb/v7e-m+fp/hard/crtbegin.o
 .text          0x08000218       0x30 C:/ST/STM32CubeIDE_1.16.0/STM32CubeIDE/plugins/com.st.stm32cube.ide.mcu.externaltools.gnu-tools-for-stm32.12.3.rel1.win32_1.0.200.202406191623/tools/bin/../lib/gcc/arm-none-eabi/12.3.1/thumb/v7e-m+fp/hard\libgcc.a(_aeabi_uldivmod.o)
                0x08000218                __aeabi_uldivmod
 .text          0x08000248      0x2bc C:/ST/STM32CubeIDE_1.16.0/STM32CubeIDE/plugins/com.st.stm32cube.ide.mcu.externaltools.gnu-tools-for-stm32.12.3.rel1.win32_1.0.200.202406191623/tools/bin/../lib/gcc/arm-none-eabi/12.3.1/thumb/v7e-m+fp/hard\libgcc.a(_udivmoddi4.o)
                0x08000248                __udivmoddi4
 .text          0x08000504        0x4 C:/ST/STM32CubeIDE_1.16.0/STM32CubeIDE/plugins/com.st.stm32cube.ide.mcu.externaltools.gnu-tools-for-stm32.12.3.rel1.win32_1.0.200.202406191623/tools/bin/../lib/gcc/arm-none-eabi/12.3.1/thumb/v7e-m+fp/hard\libgcc.a(_dvmd_tls.o)
                0x08000504                __aeabi_idiv0
                0x08000504                __aeabi_ldiv0
 *(.text*)
 .text.RebootToBootloader
                0x08000508        0xe ./BSP/Src/bootloader.o
                0x08000508                RebootToBootloader
 .text.bootloaderSwitcher
                0x08000516        0xe ./BSP/Src/bootloader.o
                0x08000516                bootloaderSwitcher
 .text.toggleStatusLed
                0x08000524       0x14 ./BSP/Src/led.o
                0x08000524                toggleStatusLed
 .text.setLinkLed
                0x08000538       0x28 ./BSP/Src/led.o
                0x08000538                setLinkLed
 .text.slcan_get_master_table_row
                0x08000560       0x6c ./BSP/Src/lin_slcan.o
                0x08000560                slcan_get_master_table_row
 .text.addLinMasterRow
                0x080005cc      0x224 ./BSP/Src/lin_slcan.o
                0x080005cc                addLinMasterRow
 .text.lin_slcan_reset
                0x080007f0       0x2c ./BSP/Src/lin_slcan.o
                0x080007f0                lin_slcan_reset
 .text.lin_slcan_rx_handler
                0x0800081c       0x38 ./BSP/Src/lin_slcan.o
                0x0800081c                lin_slcan_rx_handler
 .text.open_lin_on_rx_frame
                0x08000854       0x16 ./BSP/Src/lin_slcan.o
                0x08000854                open_lin_on_rx_frame
 *fill*         0x0800086a        0x2 
 .text.lin_slcan_rx_timeout_handler
                0x0800086c       0x74 ./BSP/Src/lin_slcan.o
                0x0800086c                lin_slcan_rx_timeout_handler
 .text.lin_slcan_skip_header_reception
                0x080008e0       0x48 ./BSP/Src/lin_slcan.o
                0x080008e0                lin_slcan_skip_header_reception
 .text.lin_slcan_rx
                0x08000928      0x118 ./BSP/Src/lin_slcan.o
                0x08000928                lin_slcan_rx
 .text.slcanSetOutputChar
                0x08000a40       0x40 ./BSP/Src/slcan.o
 .text.slCanSendNibble
                0x08000a80       0x30 ./BSP/Src/slcan.o
 .text.slcanSetOutputAsHex
                0x08000ab0       0x2c ./BSP/Src/slcan.o
 .text.slcanOutputFlush
                0x08000adc       0x40 ./BSP/Src/slcan.o
 .text.slCanHandler
                0x08000b1c       0x48 ./BSP/Src/slcan.o
                0x08000b1c                slCanHandler
 .text.slCanProccesInput
                0x08000b64       0x70 ./BSP/Src/slcan.o
                0x08000b64                slCanProccesInput
 .text.parseHex
                0x08000bd4       0xba ./BSP/Src/slcan.o
                0x08000bd4                parseHex
 .text.transmitStd
                0x08000c8e      0x11a ./BSP/Src/slcan.o
 .text.USART1_UART_Init
                0x08000da8       0x80 ./BSP/Src/slcan.o
                0x08000da8                USART1_UART_Init
 .text.slCanCheckCommand
                0x08000e28      0x4b8 ./BSP/Src/slcan.o
                0x08000e28                slCanCheckCommand
 .text.slcanReciveCanFrame
                0x080012e0       0x7c ./BSP/Src/slcan.o
                0x080012e0                slcanReciveCanFrame
 .text.millis   0x0800135c        0xe ./BSP/Src/util.o
                0x0800135c                millis
 *fill*         0x0800136a        0x2 
 .text.MX_GPIO_Init
                0x0800136c       0xdc ./Core/Src/gpio.o
                0x0800136c                MX_GPIO_Init
 .text.main     0x08001448       0x60 ./Core/Src/main.o
                0x08001448                main
 .text.SystemClock_Config
                0x080014a8       0x96 ./Core/Src/main.o
                0x080014a8                SystemClock_Config
 *fill*         0x0800153e        0x2 
 .text.HAL_UART_RxCpltCallback
                0x08001540       0x60 ./Core/Src/main.o
                0x08001540                HAL_UART_RxCpltCallback
 .text.HAL_UART_ErrorCallback
                0x080015a0       0x14 ./Core/Src/main.o
                0x080015a0                HAL_UART_ErrorCallback
 .text.HAL_TIM_PeriodElapsedCallback
                0x080015b4       0x24 ./Core/Src/main.o
                0x080015b4                HAL_TIM_PeriodElapsedCallback
 .text.Error_Handler
                0x080015d8        0xc ./Core/Src/main.o
                0x080015d8                Error_Handler
 .text.HAL_MspInit
                0x080015e4       0x48 ./Core/Src/stm32g4xx_hal_msp.o
                0x080015e4                HAL_MspInit
 .text.HAL_InitTick
                0x0800162c       0xd8 ./Core/Src/stm32g4xx_hal_timebase_tim.o
                0x0800162c                HAL_InitTick
 .text.NMI_Handler
                0x08001704        0x8 ./Core/Src/stm32g4xx_it.o
                0x08001704                NMI_Handler
 .text.HardFault_Handler
                0x0800170c        0x8 ./Core/Src/stm32g4xx_it.o
                0x0800170c                HardFault_Handler
 .text.MemManage_Handler
                0x08001714        0x8 ./Core/Src/stm32g4xx_it.o
                0x08001714                MemManage_Handler
 .text.BusFault_Handler
                0x0800171c        0x8 ./Core/Src/stm32g4xx_it.o
                0x0800171c                BusFault_Handler
 .text.UsageFault_Handler
                0x08001724        0x8 ./Core/Src/stm32g4xx_it.o
                0x08001724                UsageFault_Handler
 .text.SVC_Handler
                0x0800172c        0xe ./Core/Src/stm32g4xx_it.o
                0x0800172c                SVC_Handler
 .text.DebugMon_Handler
                0x0800173a        0xe ./Core/Src/stm32g4xx_it.o
                0x0800173a                DebugMon_Handler
 .text.PendSV_Handler
                0x08001748        0xe ./Core/Src/stm32g4xx_it.o
                0x08001748                PendSV_Handler
 .text.SysTick_Handler
                0x08001756        0xe ./Core/Src/stm32g4xx_it.o
                0x08001756                SysTick_Handler
 .text.USB_LP_IRQHandler
                0x08001764       0x14 ./Core/Src/stm32g4xx_it.o
                0x08001764                USB_LP_IRQHandler
 .text.TIM1_UP_TIM16_IRQHandler
                0x08001778       0x38 ./Core/Src/stm32g4xx_it.o
                0x08001778                TIM1_UP_TIM16_IRQHandler
 .text.USART1_IRQHandler
                0x080017b0       0x14 ./Core/Src/stm32g4xx_it.o
                0x080017b0                USART1_IRQHandler
 .text.USART2_IRQHandler
                0x080017c4       0x14 ./Core/Src/stm32g4xx_it.o
                0x080017c4                USART2_IRQHandler
 .text.SystemInit
                0x080017d8       0x24 ./Core/Src/system_stm32g4xx.o
                0x080017d8                SystemInit
 .text.MX_USART1_UART_Init
                0x080017fc       0xa4 ./Core/Src/usart.o
                0x080017fc                MX_USART1_UART_Init
 .text.MX_USART2_UART_Init
                0x080018a0       0x98 ./Core/Src/usart.o
                0x080018a0                MX_USART2_UART_Init
 .text.HAL_UART_MspInit
                0x08001938      0x18c ./Core/Src/usart.o
                0x08001938                HAL_UART_MspInit
 .text.Reset_Handler
                0x08001ac4       0x50 ./Core/Startup/startup_stm32g431kbtx.o
                0x08001ac4                Reset_Handler
 .text.Default_Handler
                0x08001b14        0x2 ./Core/Startup/startup_stm32g431kbtx.o
                0x08001b14                RTC_Alarm_IRQHandler
                0x08001b14                EXTI2_IRQHandler
                0x08001b14                TIM8_TRG_COM_IRQHandler
                0x08001b14                TIM8_CC_IRQHandler
                0x08001b14                TIM1_CC_IRQHandler
                0x08001b14                USB_HP_IRQHandler
                0x08001b14                CORDIC_IRQHandler
                0x08001b14                EXTI3_IRQHandler
                0x08001b14                I2C3_ER_IRQHandler
                0x08001b14                EXTI0_IRQHandler
                0x08001b14                I2C2_EV_IRQHandler
                0x08001b14                FPU_IRQHandler
                0x08001b14                FDCAN1_IT1_IRQHandler
                0x08001b14                ADC1_2_IRQHandler
                0x08001b14                SPI1_IRQHandler
                0x08001b14                TIM6_DAC_IRQHandler
                0x08001b14                TIM8_UP_IRQHandler
                0x08001b14                DMA2_Channel2_IRQHandler
                0x08001b14                DMA1_Channel4_IRQHandler
                0x08001b14                USART3_IRQHandler
                0x08001b14                TIM4_IRQHandler
                0x08001b14                DMA2_Channel1_IRQHandler
                0x08001b14                I2C1_EV_IRQHandler
                0x08001b14                DMA1_Channel6_IRQHandler
                0x08001b14                UART4_IRQHandler
                0x08001b14                DMA2_Channel4_IRQHandler
                0x08001b14                TIM3_IRQHandler
                0x08001b14                RCC_IRQHandler
                0x08001b14                DMA1_Channel1_IRQHandler
                0x08001b14                Default_Handler
                0x08001b14                RTC_TAMP_LSECSS_IRQHandler
                0x08001b14                FMAC_IRQHandler
                0x08001b14                EXTI15_10_IRQHandler
                0x08001b14                TIM7_IRQHandler
                0x08001b14                UCPD1_IRQHandler
                0x08001b14                I2C3_EV_IRQHandler
                0x08001b14                EXTI9_5_IRQHandler
                0x08001b14                RTC_WKUP_IRQHandler
                0x08001b14                PVD_PVM_IRQHandler
                0x08001b14                SPI2_IRQHandler
                0x08001b14                DMA2_Channel5_IRQHandler
                0x08001b14                CRS_IRQHandler
                0x08001b14                DMA1_Channel5_IRQHandler
                0x08001b14                EXTI4_IRQHandler
                0x08001b14                RNG_IRQHandler
                0x08001b14                TIM1_TRG_COM_TIM17_IRQHandler
                0x08001b14                DMA1_Channel3_IRQHandler
                0x08001b14                WWDG_IRQHandler
                0x08001b14                LPUART1_IRQHandler
                0x08001b14                DMA2_Channel6_IRQHandler
                0x08001b14                FDCAN1_IT0_IRQHandler
                0x08001b14                TIM2_IRQHandler
                0x08001b14                COMP1_2_3_IRQHandler
                0x08001b14                EXTI1_IRQHandler
                0x08001b14                I2C2_ER_IRQHandler
                0x08001b14                DMA1_Channel2_IRQHandler
                0x08001b14                TIM8_BRK_IRQHandler
                0x08001b14                FLASH_IRQHandler
                0x08001b14                SPI3_IRQHandler
                0x08001b14                I2C1_ER_IRQHandler
                0x08001b14                LPTIM1_IRQHandler
                0x08001b14                DMAMUX_OVR_IRQHandler
                0x08001b14                USBWakeUp_IRQHandler
                0x08001b14                SAI1_IRQHandler
                0x08001b14                DMA2_Channel3_IRQHandler
                0x08001b14                COMP4_IRQHandler
                0x08001b14                TIM1_BRK_TIM15_IRQHandler
 .text.HAL_Init
                0x08001b16       0x30 ./Drivers/STM32G4xx_HAL_Driver/Src/stm32g4xx_hal.o
                0x08001b16                HAL_Init
 *fill*         0x08001b46        0x2 
 .text.HAL_IncTick
                0x08001b48       0x24 ./Drivers/STM32G4xx_HAL_Driver/Src/stm32g4xx_hal.o
                0x08001b48                HAL_IncTick
 .text.HAL_GetTick
                0x08001b6c       0x18 ./Drivers/STM32G4xx_HAL_Driver/Src/stm32g4xx_hal.o
                0x08001b6c                HAL_GetTick
 .text.__NVIC_SetPriorityGrouping
                0x08001b84       0x48 ./Drivers/STM32G4xx_HAL_Driver/Src/stm32g4xx_hal_cortex.o
 .text.__NVIC_GetPriorityGrouping
                0x08001bcc       0x1c ./Drivers/STM32G4xx_HAL_Driver/Src/stm32g4xx_hal_cortex.o
 .text.__NVIC_EnableIRQ
                0x08001be8       0x3c ./Drivers/STM32G4xx_HAL_Driver/Src/stm32g4xx_hal_cortex.o
 .text.__NVIC_SetPriority
                0x08001c24       0x54 ./Drivers/STM32G4xx_HAL_Driver/Src/stm32g4xx_hal_cortex.o
 .text.NVIC_EncodePriority
                0x08001c78       0x66 ./Drivers/STM32G4xx_HAL_Driver/Src/stm32g4xx_hal_cortex.o
 .text.HAL_NVIC_SetPriorityGrouping
                0x08001cde       0x16 ./Drivers/STM32G4xx_HAL_Driver/Src/stm32g4xx_hal_cortex.o
                0x08001cde                HAL_NVIC_SetPriorityGrouping
 .text.HAL_NVIC_SetPriority
                0x08001cf4       0x34 ./Drivers/STM32G4xx_HAL_Driver/Src/stm32g4xx_hal_cortex.o
                0x08001cf4                HAL_NVIC_SetPriority
 .text.HAL_NVIC_EnableIRQ
                0x08001d28       0x1c ./Drivers/STM32G4xx_HAL_Driver/Src/stm32g4xx_hal_cortex.o
                0x08001d28                HAL_NVIC_EnableIRQ
 .text.HAL_DMA_Abort
                0x08001d44       0xb2 ./Drivers/STM32G4xx_HAL_Driver/Src/stm32g4xx_hal_dma.o
                0x08001d44                HAL_DMA_Abort
 .text.HAL_DMA_Abort_IT
                0x08001df6       0xce ./Drivers/STM32G4xx_HAL_Driver/Src/stm32g4xx_hal_dma.o
                0x08001df6                HAL_DMA_Abort_IT
 .text.HAL_GPIO_Init
                0x08001ec4      0x304 ./Drivers/STM32G4xx_HAL_Driver/Src/stm32g4xx_hal_gpio.o
                0x08001ec4                HAL_GPIO_Init
 .text.HAL_GPIO_WritePin
                0x080021c8       0x30 ./Drivers/STM32G4xx_HAL_Driver/Src/stm32g4xx_hal_gpio.o
                0x080021c8                HAL_GPIO_WritePin
 .text.HAL_GPIO_TogglePin
                0x080021f8       0x34 ./Drivers/STM32G4xx_HAL_Driver/Src/stm32g4xx_hal_gpio.o
                0x080021f8                HAL_GPIO_TogglePin
 .text.HAL_PCD_Init
                0x0800222c      0x19c ./Drivers/STM32G4xx_HAL_Driver/Src/stm32g4xx_hal_pcd.o
                0x0800222c                HAL_PCD_Init
 .text.HAL_PCD_Start
                0x080023c8       0x44 ./Drivers/STM32G4xx_HAL_Driver/Src/stm32g4xx_hal_pcd.o
                0x080023c8                HAL_PCD_Start
 .text.HAL_PCD_IRQHandler
                0x0800240c      0x24e ./Drivers/STM32G4xx_HAL_Driver/Src/stm32g4xx_hal_pcd.o
                0x0800240c                HAL_PCD_IRQHandler
 .text.HAL_PCD_SetAddress
                0x0800265a       0x48 ./Drivers/STM32G4xx_HAL_Driver/Src/stm32g4xx_hal_pcd.o
                0x0800265a                HAL_PCD_SetAddress
 .text.HAL_PCD_EP_Open
                0x080026a2       0xbe ./Drivers/STM32G4xx_HAL_Driver/Src/stm32g4xx_hal_pcd.o
                0x080026a2                HAL_PCD_EP_Open
 .text.HAL_PCD_EP_Close
                0x08002760       0x90 ./Drivers/STM32G4xx_HAL_Driver/Src/stm32g4xx_hal_pcd.o
                0x08002760                HAL_PCD_EP_Close
 .text.HAL_PCD_EP_Receive
                0x080027f0       0x62 ./Drivers/STM32G4xx_HAL_Driver/Src/stm32g4xx_hal_pcd.o
                0x080027f0                HAL_PCD_EP_Receive
 .text.HAL_PCD_EP_GetRxCount
                0x08002852       0x30 ./Drivers/STM32G4xx_HAL_Driver/Src/stm32g4xx_hal_pcd.o
                0x08002852                HAL_PCD_EP_GetRxCount
 .text.HAL_PCD_EP_Transmit
                0x08002882       0x6e ./Drivers/STM32G4xx_HAL_Driver/Src/stm32g4xx_hal_pcd.o
                0x08002882                HAL_PCD_EP_Transmit
 .text.HAL_PCD_EP_SetStall
                0x080028f0       0xa4 ./Drivers/STM32G4xx_HAL_Driver/Src/stm32g4xx_hal_pcd.o
                0x080028f0                HAL_PCD_EP_SetStall
 .text.HAL_PCD_EP_ClrStall
                0x08002994       0xa8 ./Drivers/STM32G4xx_HAL_Driver/Src/stm32g4xx_hal_pcd.o
                0x08002994                HAL_PCD_EP_ClrStall
 .text.PCD_EP_ISR_Handler
                0x08002a3c      0x782 ./Drivers/STM32G4xx_HAL_Driver/Src/stm32g4xx_hal_pcd.o
 .text.HAL_PCD_EP_DB_Receive
                0x080031be      0x212 ./Drivers/STM32G4xx_HAL_Driver/Src/stm32g4xx_hal_pcd.o
 .text.HAL_PCD_EP_DB_Transmit
                0x080033d0      0x7ec ./Drivers/STM32G4xx_HAL_Driver/Src/stm32g4xx_hal_pcd.o
 .text.HAL_PCDEx_PMAConfig
                0x08003bbc       0x86 ./Drivers/STM32G4xx_HAL_Driver/Src/stm32g4xx_hal_pcd_ex.o
                0x08003bbc                HAL_PCDEx_PMAConfig
 .text.HAL_PCDEx_ActivateLPM
                0x08003c42       0x54 ./Drivers/STM32G4xx_HAL_Driver/Src/stm32g4xx_hal_pcd_ex.o
                0x08003c42                HAL_PCDEx_ActivateLPM
 *fill*         0x08003c96        0x2 
 .text.HAL_PWREx_ControlVoltageScaling
                0x08003c98      0x148 ./Drivers/STM32G4xx_HAL_Driver/Src/stm32g4xx_hal_pwr_ex.o
                0x08003c98                HAL_PWREx_ControlVoltageScaling
 .text.HAL_PWREx_DisableUCPDDeadBattery
                0x08003de0       0x20 ./Drivers/STM32G4xx_HAL_Driver/Src/stm32g4xx_hal_pwr_ex.o
                0x08003de0                HAL_PWREx_DisableUCPDDeadBattery
 .text.HAL_RCC_OscConfig
                0x08003e00      0x624 ./Drivers/STM32G4xx_HAL_Driver/Src/stm32g4xx_hal_rcc.o
                0x08003e00                HAL_RCC_OscConfig
 .text.HAL_RCC_ClockConfig
                0x08004424      0x278 ./Drivers/STM32G4xx_HAL_Driver/Src/stm32g4xx_hal_rcc.o
                0x08004424                HAL_RCC_ClockConfig
 .text.HAL_RCC_GetSysClockFreq
                0x0800469c       0xc4 ./Drivers/STM32G4xx_HAL_Driver/Src/stm32g4xx_hal_rcc.o
                0x0800469c                HAL_RCC_GetSysClockFreq
 .text.HAL_RCC_GetHCLKFreq
                0x08004760       0x18 ./Drivers/STM32G4xx_HAL_Driver/Src/stm32g4xx_hal_rcc.o
                0x08004760                HAL_RCC_GetHCLKFreq
 .text.HAL_RCC_GetPCLK1Freq
                0x08004778       0x2c ./Drivers/STM32G4xx_HAL_Driver/Src/stm32g4xx_hal_rcc.o
                0x08004778                HAL_RCC_GetPCLK1Freq
 .text.HAL_RCC_GetPCLK2Freq
                0x080047a4       0x2c ./Drivers/STM32G4xx_HAL_Driver/Src/stm32g4xx_hal_rcc.o
                0x080047a4                HAL_RCC_GetPCLK2Freq
 .text.HAL_RCC_GetClockConfig
                0x080047d0       0x64 ./Drivers/STM32G4xx_HAL_Driver/Src/stm32g4xx_hal_rcc.o
                0x080047d0                HAL_RCC_GetClockConfig
 .text.RCC_GetSysClockFreqFromPLLSource
                0x08004834       0x8c ./Drivers/STM32G4xx_HAL_Driver/Src/stm32g4xx_hal_rcc.o
 .text.HAL_RCCEx_PeriphCLKConfig
                0x080048c0      0x3e0 ./Drivers/STM32G4xx_HAL_Driver/Src/stm32g4xx_hal_rcc_ex.o
                0x080048c0                HAL_RCCEx_PeriphCLKConfig
 .text.HAL_TIM_Base_Init
                0x08004ca0       0xae ./Drivers/STM32G4xx_HAL_Driver/Src/stm32g4xx_hal_tim.o
                0x08004ca0                HAL_TIM_Base_Init
 .text.HAL_TIM_Base_MspInit
                0x08004d4e       0x14 ./Drivers/STM32G4xx_HAL_Driver/Src/stm32g4xx_hal_tim.o
                0x08004d4e                HAL_TIM_Base_MspInit
 *fill*         0x08004d62        0x2 
 .text.HAL_TIM_Base_Start_IT
                0x08004d64       0xd4 ./Drivers/STM32G4xx_HAL_Driver/Src/stm32g4xx_hal_tim.o
                0x08004d64                HAL_TIM_Base_Start_IT
 .text.HAL_TIM_IRQHandler
                0x08004e38      0x29e ./Drivers/STM32G4xx_HAL_Driver/Src/stm32g4xx_hal_tim.o
                0x08004e38                HAL_TIM_IRQHandler
 .text.HAL_TIM_OC_DelayElapsedCallback
                0x080050d6       0x14 ./Drivers/STM32G4xx_HAL_Driver/Src/stm32g4xx_hal_tim.o
                0x080050d6                HAL_TIM_OC_DelayElapsedCallback
 .text.HAL_TIM_IC_CaptureCallback
                0x080050ea       0x14 ./Drivers/STM32G4xx_HAL_Driver/Src/stm32g4xx_hal_tim.o
                0x080050ea                HAL_TIM_IC_CaptureCallback
 .text.HAL_TIM_PWM_PulseFinishedCallback
                0x080050fe       0x14 ./Drivers/STM32G4xx_HAL_Driver/Src/stm32g4xx_hal_tim.o
                0x080050fe                HAL_TIM_PWM_PulseFinishedCallback
 .text.HAL_TIM_TriggerCallback
                0x08005112       0x14 ./Drivers/STM32G4xx_HAL_Driver/Src/stm32g4xx_hal_tim.o
                0x08005112                HAL_TIM_TriggerCallback
 *fill*         0x08005126        0x2 
 .text.TIM_Base_SetConfig
                0x08005128      0x138 ./Drivers/STM32G4xx_HAL_Driver/Src/stm32g4xx_hal_tim.o
                0x08005128                TIM_Base_SetConfig
 .text.HAL_TIMEx_CommutCallback
                0x08005260       0x14 ./Drivers/STM32G4xx_HAL_Driver/Src/stm32g4xx_hal_tim_ex.o
                0x08005260                HAL_TIMEx_CommutCallback
 .text.HAL_TIMEx_BreakCallback
                0x08005274       0x14 ./Drivers/STM32G4xx_HAL_Driver/Src/stm32g4xx_hal_tim_ex.o
                0x08005274                HAL_TIMEx_BreakCallback
 .text.HAL_TIMEx_Break2Callback
                0x08005288       0x14 ./Drivers/STM32G4xx_HAL_Driver/Src/stm32g4xx_hal_tim_ex.o
                0x08005288                HAL_TIMEx_Break2Callback
 .text.HAL_TIMEx_EncoderIndexCallback
                0x0800529c       0x14 ./Drivers/STM32G4xx_HAL_Driver/Src/stm32g4xx_hal_tim_ex.o
                0x0800529c                HAL_TIMEx_EncoderIndexCallback
 .text.HAL_TIMEx_DirectionChangeCallback
                0x080052b0       0x14 ./Drivers/STM32G4xx_HAL_Driver/Src/stm32g4xx_hal_tim_ex.o
                0x080052b0                HAL_TIMEx_DirectionChangeCallback
 .text.HAL_TIMEx_IndexErrorCallback
                0x080052c4       0x14 ./Drivers/STM32G4xx_HAL_Driver/Src/stm32g4xx_hal_tim_ex.o
                0x080052c4                HAL_TIMEx_IndexErrorCallback
 .text.HAL_TIMEx_TransitionErrorCallback
                0x080052d8       0x14 ./Drivers/STM32G4xx_HAL_Driver/Src/stm32g4xx_hal_tim_ex.o
                0x080052d8                HAL_TIMEx_TransitionErrorCallback
 .text.HAL_UART_Init
                0x080052ec       0xa0 ./Drivers/STM32G4xx_HAL_Driver/Src/stm32g4xx_hal_uart.o
                0x080052ec                HAL_UART_Init
 .text.HAL_LIN_Init
                0x0800538c       0xe0 ./Drivers/STM32G4xx_HAL_Driver/Src/stm32g4xx_hal_uart.o
                0x0800538c                HAL_LIN_Init
 .text.HAL_UART_Transmit
                0x0800546c      0x11c ./Drivers/STM32G4xx_HAL_Driver/Src/stm32g4xx_hal_uart.o
                0x0800546c                HAL_UART_Transmit
 .text.HAL_UART_Receive_IT
                0x08005588       0x98 ./Drivers/STM32G4xx_HAL_Driver/Src/stm32g4xx_hal_uart.o
                0x08005588                HAL_UART_Receive_IT
 .text.HAL_UART_IRQHandler
                0x08005620      0x684 ./Drivers/STM32G4xx_HAL_Driver/Src/stm32g4xx_hal_uart.o
                0x08005620                HAL_UART_IRQHandler
 .text.HAL_UART_TxCpltCallback
                0x08005ca4       0x14 ./Drivers/STM32G4xx_HAL_Driver/Src/stm32g4xx_hal_uart.o
                0x08005ca4                HAL_UART_TxCpltCallback
 .text.HAL_UARTEx_RxEventCallback
                0x08005cb8       0x18 ./Drivers/STM32G4xx_HAL_Driver/Src/stm32g4xx_hal_uart.o
                0x08005cb8                HAL_UARTEx_RxEventCallback
 .text.HAL_LIN_SendBreak
                0x08005cd0       0x54 ./Drivers/STM32G4xx_HAL_Driver/Src/stm32g4xx_hal_uart.o
                0x08005cd0                HAL_LIN_SendBreak
 .text.UART_SetConfig
                0x08005d24      0x598 ./Drivers/STM32G4xx_HAL_Driver/Src/stm32g4xx_hal_uart.o
                0x08005d24                UART_SetConfig
 .text.UART_AdvFeatureConfig
                0x080062bc      0x144 ./Drivers/STM32G4xx_HAL_Driver/Src/stm32g4xx_hal_uart.o
                0x080062bc                UART_AdvFeatureConfig
 .text.UART_CheckIdleState
                0x08006400      0x154 ./Drivers/STM32G4xx_HAL_Driver/Src/stm32g4xx_hal_uart.o
                0x08006400                UART_CheckIdleState
 .text.UART_WaitOnFlagUntilTimeout
                0x08006554       0xda ./Drivers/STM32G4xx_HAL_Driver/Src/stm32g4xx_hal_uart.o
                0x08006554                UART_WaitOnFlagUntilTimeout
 *fill*         0x0800662e        0x2 
 .text.UART_Start_Receive_IT
                0x08006630      0x244 ./Drivers/STM32G4xx_HAL_Driver/Src/stm32g4xx_hal_uart.o
                0x08006630                UART_Start_Receive_IT
 .text.UART_EndRxTransfer
                0x08006874       0xcc ./Drivers/STM32G4xx_HAL_Driver/Src/stm32g4xx_hal_uart.o
 .text.UART_DMAAbortOnError
                0x08006940       0x2c ./Drivers/STM32G4xx_HAL_Driver/Src/stm32g4xx_hal_uart.o
 .text.UART_EndTransmit_IT
                0x0800696c       0x56 ./Drivers/STM32G4xx_HAL_Driver/Src/stm32g4xx_hal_uart.o
 *fill*         0x080069c2        0x2 
 .text.UART_RxISR_8BIT
                0x080069c4      0x1b8 ./Drivers/STM32G4xx_HAL_Driver/Src/stm32g4xx_hal_uart.o
 .text.UART_RxISR_16BIT
                0x08006b7c      0x1b8 ./Drivers/STM32G4xx_HAL_Driver/Src/stm32g4xx_hal_uart.o
 .text.UART_RxISR_8BIT_FIFOEN
                0x08006d34      0x364 ./Drivers/STM32G4xx_HAL_Driver/Src/stm32g4xx_hal_uart.o
 .text.UART_RxISR_16BIT_FIFOEN
                0x08007098      0x36c ./Drivers/STM32G4xx_HAL_Driver/Src/stm32g4xx_hal_uart.o
 .text.HAL_UARTEx_WakeupCallback
                0x08007404       0x14 ./Drivers/STM32G4xx_HAL_Driver/Src/stm32g4xx_hal_uart_ex.o
                0x08007404                HAL_UARTEx_WakeupCallback
 .text.HAL_UARTEx_RxFifoFullCallback
                0x08007418       0x14 ./Drivers/STM32G4xx_HAL_Driver/Src/stm32g4xx_hal_uart_ex.o
                0x08007418                HAL_UARTEx_RxFifoFullCallback
 .text.HAL_UARTEx_TxFifoEmptyCallback
                0x0800742c       0x14 ./Drivers/STM32G4xx_HAL_Driver/Src/stm32g4xx_hal_uart_ex.o
                0x0800742c                HAL_UARTEx_TxFifoEmptyCallback
 .text.HAL_UARTEx_DisableFifoMode
                0x08007440       0x72 ./Drivers/STM32G4xx_HAL_Driver/Src/stm32g4xx_hal_uart_ex.o
                0x08007440                HAL_UARTEx_DisableFifoMode
 .text.HAL_UARTEx_SetTxFifoThreshold
                0x080074b2       0x7c ./Drivers/STM32G4xx_HAL_Driver/Src/stm32g4xx_hal_uart_ex.o
                0x080074b2                HAL_UARTEx_SetTxFifoThreshold
 .text.HAL_UARTEx_SetRxFifoThreshold
                0x0800752e       0x7c ./Drivers/STM32G4xx_HAL_Driver/Src/stm32g4xx_hal_uart_ex.o
                0x0800752e                HAL_UARTEx_SetRxFifoThreshold
 *fill*         0x080075aa        0x2 
 .text.UARTEx_SetNbDataToProcess
                0x080075ac       0x9c ./Drivers/STM32G4xx_HAL_Driver/Src/stm32g4xx_hal_uart_ex.o
 .text.USB_EnableGlobalInt
                0x08007648       0x2e ./Drivers/STM32G4xx_HAL_Driver/Src/stm32g4xx_ll_usb.o
                0x08007648                USB_EnableGlobalInt
 .text.USB_DisableGlobalInt
                0x08007676       0x36 ./Drivers/STM32G4xx_HAL_Driver/Src/stm32g4xx_ll_usb.o
                0x08007676                USB_DisableGlobalInt
 .text.USB_DevInit
                0x080076ac       0x3c ./Drivers/STM32G4xx_HAL_Driver/Src/stm32g4xx_ll_usb.o
                0x080076ac                USB_DevInit
 .text.USB_ActivateEndpoint
                0x080076e8      0x788 ./Drivers/STM32G4xx_HAL_Driver/Src/stm32g4xx_ll_usb.o
                0x080076e8                USB_ActivateEndpoint
 .text.USB_DeactivateEndpoint
                0x08007e70      0x3da ./Drivers/STM32G4xx_HAL_Driver/Src/stm32g4xx_ll_usb.o
                0x08007e70                USB_DeactivateEndpoint
 .text.USB_EPStartXfer
                0x0800824a     0x1764 ./Drivers/STM32G4xx_HAL_Driver/Src/stm32g4xx_ll_usb.o
                0x0800824a                USB_EPStartXfer
 .text.USB_EPSetStall
                0x080099ae       0xa2 ./Drivers/STM32G4xx_HAL_Driver/Src/stm32g4xx_ll_usb.o
                0x080099ae                USB_EPSetStall
 .text.USB_EPClearStall
                0x08009a50      0x15c ./Drivers/STM32G4xx_HAL_Driver/Src/stm32g4xx_ll_usb.o
                0x08009a50                USB_EPClearStall
 .text.USB_SetDevAddress
                0x08009bac       0x28 ./Drivers/STM32G4xx_HAL_Driver/Src/stm32g4xx_ll_usb.o
                0x08009bac                USB_SetDevAddress
 .text.USB_DevConnect
                0x08009bd4       0x2e ./Drivers/STM32G4xx_HAL_Driver/Src/stm32g4xx_ll_usb.o
                0x08009bd4                USB_DevConnect
 .text.USB_ReadInterrupts
                0x08009c02       0x20 ./Drivers/STM32G4xx_HAL_Driver/Src/stm32g4xx_ll_usb.o
                0x08009c02                USB_ReadInterrupts
 .text.USB_WritePMA
                0x08009c22       0x84 ./Drivers/STM32G4xx_HAL_Driver/Src/stm32g4xx_ll_usb.o
                0x08009c22                USB_WritePMA
 .text.USB_ReadPMA
                0x08009ca6       0x98 ./Drivers/STM32G4xx_HAL_Driver/Src/stm32g4xx_ll_usb.o
                0x08009ca6                USB_ReadPMA
 .text.USBD_CDC_Init
                0x08009d3e       0xfe ./Middlewares/ST/STM32_USB_Device_Library/Class/CDC/Src/usbd_cdc.o
 .text.USBD_CDC_DeInit
                0x08009e3c       0x74 ./Middlewares/ST/STM32_USB_Device_Library/Class/CDC/Src/usbd_cdc.o
 .text.USBD_CDC_Setup
                0x08009eb0      0x190 ./Middlewares/ST/STM32_USB_Device_Library/Class/CDC/Src/usbd_cdc.o
 .text.USBD_CDC_DataIn
                0x0800a040       0xca ./Middlewares/ST/STM32_USB_Device_Library/Class/CDC/Src/usbd_cdc.o
 .text.USBD_CDC_DataOut
                0x0800a10a       0x56 ./Middlewares/ST/STM32_USB_Device_Library/Class/CDC/Src/usbd_cdc.o
 .text.USBD_CDC_EP0_RxReady
                0x0800a160       0x58 ./Middlewares/ST/STM32_USB_Device_Library/Class/CDC/Src/usbd_cdc.o
 .text.USBD_CDC_GetFSCfgDesc
                0x0800a1b8       0x20 ./Middlewares/ST/STM32_USB_Device_Library/Class/CDC/Src/usbd_cdc.o
 .text.USBD_CDC_GetHSCfgDesc
                0x0800a1d8       0x20 ./Middlewares/ST/STM32_USB_Device_Library/Class/CDC/Src/usbd_cdc.o
 .text.USBD_CDC_GetOtherSpeedCfgDesc
                0x0800a1f8       0x20 ./Middlewares/ST/STM32_USB_Device_Library/Class/CDC/Src/usbd_cdc.o
 .text.USBD_CDC_GetDeviceQualifierDescriptor
                0x0800a218       0x20 ./Middlewares/ST/STM32_USB_Device_Library/Class/CDC/Src/usbd_cdc.o
                0x0800a218                USBD_CDC_GetDeviceQualifierDescriptor
 .text.USBD_CDC_RegisterInterface
                0x0800a238       0x2a ./Middlewares/ST/STM32_USB_Device_Library/Class/CDC/Src/usbd_cdc.o
                0x0800a238                USBD_CDC_RegisterInterface
 .text.USBD_CDC_SetTxBuffer
                0x0800a262       0x3c ./Middlewares/ST/STM32_USB_Device_Library/Class/CDC/Src/usbd_cdc.o
                0x0800a262                USBD_CDC_SetTxBuffer
 .text.USBD_CDC_SetRxBuffer
                0x0800a29e       0x32 ./Middlewares/ST/STM32_USB_Device_Library/Class/CDC/Src/usbd_cdc.o
                0x0800a29e                USBD_CDC_SetRxBuffer
 .text.USBD_CDC_TransmitPacket
                0x0800a2d0       0x60 ./Middlewares/ST/STM32_USB_Device_Library/Class/CDC/Src/usbd_cdc.o
                0x0800a2d0                USBD_CDC_TransmitPacket
 .text.USBD_CDC_ReceivePacket
                0x0800a330       0x54 ./Middlewares/ST/STM32_USB_Device_Library/Class/CDC/Src/usbd_cdc.o
                0x0800a330                USBD_CDC_ReceivePacket
 .text.USBD_Init
                0x0800a384       0x60 ./Middlewares/ST/STM32_USB_Device_Library/Core/Src/usbd_core.o
                0x0800a384                USBD_Init
 .text.USBD_RegisterClass
                0x0800a3e4       0x4e ./Middlewares/ST/STM32_USB_Device_Library/Core/Src/usbd_core.o
                0x0800a3e4                USBD_RegisterClass
 .text.USBD_Start
                0x0800a432       0x18 ./Middlewares/ST/STM32_USB_Device_Library/Core/Src/usbd_core.o
                0x0800a432                USBD_Start
 .text.USBD_RunTestMode
                0x0800a44a       0x16 ./Middlewares/ST/STM32_USB_Device_Library/Core/Src/usbd_core.o
                0x0800a44a                USBD_RunTestMode
 .text.USBD_SetClassConfig
                0x0800a460       0x38 ./Middlewares/ST/STM32_USB_Device_Library/Core/Src/usbd_core.o
                0x0800a460                USBD_SetClassConfig
 .text.USBD_ClrClassConfig
                0x0800a498       0x30 ./Middlewares/ST/STM32_USB_Device_Library/Core/Src/usbd_core.o
                0x0800a498                USBD_ClrClassConfig
 .text.USBD_LL_SetupStage
                0x0800a4c8       0xaa ./Middlewares/ST/STM32_USB_Device_Library/Core/Src/usbd_core.o
                0x0800a4c8                USBD_LL_SetupStage
 .text.USBD_LL_DataOutStage
                0x0800a572       0xc6 ./Middlewares/ST/STM32_USB_Device_Library/Core/Src/usbd_core.o
                0x0800a572                USBD_LL_DataOutStage
 .text.USBD_LL_DataInStage
                0x0800a638      0x12c ./Middlewares/ST/STM32_USB_Device_Library/Core/Src/usbd_core.o
                0x0800a638                USBD_LL_DataInStage
 .text.USBD_LL_Reset
                0x0800a764       0x9c ./Middlewares/ST/STM32_USB_Device_Library/Core/Src/usbd_core.o
                0x0800a764                USBD_LL_Reset
 .text.USBD_LL_SetSpeed
                0x0800a800       0x20 ./Middlewares/ST/STM32_USB_Device_Library/Core/Src/usbd_core.o
                0x0800a800                USBD_LL_SetSpeed
 .text.USBD_LL_Suspend
                0x0800a820       0x2c ./Middlewares/ST/STM32_USB_Device_Library/Core/Src/usbd_core.o
                0x0800a820                USBD_LL_Suspend
 .text.USBD_LL_Resume
                0x0800a84c       0x30 ./Middlewares/ST/STM32_USB_Device_Library/Core/Src/usbd_core.o
                0x0800a84c                USBD_LL_Resume
 .text.USBD_LL_SOF
                0x0800a87c       0x44 ./Middlewares/ST/STM32_USB_Device_Library/Core/Src/usbd_core.o
                0x0800a87c                USBD_LL_SOF
 .text.SWAPBYTE
                0x0800a8c0       0x3c ./Middlewares/ST/STM32_USB_Device_Library/Core/Src/usbd_ctlreq.o
 .text.USBD_StdDevReq
                0x0800a8fc       0xdc ./Middlewares/ST/STM32_USB_Device_Library/Core/Src/usbd_ctlreq.o
                0x0800a8fc                USBD_StdDevReq
 .text.USBD_StdItfReq
                0x0800a9d8       0x92 ./Middlewares/ST/STM32_USB_Device_Library/Core/Src/usbd_ctlreq.o
                0x0800a9d8                USBD_StdItfReq
 .text.USBD_StdEPReq
                0x0800aa6a      0x2c4 ./Middlewares/ST/STM32_USB_Device_Library/Core/Src/usbd_ctlreq.o
                0x0800aa6a                USBD_StdEPReq
 *fill*         0x0800ad2e        0x2 
 .text.USBD_GetDescriptor
                0x0800ad30      0x328 ./Middlewares/ST/STM32_USB_Device_Library/Core/Src/usbd_ctlreq.o
 .text.USBD_SetAddress
                0x0800b058       0x88 ./Middlewares/ST/STM32_USB_Device_Library/Core/Src/usbd_ctlreq.o
 .text.USBD_SetConfig
                0x0800b0e0      0x14c ./Middlewares/ST/STM32_USB_Device_Library/Core/Src/usbd_ctlreq.o
 .text.USBD_GetConfig
                0x0800b22c       0x6c ./Middlewares/ST/STM32_USB_Device_Library/Core/Src/usbd_ctlreq.o
 .text.USBD_GetStatus
                0x0800b298       0x68 ./Middlewares/ST/STM32_USB_Device_Library/Core/Src/usbd_ctlreq.o
 .text.USBD_SetFeature
                0x0800b300       0x28 ./Middlewares/ST/STM32_USB_Device_Library/Core/Src/usbd_ctlreq.o
 .text.USBD_ClrFeature
                0x0800b328       0x44 ./Middlewares/ST/STM32_USB_Device_Library/Core/Src/usbd_ctlreq.o
 .text.USBD_ParseSetupRequest
                0x0800b36c       0x74 ./Middlewares/ST/STM32_USB_Device_Library/Core/Src/usbd_ctlreq.o
                0x0800b36c                USBD_ParseSetupRequest
 .text.USBD_CtlError
                0x0800b3e0       0x22 ./Middlewares/ST/STM32_USB_Device_Library/Core/Src/usbd_ctlreq.o
                0x0800b3e0                USBD_CtlError
 .text.USBD_GetString
                0x0800b402       0x8c ./Middlewares/ST/STM32_USB_Device_Library/Core/Src/usbd_ctlreq.o
                0x0800b402                USBD_GetString
 .text.USBD_GetLen
                0x0800b48e       0x34 ./Middlewares/ST/STM32_USB_Device_Library/Core/Src/usbd_ctlreq.o
 .text.USBD_CtlSendData
                0x0800b4c2       0x36 ./Middlewares/ST/STM32_USB_Device_Library/Core/Src/usbd_ioreq.o
                0x0800b4c2                USBD_CtlSendData
 .text.USBD_CtlContinueSendData
                0x0800b4f8       0x22 ./Middlewares/ST/STM32_USB_Device_Library/Core/Src/usbd_ioreq.o
                0x0800b4f8                USBD_CtlContinueSendData
 .text.USBD_CtlPrepareRx
                0x0800b51a       0x3a ./Middlewares/ST/STM32_USB_Device_Library/Core/Src/usbd_ioreq.o
                0x0800b51a                USBD_CtlPrepareRx
 .text.USBD_CtlContinueRx
                0x0800b554       0x22 ./Middlewares/ST/STM32_USB_Device_Library/Core/Src/usbd_ioreq.o
                0x0800b554                USBD_CtlContinueRx
 .text.USBD_CtlSendStatus
                0x0800b576       0x26 ./Middlewares/ST/STM32_USB_Device_Library/Core/Src/usbd_ioreq.o
                0x0800b576                USBD_CtlSendStatus
 .text.USBD_CtlReceiveStatus
                0x0800b59c       0x26 ./Middlewares/ST/STM32_USB_Device_Library/Core/Src/usbd_ioreq.o
                0x0800b59c                USBD_CtlReceiveStatus
 *fill*         0x0800b5c2        0x2 
 .text.MX_USB_Device_Init
                0x0800b5c4       0x60 ./USB_Device/App/usb_device.o
                0x0800b5c4                MX_USB_Device_Init
 .text.CDC_Init_FS
                0x0800b624       0x28 ./USB_Device/App/usbd_cdc_if.o
 .text.CDC_DeInit_FS
                0x0800b64c       0x10 ./USB_Device/App/usbd_cdc_if.o
 .text.CDC_Control_FS
                0x0800b65c       0xbc ./USB_Device/App/usbd_cdc_if.o
 .text.CDC_Receive_FS
                0x0800b718       0x4c ./USB_Device/App/usbd_cdc_if.o
 .text.CDC_Transmit_FS
                0x0800b764       0x4c ./USB_Device/App/usbd_cdc_if.o
                0x0800b764                CDC_Transmit_FS
 .text.CDC_TransmitCplt_FS
                0x0800b7b0       0x22 ./USB_Device/App/usbd_cdc_if.o
 *fill*         0x0800b7d2        0x2 
 .text.USBD_CDC_DeviceDescriptor
                0x0800b7d4       0x24 ./USB_Device/App/usbd_desc.o
                0x0800b7d4                USBD_CDC_DeviceDescriptor
 .text.USBD_CDC_LangIDStrDescriptor
                0x0800b7f8       0x24 ./USB_Device/App/usbd_desc.o
                0x0800b7f8                USBD_CDC_LangIDStrDescriptor
 .text.USBD_CDC_ProductStrDescriptor
                0x0800b81c       0x3c ./USB_Device/App/usbd_desc.o
                0x0800b81c                USBD_CDC_ProductStrDescriptor
 .text.USBD_CDC_ManufacturerStrDescriptor
                0x0800b858       0x28 ./USB_Device/App/usbd_desc.o
                0x0800b858                USBD_CDC_ManufacturerStrDescriptor
 .text.USBD_CDC_SerialStrDescriptor
                0x0800b880       0x24 ./USB_Device/App/usbd_desc.o
                0x0800b880                USBD_CDC_SerialStrDescriptor
 .text.USBD_CDC_ConfigStrDescriptor
                0x0800b8a4       0x3c ./USB_Device/App/usbd_desc.o
                0x0800b8a4                USBD_CDC_ConfigStrDescriptor
 .text.USBD_CDC_InterfaceStrDescriptor
                0x0800b8e0       0x3c ./USB_Device/App/usbd_desc.o
                0x0800b8e0                USBD_CDC_InterfaceStrDescriptor
 .text.Get_SerialNum
                0x0800b91c       0x58 ./USB_Device/App/usbd_desc.o
 .text.IntToUnicode
                0x0800b974       0x7e ./USB_Device/App/usbd_desc.o
 *fill*         0x0800b9f2        0x2 
 .text.HAL_PCD_MspInit
                0x0800b9f4       0x78 ./USB_Device/Target/usbd_conf.o
                0x0800b9f4                HAL_PCD_MspInit
 .text.HAL_PCD_SetupStageCallback
                0x0800ba6c       0x24 ./USB_Device/Target/usbd_conf.o
                0x0800ba6c                HAL_PCD_SetupStageCallback
 .text.HAL_PCD_DataOutStageCallback
                0x0800ba90       0x36 ./USB_Device/Target/usbd_conf.o
                0x0800ba90                HAL_PCD_DataOutStageCallback
 .text.HAL_PCD_DataInStageCallback
                0x0800bac6       0x34 ./USB_Device/Target/usbd_conf.o
                0x0800bac6                HAL_PCD_DataInStageCallback
 .text.HAL_PCD_SOFCallback
                0x0800bafa       0x1c ./USB_Device/Target/usbd_conf.o
                0x0800bafa                HAL_PCD_SOFCallback
 .text.HAL_PCD_ResetCallback
                0x0800bb16       0x3c ./USB_Device/Target/usbd_conf.o
                0x0800bb16                HAL_PCD_ResetCallback
 *fill*         0x0800bb52        0x2 
 .text.HAL_PCD_SuspendCallback
                0x0800bb54       0x34 ./USB_Device/Target/usbd_conf.o
                0x0800bb54                HAL_PCD_SuspendCallback
 .text.HAL_PCD_ResumeCallback
                0x0800bb88       0x38 ./USB_Device/Target/usbd_conf.o
                0x0800bb88                HAL_PCD_ResumeCallback
 .text.USBD_LL_Init
                0x0800bbc0       0xc0 ./USB_Device/Target/usbd_conf.o
                0x0800bbc0                USBD_LL_Init
 .text.USBD_LL_Start
                0x0800bc80       0x36 ./USB_Device/Target/usbd_conf.o
                0x0800bc80                USBD_LL_Start
 .text.USBD_LL_OpenEP
                0x0800bcb6       0x4c ./USB_Device/Target/usbd_conf.o
                0x0800bcb6                USBD_LL_OpenEP
 .text.USBD_LL_CloseEP
                0x0800bd02       0x3e ./USB_Device/Target/usbd_conf.o
                0x0800bd02                USBD_LL_CloseEP
 .text.USBD_LL_StallEP
                0x0800bd40       0x3e ./USB_Device/Target/usbd_conf.o
                0x0800bd40                USBD_LL_StallEP
 .text.USBD_LL_ClearStallEP
                0x0800bd7e       0x3e ./USB_Device/Target/usbd_conf.o
                0x0800bd7e                USBD_LL_ClearStallEP
 .text.USBD_LL_IsStallEP
                0x0800bdbc       0x58 ./USB_Device/Target/usbd_conf.o
                0x0800bdbc                USBD_LL_IsStallEP
 .text.USBD_LL_SetUSBAddress
                0x0800be14       0x3e ./USB_Device/Target/usbd_conf.o
                0x0800be14                USBD_LL_SetUSBAddress
 .text.USBD_LL_Transmit
                0x0800be52       0x42 ./USB_Device/Target/usbd_conf.o
                0x0800be52                USBD_LL_Transmit
 .text.USBD_LL_PrepareReceive
                0x0800be94       0x42 ./USB_Device/Target/usbd_conf.o
                0x0800be94                USBD_LL_PrepareReceive
 .text.USBD_LL_GetRxDataSize
                0x0800bed6       0x26 ./USB_Device/Target/usbd_conf.o
                0x0800bed6                USBD_LL_GetRxDataSize
 .text.HAL_PCDEx_LPM_Callback
                0x0800befc       0x6c ./USB_Device/Target/usbd_conf.o
                0x0800befc                HAL_PCDEx_LPM_Callback
 .text.USBD_static_malloc
                0x0800bf68       0x1c ./USB_Device/Target/usbd_conf.o
                0x0800bf68                USBD_static_malloc
 .text.USBD_static_free
                0x0800bf84       0x14 ./USB_Device/Target/usbd_conf.o
                0x0800bf84                USBD_static_free
 .text.SystemClockConfig_Resume
                0x0800bf98        0xc ./USB_Device/Target/usbd_conf.o
 .text.USBD_Get_USB_Status
                0x0800bfa4       0x58 ./USB_Device/Target/usbd_conf.o
 .text.__NVIC_EnableIRQ
                0x0800bffc       0x3c ./open-LIN-c/implementation/ST32/open_lin_hw_st32.o
 .text.open_lin_error_handler
                0x0800c038       0x16 ./open-LIN-c/implementation/ST32/open_lin_hw_st32.o
                0x0800c038                open_lin_error_handler
 *fill*         0x0800c04e        0x2 
 .text.open_lin_hw_check_for_break
                0x0800c050       0x40 ./open-LIN-c/implementation/ST32/open_lin_hw_st32.o
                0x0800c050                open_lin_hw_check_for_break
 .text.open_lin_hw_set_auto_baud
                0x0800c090       0x1c ./open-LIN-c/implementation/ST32/open_lin_hw_st32.o
                0x0800c090                open_lin_hw_set_auto_baud
 .text.open_lin_hw_reset
                0x0800c0ac       0x2c ./open-LIN-c/implementation/ST32/open_lin_hw_st32.o
                0x0800c0ac                open_lin_hw_reset
 .text.open_lin_set_rx_enabled
                0x0800c0d8       0x34 ./open-LIN-c/implementation/ST32/open_lin_hw_st32.o
                0x0800c0d8                open_lin_set_rx_enabled
 .text.open_lin_hw_tx_byte
                0x0800c10c       0x30 ./open-LIN-c/implementation/ST32/open_lin_hw_st32.o
                0x0800c10c                open_lin_hw_tx_byte
 .text.open_lin_hw_tx_break
                0x0800c13c       0x20 ./open-LIN-c/implementation/ST32/open_lin_hw_st32.o
                0x0800c13c                open_lin_hw_tx_break
 .text.open_lin_hw_tx_data
                0x0800c15c       0x34 ./open-LIN-c/implementation/ST32/open_lin_hw_st32.o
                0x0800c15c                open_lin_hw_tx_data
 .text.open_lin_master_dl_rx_callback
                0x0800c190       0x16 ./open-LIN-c/implementation/ST32/open_lin_hw_st32.o
                0x0800c190                open_lin_master_dl_rx_callback
 .text.open_lin_data_layer_parity
                0x0800c1a6       0x92 ./open-LIN-c/open_lin_data_layer.o
                0x0800c1a6                open_lin_data_layer_parity
 .text.open_lin_data_layer_checksum
                0x0800c238       0x80 ./open-LIN-c/open_lin_data_layer.o
                0x0800c238                open_lin_data_layer_checksum
 .text.open_lin_master_goto_idle
                0x0800c2b8       0x3c ./open-LIN-c/open_lin_master_data_layer.o
 .text.open_lin_master_dl_init
                0x0800c2f4       0x30 ./open-LIN-c/open_lin_master_data_layer.o
                0x0800c2f4                open_lin_master_dl_init
 .text.get_current_item
                0x0800c324       0x2c ./open-LIN-c/open_lin_master_data_layer.o
 .text.data_layer_next_item
                0x0800c350       0x3c ./open-LIN-c/open_lin_master_data_layer.o
 .text.open_lin_master_data_tx_header
                0x0800c38c       0x86 ./open-LIN-c/open_lin_master_data_layer.o
                0x0800c38c                open_lin_master_data_tx_header
 .text.open_lin_master_data_tx_data
                0x0800c412       0x92 ./open-LIN-c/open_lin_master_data_layer.o
                0x0800c412                open_lin_master_data_tx_data
 .text.open_lin_master_dl_rx
                0x0800c4a4       0xa0 ./open-LIN-c/open_lin_master_data_layer.o
                0x0800c4a4                open_lin_master_dl_rx
 .text.open_lin_master_dl_handler
                0x0800c544      0x140 ./open-LIN-c/open_lin_master_data_layer.o
                0x0800c544                open_lin_master_dl_handler
 .text.open_lin_net_init
                0x0800c684       0x30 ./open-LIN-c/open_lin_network_layer.o
                0x0800c684                open_lin_net_init
 .text.open_lin_net_get_slot
                0x0800c6b4       0x6c ./open-LIN-c/open_lin_network_layer.o
                0x0800c6b4                open_lin_net_get_slot
 .text.open_lin_net_rx_handler
                0x0800c720       0x22 ./open-LIN-c/open_lin_network_layer.o
                0x0800c720                open_lin_net_rx_handler
 *fill*         0x0800c742        0x2 
 .text.open_lin_slave_set_lin_frame
                0x0800c744       0x58 ./open-LIN-c/open_lin_slave_data_layer.o
 .text.open_lin_slave_reset
                0x0800c79c       0x24 ./open-LIN-c/open_lin_slave_data_layer.o
                0x0800c79c                open_lin_slave_reset
 .text.open_lin_slave_rx_header
                0x0800c7c0      0x198 ./open-LIN-c/open_lin_slave_data_layer.o
                0x0800c7c0                open_lin_slave_rx_header
 .text.memset   0x0800c958       0x10 C:/ST/STM32CubeIDE_1.16.0/STM32CubeIDE/plugins/com.st.stm32cube.ide.mcu.externaltools.gnu-tools-for-stm32.12.3.rel1.win32_1.0.200.202406191623/tools/bin/../lib/gcc/arm-none-eabi/12.3.1/../../../../arm-none-eabi/lib/thumb/v7e-m+fp/hard\libc_nano.a(libc_a-memset.o)
                0x0800c958                memset
 .text.__libc_init_array
                0x0800c968       0x48 C:/ST/STM32CubeIDE_1.16.0/STM32CubeIDE/plugins/com.st.stm32cube.ide.mcu.externaltools.gnu-tools-for-stm32.12.3.rel1.win32_1.0.200.202406191623/tools/bin/../lib/gcc/arm-none-eabi/12.3.1/../../../../arm-none-eabi/lib/thumb/v7e-m+fp/hard\libc_nano.a(libc_a-init.o)
                0x0800c968                __libc_init_array
 .text.memcpy   0x0800c9b0       0x1c C:/ST/STM32CubeIDE_1.16.0/STM32CubeIDE/plugins/com.st.stm32cube.ide.mcu.externaltools.gnu-tools-for-stm32.12.3.rel1.win32_1.0.200.202406191623/tools/bin/../lib/gcc/arm-none-eabi/12.3.1/../../../../arm-none-eabi/lib/thumb/v7e-m+fp/hard\libc_nano.a(libc_a-memcpy-stub.o)
                0x0800c9b0                memcpy
 *(.glue_7)
 .glue_7        0x0800c9cc        0x0 linker stubs
 *(.glue_7t)
 .glue_7t       0x0800c9cc        0x0 linker stubs
 *(.eh_frame)
 .eh_frame      0x0800c9cc        0x0 C:/ST/STM32CubeIDE_1.16.0/STM32CubeIDE/plugins/com.st.stm32cube.ide.mcu.externaltools.gnu-tools-for-stm32.12.3.rel1.win32_1.0.200.202406191623/tools/bin/../lib/gcc/arm-none-eabi/12.3.1/thumb/v7e-m+fp/hard/crtbegin.o
 *(.init)
 .init          0x0800c9cc        0x4 C:/ST/STM32CubeIDE_1.16.0/STM32CubeIDE/plugins/com.st.stm32cube.ide.mcu.externaltools.gnu-tools-for-stm32.12.3.rel1.win32_1.0.200.202406191623/tools/bin/../lib/gcc/arm-none-eabi/12.3.1/thumb/v7e-m+fp/hard/crti.o
                0x0800c9cc                _init
 .init          0x0800c9d0        0x8 C:/ST/STM32CubeIDE_1.16.0/STM32CubeIDE/plugins/com.st.stm32cube.ide.mcu.externaltools.gnu-tools-for-stm32.12.3.rel1.win32_1.0.200.202406191623/tools/bin/../lib/gcc/arm-none-eabi/12.3.1/thumb/v7e-m+fp/hard/crtn.o
 *(.fini)
 .fini          0x0800c9d8        0x4 C:/ST/STM32CubeIDE_1.16.0/STM32CubeIDE/plugins/com.st.stm32cube.ide.mcu.externaltools.gnu-tools-for-stm32.12.3.rel1.win32_1.0.200.202406191623/tools/bin/../lib/gcc/arm-none-eabi/12.3.1/thumb/v7e-m+fp/hard/crti.o
                0x0800c9d8                _fini
 .fini          0x0800c9dc        0x8 C:/ST/STM32CubeIDE_1.16.0/STM32CubeIDE/plugins/com.st.stm32cube.ide.mcu.externaltools.gnu-tools-for-stm32.12.3.rel1.win32_1.0.200.202406191623/tools/bin/../lib/gcc/arm-none-eabi/12.3.1/thumb/v7e-m+fp/hard/crtn.o
                0x0800c9e4                        . = ALIGN (0x4)
                0x0800c9e4                        _etext = .

.vfp11_veneer   0x0800c9e4        0x0
 .vfp11_veneer  0x0800c9e4        0x0 linker stubs

.v4_bx          0x0800c9e4        0x0
 .v4_bx         0x0800c9e4        0x0 linker stubs

.iplt           0x0800c9e4        0x0
 .iplt          0x0800c9e4        0x0 C:/ST/STM32CubeIDE_1.16.0/STM32CubeIDE/plugins/com.st.stm32cube.ide.mcu.externaltools.gnu-tools-for-stm32.12.3.rel1.win32_1.0.200.202406191623/tools/bin/../lib/gcc/arm-none-eabi/12.3.1/thumb/v7e-m+fp/hard/crtbegin.o

.rodata         0x0800c9e4       0x88
                0x0800c9e4                        . = ALIGN (0x4)
 *(.rodata)
 .rodata        0x0800c9e4       0x46 ./USB_Device/App/usbd_desc.o
 *(.rodata*)
 *fill*         0x0800ca2a        0x2 
 .rodata.AHBPrescTable
                0x0800ca2c       0x10 ./Core/Src/system_stm32g4xx.o
                0x0800ca2c                AHBPrescTable
 .rodata.APBPrescTable
                0x0800ca3c        0x8 ./Core/Src/system_stm32g4xx.o
                0x0800ca3c                APBPrescTable
 .rodata.UARTPrescTable
                0x0800ca44       0x18 ./Drivers/STM32G4xx_HAL_Driver/Src/stm32g4xx_hal_uart.o
                0x0800ca44                UARTPrescTable
 .rodata.numerator.1
                0x0800ca5c        0x8 ./Drivers/STM32G4xx_HAL_Driver/Src/stm32g4xx_hal_uart_ex.o
 .rodata.denominator.0
                0x0800ca64        0x8 ./Drivers/STM32G4xx_HAL_Driver/Src/stm32g4xx_hal_uart_ex.o
                0x0800ca6c                        . = ALIGN (0x4)

.ARM.extab      0x0800ca6c        0x0
                0x0800ca6c                        . = ALIGN (0x4)
 *(.ARM.extab* .gnu.linkonce.armextab.*)
                0x0800ca6c                        . = ALIGN (0x4)

.ARM            0x0800ca6c        0x8
                0x0800ca6c                        . = ALIGN (0x4)
                0x0800ca6c                        __exidx_start = .
 *(.ARM.exidx*)
 .ARM.exidx     0x0800ca6c        0x8 C:/ST/STM32CubeIDE_1.16.0/STM32CubeIDE/plugins/com.st.stm32cube.ide.mcu.externaltools.gnu-tools-for-stm32.12.3.rel1.win32_1.0.200.202406191623/tools/bin/../lib/gcc/arm-none-eabi/12.3.1/thumb/v7e-m+fp/hard\libgcc.a(_udivmoddi4.o)
                0x0800ca74                        __exidx_end = .
                0x0800ca74                        . = ALIGN (0x4)

.preinit_array  0x0800ca74        0x0
                0x0800ca74                        . = ALIGN (0x4)
                0x0800ca74                        PROVIDE (__preinit_array_start = .)
 *(.preinit_array*)
                0x0800ca74                        PROVIDE (__preinit_array_end = .)
                0x0800ca74                        . = ALIGN (0x4)

.init_array     0x0800ca74        0x4
                0x0800ca74                        . = ALIGN (0x4)
                0x0800ca74                        PROVIDE (__init_array_start = .)
 *(SORT_BY_NAME(.init_array.*))
 *(.init_array*)
 .init_array    0x0800ca74        0x4 C:/ST/STM32CubeIDE_1.16.0/STM32CubeIDE/plugins/com.st.stm32cube.ide.mcu.externaltools.gnu-tools-for-stm32.12.3.rel1.win32_1.0.200.202406191623/tools/bin/../lib/gcc/arm-none-eabi/12.3.1/thumb/v7e-m+fp/hard/crtbegin.o
                0x0800ca78                        PROVIDE (__init_array_end = .)
                0x0800ca78                        . = ALIGN (0x4)

.fini_array     0x0800ca78        0x4
                0x0800ca78                        . = ALIGN (0x4)
                [!provide]                        PROVIDE (__fini_array_start = .)
 *(SORT_BY_NAME(.fini_array.*))
 *(.fini_array*)
 .fini_array    0x0800ca78        0x4 C:/ST/STM32CubeIDE_1.16.0/STM32CubeIDE/plugins/com.st.stm32cube.ide.mcu.externaltools.gnu-tools-for-stm32.12.3.rel1.win32_1.0.200.202406191623/tools/bin/../lib/gcc/arm-none-eabi/12.3.1/thumb/v7e-m+fp/hard/crtbegin.o
                [!provide]                        PROVIDE (__fini_array_end = .)
                0x0800ca7c                        . = ALIGN (0x4)
                0x0800ca7c                        _sidata = LOADADDR (.data)

.rel.dyn        0x0800ca7c        0x0
 .rel.iplt      0x0800ca7c        0x0 C:/ST/STM32CubeIDE_1.16.0/STM32CubeIDE/plugins/com.st.stm32cube.ide.mcu.externaltools.gnu-tools-for-stm32.12.3.rel1.win32_1.0.200.202406191623/tools/bin/../lib/gcc/arm-none-eabi/12.3.1/thumb/v7e-m+fp/hard/crtbegin.o

.data           0x20000000      0x190 load address 0x0800ca7c
                0x20000000                        . = ALIGN (0x4)
                0x20000000                        _sdata = .
 *(.data)
 *(.data*)
 .data.lin_type
                0x20000000        0x1 ./BSP/Src/slcan.o
                0x20000000                lin_type
 .data.terminator
                0x20000001        0x1 ./BSP/Src/slcan.o
 *fill*         0x20000002        0x2 
 .data.uid      0x20000004        0x4 ./Core/Src/main.o
                0x20000004                uid
 .data.lin_baund_rate
                0x20000008        0x4 ./Core/Src/main.o
                0x20000008                lin_baund_rate
 .data.SystemCoreClock
                0x2000000c        0x4 ./Core/Src/system_stm32g4xx.o
                0x2000000c                SystemCoreClock
 .data.uwTickPrio
                0x20000010        0x4 ./Drivers/STM32G4xx_HAL_Driver/Src/stm32g4xx_hal.o
                0x20000010                uwTickPrio
 .data.uwTickFreq
                0x20000014        0x4 ./Drivers/STM32G4xx_HAL_Driver/Src/stm32g4xx_hal.o
                0x20000014                uwTickFreq
 .data.USBD_CDC_DeviceQualifierDesc
                0x20000018        0xa ./Middlewares/ST/STM32_USB_Device_Library/Class/CDC/Src/usbd_cdc.o
 *fill*         0x20000022        0x2 
 .data.USBD_CDC
                0x20000024       0x38 ./Middlewares/ST/STM32_USB_Device_Library/Class/CDC/Src/usbd_cdc.o
                0x20000024                USBD_CDC
 .data.USBD_CDC_CfgHSDesc
                0x2000005c       0x43 ./Middlewares/ST/STM32_USB_Device_Library/Class/CDC/Src/usbd_cdc.o
 *fill*         0x2000009f        0x1 
 .data.USBD_CDC_CfgFSDesc
                0x200000a0       0x43 ./Middlewares/ST/STM32_USB_Device_Library/Class/CDC/Src/usbd_cdc.o
 *fill*         0x200000e3        0x1 
 .data.USBD_CDC_OtherSpeedCfgDesc
                0x200000e4       0x43 ./Middlewares/ST/STM32_USB_Device_Library/Class/CDC/Src/usbd_cdc.o
 *fill*         0x20000127        0x1 
 .data.USBD_Interface_fops_FS
                0x20000128       0x14 ./USB_Device/App/usbd_cdc_if.o
                0x20000128                USBD_Interface_fops_FS
 .data.CDC_Desc
                0x2000013c       0x20 ./USB_Device/App/usbd_desc.o
                0x2000013c                CDC_Desc
 .data.USBD_CDC_DeviceDesc
                0x2000015c       0x12 ./USB_Device/App/usbd_desc.o
                0x2000015c                USBD_CDC_DeviceDesc
 *fill*         0x2000016e        0x2 
 .data.USBD_LangIDDesc
                0x20000170        0x4 ./USB_Device/App/usbd_desc.o
                0x20000170                USBD_LangIDDesc
 .data.USBD_StringSerial
                0x20000174       0x1a ./USB_Device/App/usbd_desc.o
                0x20000174                USBD_StringSerial
 *(.RamFunc)
 *(.RamFunc*)
                0x20000190                        . = ALIGN (0x4)
 *fill*         0x2000018e        0x2 
                0x20000190                        _edata = .

.igot.plt       0x20000190        0x0 load address 0x0800cc0c
 .igot.plt      0x20000190        0x0 C:/ST/STM32CubeIDE_1.16.0/STM32CubeIDE/plugins/com.st.stm32cube.ide.mcu.externaltools.gnu-tools-for-stm32.12.3.rel1.win32_1.0.200.202406191623/tools/bin/../lib/gcc/arm-none-eabi/12.3.1/thumb/v7e-m+fp/hard/crtbegin.o
                0x20000190                        . = ALIGN (0x4)

.bss            0x20000190     0x15d0 load address 0x0800cc0c
                0x20000190                        _sbss = .
                0x20000190                        __bss_start__ = _sbss
 *(.bss)
 .bss           0x20000190       0x1c C:/ST/STM32CubeIDE_1.16.0/STM32CubeIDE/plugins/com.st.stm32cube.ide.mcu.externaltools.gnu-tools-for-stm32.12.3.rel1.win32_1.0.200.202406191623/tools/bin/../lib/gcc/arm-none-eabi/12.3.1/thumb/v7e-m+fp/hard/crtbegin.o
 *(.bss*)
 .bss.lin_master_data
                0x200001ac       0x80 ./BSP/Src/lin_slcan.o
                0x200001ac                lin_master_data
 .bss.master_frame_table
                0x2000022c       0xc0 ./BSP/Src/lin_slcan.o
                0x2000022c                master_frame_table
 .bss.master_frame_table_size
                0x200002ec        0x1 ./BSP/Src/lin_slcan.o
                0x200002ec                master_frame_table_size
 .bss.slcan_lin_slave_state
                0x200002ed        0x1 ./BSP/Src/lin_slcan.o
 .bss.slcan_lin_slave_state_data_count
                0x200002ee        0x1 ./BSP/Src/lin_slcan.o
 *fill*         0x200002ef        0x1 
 .bss.slcan_lin_data_array
                0x200002f0        0x9 ./BSP/Src/lin_slcan.o
 *fill*         0x200002f9        0x3 
 .bss.open_lin_data_layer_frame
                0x200002fc        0xc ./BSP/Src/lin_slcan.o
 .bss.slcan_lin_timeout_counter
                0x20000308        0x4 ./BSP/Src/lin_slcan.o
                0x20000308                slcan_lin_timeout_counter
 .bss.lin_slcan_slot
                0x2000030c        0x8 ./BSP/Src/lin_slcan.o
                0x2000030c                lin_slcan_slot
 .bss.slcan_state
                0x20000314        0x1 ./BSP/Src/slcan.o
                0x20000314                slcan_state
 *fill*         0x20000315        0x3 
 .bss.sl_frame  0x20000318       0x3e ./BSP/Src/slcan.o
                0x20000318                sl_frame
 .bss.sl_frame_len
                0x20000356        0x1 ./BSP/Src/slcan.o
                0x20000356                sl_frame_len
 *fill*         0x20000357        0x1 
 .bss.command   0x20000358       0x3e ./BSP/Src/slcan.o
 .bss.classicChecksum
                0x20000396        0x1 ./BSP/Src/slcan.o
                0x20000396                classicChecksum
 .bss.linepos.2
                0x20000397        0x1 ./BSP/Src/slcan.o
 .bss.line.1    0x20000398       0x3e ./BSP/Src/slcan.o
 *fill*         0x200003d6        0x2 
 .bss.tm.0      0x200003d8        0x4 ./BSP/Src/slcan.o
 .bss.serialNumber
                0x200003dc        0x4 ./Core/Src/main.o
                0x200003dc                serialNumber
 .bss.Uart2RxFifo
                0x200003e0        0x1 ./Core/Src/main.o
                0x200003e0                Uart2RxFifo
 *fill*         0x200003e1        0x3 
 .bss.htim1     0x200003e4       0x4c ./Core/Src/stm32g4xx_hal_timebase_tim.o
                0x200003e4                htim1
 .bss.huart1    0x20000430       0x94 ./Core/Src/usart.o
                0x20000430                huart1
 .bss.huart2    0x200004c4       0x94 ./Core/Src/usart.o
                0x200004c4                huart2
 .bss.uwTick    0x20000558        0x4 ./Drivers/STM32G4xx_HAL_Driver/Src/stm32g4xx_hal.o
                0x20000558                uwTick
 .bss.cfgidx.0  0x2000055c        0x1 ./Middlewares/ST/STM32_USB_Device_Library/Core/Src/usbd_ctlreq.o
 *fill*         0x2000055d        0x3 
 .bss.hUsbDeviceFS
                0x20000560      0x2d0 ./USB_Device/App/usb_device.o
                0x20000560                hUsbDeviceFS
 .bss.UserRxBufferFS
                0x20000830      0x400 ./USB_Device/App/usbd_cdc_if.o
                0x20000830                UserRxBufferFS
 .bss.UserTxBufferFS
                0x20000c30      0x400 ./USB_Device/App/usbd_cdc_if.o
                0x20000c30                UserTxBufferFS
 .bss.USBD_StrDesc
                0x20001030      0x200 ./USB_Device/App/usbd_desc.o
                0x20001030                USBD_StrDesc
 .bss.hpcd_USB_FS
                0x20001230      0x2dc ./USB_Device/Target/usbd_conf.o
                0x20001230                hpcd_USB_FS
 .bss.mem.0     0x2000150c      0x220 ./USB_Device/Target/usbd_conf.o
 .bss.lin_master_state
                0x2000172c        0x1 ./open-LIN-c/open_lin_master_data_layer.o
 .bss.master_rx_count
                0x2000172d        0x1 ./open-LIN-c/open_lin_master_data_layer.o
 .bss.master_table_index
                0x2000172e        0x1 ./open-LIN-c/open_lin_master_data_layer.o
 *fill*         0x2000172f        0x1 
 .bss.master_frame_table
                0x20001730        0x4 ./open-LIN-c/open_lin_master_data_layer.o
 .bss.master_frame_table_size
                0x20001734        0x1 ./open-LIN-c/open_lin_master_data_layer.o
 *fill*         0x20001735        0x1 
 .bss.time_passed_since_last_frame_ms
                0x20001736        0x2 ./open-LIN-c/open_lin_master_data_layer.o
 .bss.diagnostic_slot
                0x20001738        0x1 ./open-LIN-c/open_lin_master_data_layer.o
                0x20001738                diagnostic_slot
 *fill*         0x20001739        0x3 
 .bss.frame_tmp_buffer.0
                0x2000173c        0x8 ./open-LIN-c/open_lin_master_data_layer.o
 .bss.slot_array
                0x20001744        0x4 ./open-LIN-c/open_lin_network_layer.o
 .bss.slot_array_len
                0x20001748        0x1 ./open-LIN-c/open_lin_network_layer.o
 .bss.open_lin_slave_state
                0x20001749        0x1 ./open-LIN-c/open_lin_slave_data_layer.o
 .bss.open_lin_slave_state_data_count
                0x2000174a        0x1 ./open-LIN-c/open_lin_slave_data_layer.o
 *fill*         0x2000174b        0x1 
 .bss.open_lin_data_layer_frame.1
                0x2000174c        0xc ./open-LIN-c/open_lin_slave_data_layer.o
 .bss.open_lin_slave_data_buff.0
                0x20001758        0x8 ./open-LIN-c/open_lin_slave_data_layer.o
 *(COMMON)
                0x20001760                        . = ALIGN (0x4)
                0x20001760                        _ebss = .
                0x20001760                        __bss_end__ = _ebss

._user_heap_stack
                0x20001760      0xa00 load address 0x0800cc0c
                0x20001760                        . = ALIGN (0x8)
                [!provide]                        PROVIDE (end = .)
                0x20001760                        PROVIDE (_end = .)
                0x20001960                        . = (. + _Min_Heap_Size)
 *fill*         0x20001760      0x200 
                0x20002160                        . = (. + _Min_Stack_Size)
 *fill*         0x20001960      0x800 
                0x20002160                        . = ALIGN (0x8)

/DISCARD/
 libc.a(*)
 libm.a(*)
 libgcc.a(*)

.ARM.attributes
                0x00000000       0x30
 *(.ARM.attributes)
 .ARM.attributes
                0x00000000       0x22 C:/ST/STM32CubeIDE_1.16.0/STM32CubeIDE/plugins/com.st.stm32cube.ide.mcu.externaltools.gnu-tools-for-stm32.12.3.rel1.win32_1.0.200.202406191623/tools/bin/../lib/gcc/arm-none-eabi/12.3.1/thumb/v7e-m+fp/hard/crti.o
 .ARM.attributes
                0x00000022       0x34 C:/ST/STM32CubeIDE_1.16.0/STM32CubeIDE/plugins/com.st.stm32cube.ide.mcu.externaltools.gnu-tools-for-stm32.12.3.rel1.win32_1.0.200.202406191623/tools/bin/../lib/gcc/arm-none-eabi/12.3.1/thumb/v7e-m+fp/hard/crtbegin.o
 .ARM.attributes
                0x00000056       0x34 ./BSP/Src/bootloader.o
 .ARM.attributes
                0x0000008a       0x34 ./BSP/Src/led.o
 .ARM.attributes
                0x000000be       0x34 ./BSP/Src/lin_slcan.o
 .ARM.attributes
                0x000000f2       0x34 ./BSP/Src/slcan.o
 .ARM.attributes
                0x00000126       0x34 ./BSP/Src/util.o
 .ARM.attributes
                0x0000015a       0x34 ./Core/Src/gpio.o
 .ARM.attributes
                0x0000018e       0x34 ./Core/Src/main.o
 .ARM.attributes
                0x000001c2       0x34 ./Core/Src/stm32g4xx_hal_msp.o
 .ARM.attributes
                0x000001f6       0x34 ./Core/Src/stm32g4xx_hal_timebase_tim.o
 .ARM.attributes
                0x0000022a       0x34 ./Core/Src/stm32g4xx_it.o
 .ARM.attributes
                0x0000025e       0x34 ./Core/Src/system_stm32g4xx.o
 .ARM.attributes
                0x00000292       0x34 ./Core/Src/usart.o
 .ARM.attributes
                0x000002c6       0x21 ./Core/Startup/startup_stm32g431kbtx.o
 .ARM.attributes
                0x000002e7       0x34 ./Drivers/STM32G4xx_HAL_Driver/Src/stm32g4xx_hal.o
 .ARM.attributes
                0x0000031b       0x34 ./Drivers/STM32G4xx_HAL_Driver/Src/stm32g4xx_hal_cortex.o
 .ARM.attributes
                0x0000034f       0x34 ./Drivers/STM32G4xx_HAL_Driver/Src/stm32g4xx_hal_dma.o
 .ARM.attributes
                0x00000383       0x34 ./Drivers/STM32G4xx_HAL_Driver/Src/stm32g4xx_hal_gpio.o
 .ARM.attributes
                0x000003b7       0x34 ./Drivers/STM32G4xx_HAL_Driver/Src/stm32g4xx_hal_pcd.o
 .ARM.attributes
                0x000003eb       0x34 ./Drivers/STM32G4xx_HAL_Driver/Src/stm32g4xx_hal_pcd_ex.o
 .ARM.attributes
                0x0000041f       0x34 ./Drivers/STM32G4xx_HAL_Driver/Src/stm32g4xx_hal_pwr_ex.o
 .ARM.attributes
                0x00000453       0x34 ./Drivers/STM32G4xx_HAL_Driver/Src/stm32g4xx_hal_rcc.o
 .ARM.attributes
                0x00000487       0x34 ./Drivers/STM32G4xx_HAL_Driver/Src/stm32g4xx_hal_rcc_ex.o
 .ARM.attributes
                0x000004bb       0x34 ./Drivers/STM32G4xx_HAL_Driver/Src/stm32g4xx_hal_tim.o
 .ARM.attributes
                0x000004ef       0x34 ./Drivers/STM32G4xx_HAL_Driver/Src/stm32g4xx_hal_tim_ex.o
 .ARM.attributes
                0x00000523       0x34 ./Drivers/STM32G4xx_HAL_Driver/Src/stm32g4xx_hal_uart.o
 .ARM.attributes
                0x00000557       0x34 ./Drivers/STM32G4xx_HAL_Driver/Src/stm32g4xx_hal_uart_ex.o
 .ARM.attributes
                0x0000058b       0x34 ./Drivers/STM32G4xx_HAL_Driver/Src/stm32g4xx_ll_usb.o
 .ARM.attributes
                0x000005bf       0x34 ./Middlewares/ST/STM32_USB_Device_Library/Class/CDC/Src/usbd_cdc.o
 .ARM.attributes
                0x000005f3       0x34 ./Middlewares/ST/STM32_USB_Device_Library/Core/Src/usbd_core.o
 .ARM.attributes
                0x00000627       0x34 ./Middlewares/ST/STM32_USB_Device_Library/Core/Src/usbd_ctlreq.o
 .ARM.attributes
                0x0000065b       0x34 ./Middlewares/ST/STM32_USB_Device_Library/Core/Src/usbd_ioreq.o
 .ARM.attributes
                0x0000068f       0x34 ./USB_Device/App/usb_device.o
 .ARM.attributes
                0x000006c3       0x34 ./USB_Device/App/usbd_cdc_if.o
 .ARM.attributes
                0x000006f7       0x34 ./USB_Device/App/usbd_desc.o
 .ARM.attributes
                0x0000072b       0x34 ./USB_Device/Target/usbd_conf.o
 .ARM.attributes
                0x0000075f       0x34 ./open-LIN-c/implementation/ST32/open_lin_hw_st32.o
 .ARM.attributes
                0x00000793       0x34 ./open-LIN-c/open_lin_data_layer.o
 .ARM.attributes
                0x000007c7       0x34 ./open-LIN-c/open_lin_master_data_layer.o
 .ARM.attributes
                0x000007fb       0x34 ./open-LIN-c/open_lin_network_layer.o
 .ARM.attributes
                0x0000082f       0x34 ./open-LIN-c/open_lin_slave_data_layer.o
 .ARM.attributes
                0x00000863       0x34 C:/ST/STM32CubeIDE_1.16.0/STM32CubeIDE/plugins/com.st.stm32cube.ide.mcu.externaltools.gnu-tools-for-stm32.12.3.rel1.win32_1.0.200.202406191623/tools/bin/../lib/gcc/arm-none-eabi/12.3.1/../../../../arm-none-eabi/lib/thumb/v7e-m+fp/hard\libc_nano.a(libc_a-memset.o)
 .ARM.attributes
                0x00000897       0x34 C:/ST/STM32CubeIDE_1.16.0/STM32CubeIDE/plugins/com.st.stm32cube.ide.mcu.externaltools.gnu-tools-for-stm32.12.3.rel1.win32_1.0.200.202406191623/tools/bin/../lib/gcc/arm-none-eabi/12.3.1/../../../../arm-none-eabi/lib/thumb/v7e-m+fp/hard\libc_nano.a(libc_a-init.o)
 .ARM.attributes
                0x000008cb       0x34 C:/ST/STM32CubeIDE_1.16.0/STM32CubeIDE/plugins/com.st.stm32cube.ide.mcu.externaltools.gnu-tools-for-stm32.12.3.rel1.win32_1.0.200.202406191623/tools/bin/../lib/gcc/arm-none-eabi/12.3.1/../../../../arm-none-eabi/lib/thumb/v7e-m+fp/hard\libc_nano.a(libc_a-memcpy-stub.o)
 .ARM.attributes
                0x000008ff       0x22 C:/ST/STM32CubeIDE_1.16.0/STM32CubeIDE/plugins/com.st.stm32cube.ide.mcu.externaltools.gnu-tools-for-stm32.12.3.rel1.win32_1.0.200.202406191623/tools/bin/../lib/gcc/arm-none-eabi/12.3.1/thumb/v7e-m+fp/hard\libgcc.a(_aeabi_uldivmod.o)
 .ARM.attributes
                0x00000921       0x34 C:/ST/STM32CubeIDE_1.16.0/STM32CubeIDE/plugins/com.st.stm32cube.ide.mcu.externaltools.gnu-tools-for-stm32.12.3.rel1.win32_1.0.200.202406191623/tools/bin/../lib/gcc/arm-none-eabi/12.3.1/thumb/v7e-m+fp/hard\libgcc.a(_udivmoddi4.o)
 .ARM.attributes
                0x00000955       0x22 C:/ST/STM32CubeIDE_1.16.0/STM32CubeIDE/plugins/com.st.stm32cube.ide.mcu.externaltools.gnu-tools-for-stm32.12.3.rel1.win32_1.0.200.202406191623/tools/bin/../lib/gcc/arm-none-eabi/12.3.1/thumb/v7e-m+fp/hard\libgcc.a(_dvmd_tls.o)
 .ARM.attributes
                0x00000977       0x22 C:/ST/STM32CubeIDE_1.16.0/STM32CubeIDE/plugins/com.st.stm32cube.ide.mcu.externaltools.gnu-tools-for-stm32.12.3.rel1.win32_1.0.200.202406191623/tools/bin/../lib/gcc/arm-none-eabi/12.3.1/thumb/v7e-m+fp/hard/crtn.o
OUTPUT(stm32g4_lin.elf elf32-littlearm)
LOAD linker stubs
LOAD C:/ST/STM32CubeIDE_1.16.0/STM32CubeIDE/plugins/com.st.stm32cube.ide.mcu.externaltools.gnu-tools-for-stm32.12.3.rel1.win32_1.0.200.202406191623/tools/bin/../lib/gcc/arm-none-eabi/12.3.1/../../../../arm-none-eabi/lib/thumb/v7e-m+fp/hard\libc.a
LOAD C:/ST/STM32CubeIDE_1.16.0/STM32CubeIDE/plugins/com.st.stm32cube.ide.mcu.externaltools.gnu-tools-for-stm32.12.3.rel1.win32_1.0.200.202406191623/tools/bin/../lib/gcc/arm-none-eabi/12.3.1/../../../../arm-none-eabi/lib/thumb/v7e-m+fp/hard\libm.a
LOAD C:/ST/STM32CubeIDE_1.16.0/STM32CubeIDE/plugins/com.st.stm32cube.ide.mcu.externaltools.gnu-tools-for-stm32.12.3.rel1.win32_1.0.200.202406191623/tools/bin/../lib/gcc/arm-none-eabi/12.3.1/thumb/v7e-m+fp/hard\libgcc.a

.debug_info     0x00000000    0x20056
 .debug_info    0x00000000       0x9f ./BSP/Src/bootloader.o
 .debug_info    0x0000009f      0x22d ./BSP/Src/led.o
 .debug_info    0x000002cc      0x59a ./BSP/Src/lin_slcan.o
 .debug_info    0x00000866     0x1295 ./BSP/Src/slcan.o
 .debug_info    0x00001afb       0xb3 ./BSP/Src/util.o
 .debug_info    0x00001bae      0x463 ./Core/Src/gpio.o
 .debug_info    0x00002011      0xf93 ./Core/Src/main.o
 .debug_info    0x00002fa4      0x2da ./Core/Src/stm32g4xx_hal_msp.o
 .debug_info    0x0000327e      0xdbe ./Core/Src/stm32g4xx_hal_timebase_tim.o
 .debug_info    0x0000403c     0x119a ./Core/Src/stm32g4xx_it.o
 .debug_info    0x000051d6      0x58e ./Core/Src/system_stm32g4xx.o
 .debug_info    0x00005764     0x103e ./Core/Src/usart.o
 .debug_info    0x000067a2       0x30 ./Core/Startup/startup_stm32g431kbtx.o
 .debug_info    0x000067d2      0xadb ./Drivers/STM32G4xx_HAL_Driver/Src/stm32g4xx_hal.o
 .debug_info    0x000072ad      0xd3f ./Drivers/STM32G4xx_HAL_Driver/Src/stm32g4xx_hal_cortex.o
 .debug_info    0x00007fec      0x85f ./Drivers/STM32G4xx_HAL_Driver/Src/stm32g4xx_hal_dma.o
 .debug_info    0x0000884b      0x763 ./Drivers/STM32G4xx_HAL_Driver/Src/stm32g4xx_hal_gpio.o
 .debug_info    0x00008fae     0x161b ./Drivers/STM32G4xx_HAL_Driver/Src/stm32g4xx_hal_pcd.o
 .debug_info    0x0000a5c9      0x80a ./Drivers/STM32G4xx_HAL_Driver/Src/stm32g4xx_hal_pcd_ex.o
 .debug_info    0x0000add3      0x93f ./Drivers/STM32G4xx_HAL_Driver/Src/stm32g4xx_hal_pwr_ex.o
 .debug_info    0x0000b712      0xb82 ./Drivers/STM32G4xx_HAL_Driver/Src/stm32g4xx_hal_rcc.o
 .debug_info    0x0000c294      0xc15 ./Drivers/STM32G4xx_HAL_Driver/Src/stm32g4xx_hal_rcc_ex.o
 .debug_info    0x0000cea9     0x2c52 ./Drivers/STM32G4xx_HAL_Driver/Src/stm32g4xx_hal_tim.o
 .debug_info    0x0000fafb     0x1d95 ./Drivers/STM32G4xx_HAL_Driver/Src/stm32g4xx_hal_tim_ex.o
 .debug_info    0x00011890     0x481e ./Drivers/STM32G4xx_HAL_Driver/Src/stm32g4xx_hal_uart.o
 .debug_info    0x000160ae      0xfdd ./Drivers/STM32G4xx_HAL_Driver/Src/stm32g4xx_hal_uart_ex.o
 .debug_info    0x0001708b     0x166b ./Drivers/STM32G4xx_HAL_Driver/Src/stm32g4xx_ll_usb.o
 .debug_info    0x000186f6     0x1124 ./Middlewares/ST/STM32_USB_Device_Library/Class/CDC/Src/usbd_cdc.o
 .debug_info    0x0001981a      0xb1b ./Middlewares/ST/STM32_USB_Device_Library/Core/Src/usbd_core.o
 .debug_info    0x0001a335      0xa57 ./Middlewares/ST/STM32_USB_Device_Library/Core/Src/usbd_ctlreq.o
 .debug_info    0x0001ad8c      0x720 ./Middlewares/ST/STM32_USB_Device_Library/Core/Src/usbd_ioreq.o
 .debug_info    0x0001b4ac      0x6d7 ./USB_Device/App/usb_device.o
 .debug_info    0x0001bb83      0x8f1 ./USB_Device/App/usbd_cdc_if.o
 .debug_info    0x0001c474      0x45f ./USB_Device/App/usbd_desc.o
 .debug_info    0x0001c8d3     0x1cbc ./USB_Device/Target/usbd_conf.o
 .debug_info    0x0001e58f      0xdef ./open-LIN-c/implementation/ST32/open_lin_hw_st32.o
 .debug_info    0x0001f37e      0x18e ./open-LIN-c/open_lin_data_layer.o
 .debug_info    0x0001f50c      0x4ff ./open-LIN-c/open_lin_master_data_layer.o
 .debug_info    0x0001fa0b      0x263 ./open-LIN-c/open_lin_network_layer.o
 .debug_info    0x0001fc6e      0x3e8 ./open-LIN-c/open_lin_slave_data_layer.o

.debug_abbrev   0x00000000     0x52b8
 .debug_abbrev  0x00000000       0x45 ./BSP/Src/bootloader.o
 .debug_abbrev  0x00000045      0x13a ./BSP/Src/led.o
 .debug_abbrev  0x0000017f      0x21a ./BSP/Src/lin_slcan.o
 .debug_abbrev  0x00000399      0x3bb ./BSP/Src/slcan.o
 .debug_abbrev  0x00000754       0x69 ./BSP/Src/util.o
 .debug_abbrev  0x000007bd      0x152 ./Core/Src/gpio.o
 .debug_abbrev  0x0000090f      0x2d6 ./Core/Src/main.o
 .debug_abbrev  0x00000be5       0xd9 ./Core/Src/stm32g4xx_hal_msp.o
 .debug_abbrev  0x00000cbe      0x223 ./Core/Src/stm32g4xx_hal_timebase_tim.o
 .debug_abbrev  0x00000ee1      0x260 ./Core/Src/stm32g4xx_it.o
 .debug_abbrev  0x00001141      0x11a ./Core/Src/system_stm32g4xx.o
 .debug_abbrev  0x0000125b      0x219 ./Core/Src/usart.o
 .debug_abbrev  0x00001474       0x24 ./Core/Startup/startup_stm32g431kbtx.o
 .debug_abbrev  0x00001498      0x271 ./Drivers/STM32G4xx_HAL_Driver/Src/stm32g4xx_hal.o
 .debug_abbrev  0x00001709      0x31c ./Drivers/STM32G4xx_HAL_Driver/Src/stm32g4xx_hal_cortex.o
 .debug_abbrev  0x00001a25      0x1e2 ./Drivers/STM32G4xx_HAL_Driver/Src/stm32g4xx_hal_dma.o
 .debug_abbrev  0x00001c07      0x1cb ./Drivers/STM32G4xx_HAL_Driver/Src/stm32g4xx_hal_gpio.o
 .debug_abbrev  0x00001dd2      0x2b9 ./Drivers/STM32G4xx_HAL_Driver/Src/stm32g4xx_hal_pcd.o
 .debug_abbrev  0x0000208b      0x228 ./Drivers/STM32G4xx_HAL_Driver/Src/stm32g4xx_hal_pcd_ex.o
 .debug_abbrev  0x000022b3      0x22c ./Drivers/STM32G4xx_HAL_Driver/Src/stm32g4xx_hal_pwr_ex.o
 .debug_abbrev  0x000024df      0x2c9 ./Drivers/STM32G4xx_HAL_Driver/Src/stm32g4xx_hal_rcc.o
 .debug_abbrev  0x000027a8      0x258 ./Drivers/STM32G4xx_HAL_Driver/Src/stm32g4xx_hal_rcc_ex.o
 .debug_abbrev  0x00002a00      0x2a7 ./Drivers/STM32G4xx_HAL_Driver/Src/stm32g4xx_hal_tim.o
 .debug_abbrev  0x00002ca7      0x2c5 ./Drivers/STM32G4xx_HAL_Driver/Src/stm32g4xx_hal_tim_ex.o
 .debug_abbrev  0x00002f6c      0x304 ./Drivers/STM32G4xx_HAL_Driver/Src/stm32g4xx_hal_uart.o
 .debug_abbrev  0x00003270      0x2d2 ./Drivers/STM32G4xx_HAL_Driver/Src/stm32g4xx_hal_uart_ex.o
 .debug_abbrev  0x00003542      0x247 ./Drivers/STM32G4xx_HAL_Driver/Src/stm32g4xx_ll_usb.o
 .debug_abbrev  0x00003789      0x2bc ./Middlewares/ST/STM32_USB_Device_Library/Class/CDC/Src/usbd_cdc.o
 .debug_abbrev  0x00003a45      0x24f ./Middlewares/ST/STM32_USB_Device_Library/Core/Src/usbd_core.o
 .debug_abbrev  0x00003c94      0x27e ./Middlewares/ST/STM32_USB_Device_Library/Core/Src/usbd_ctlreq.o
 .debug_abbrev  0x00003f12      0x1a9 ./Middlewares/ST/STM32_USB_Device_Library/Core/Src/usbd_ioreq.o
 .debug_abbrev  0x000040bb      0x1a4 ./USB_Device/App/usb_device.o
 .debug_abbrev  0x0000425f      0x2bc ./USB_Device/App/usbd_cdc_if.o
 .debug_abbrev  0x0000451b      0x20e ./USB_Device/App/usbd_desc.o
 .debug_abbrev  0x00004729      0x32c ./USB_Device/Target/usbd_conf.o
 .debug_abbrev  0x00004a55      0x2c6 ./open-LIN-c/implementation/ST32/open_lin_hw_st32.o
 .debug_abbrev  0x00004d1b       0xde ./open-LIN-c/open_lin_data_layer.o
 .debug_abbrev  0x00004df9      0x1d0 ./open-LIN-c/open_lin_master_data_layer.o
 .debug_abbrev  0x00004fc9      0x14a ./open-LIN-c/open_lin_network_layer.o
 .debug_abbrev  0x00005113      0x1a5 ./open-LIN-c/open_lin_slave_data_layer.o

.debug_aranges  0x00000000     0x19b0
 .debug_aranges
                0x00000000       0x28 ./BSP/Src/bootloader.o
 .debug_aranges
                0x00000028       0x38 ./BSP/Src/led.o
 .debug_aranges
                0x00000060       0x58 ./BSP/Src/lin_slcan.o
 .debug_aranges
                0x000000b8       0x70 ./BSP/Src/slcan.o
 .debug_aranges
                0x00000128       0x20 ./BSP/Src/util.o
 .debug_aranges
                0x00000148       0x20 ./Core/Src/gpio.o
 .debug_aranges
                0x00000168       0x48 ./Core/Src/main.o
 .debug_aranges
                0x000001b0       0x20 ./Core/Src/stm32g4xx_hal_msp.o
 .debug_aranges
                0x000001d0       0x30 ./Core/Src/stm32g4xx_hal_timebase_tim.o
 .debug_aranges
                0x00000200       0x80 ./Core/Src/stm32g4xx_it.o
 .debug_aranges
                0x00000280       0x28 ./Core/Src/system_stm32g4xx.o
 .debug_aranges
                0x000002a8       0x38 ./Core/Src/usart.o
 .debug_aranges
                0x000002e0       0x28 ./Core/Startup/startup_stm32g431kbtx.o
 .debug_aranges
                0x00000308      0x148 ./Drivers/STM32G4xx_HAL_Driver/Src/stm32g4xx_hal.o
 .debug_aranges
                0x00000450      0x128 ./Drivers/STM32G4xx_HAL_Driver/Src/stm32g4xx_hal_cortex.o
 .debug_aranges
                0x00000578       0x90 ./Drivers/STM32G4xx_HAL_Driver/Src/stm32g4xx_hal_dma.o
 .debug_aranges
                0x00000608       0x58 ./Drivers/STM32G4xx_HAL_Driver/Src/stm32g4xx_hal_gpio.o
 .debug_aranges
                0x00000660      0x138 ./Drivers/STM32G4xx_HAL_Driver/Src/stm32g4xx_hal_pcd.o
 .debug_aranges
                0x00000798       0x58 ./Drivers/STM32G4xx_HAL_Driver/Src/stm32g4xx_hal_pcd_ex.o
 .debug_aranges
                0x000007f0      0x140 ./Drivers/STM32G4xx_HAL_Driver/Src/stm32g4xx_hal_pwr_ex.o
 .debug_aranges
                0x00000930       0x98 ./Drivers/STM32G4xx_HAL_Driver/Src/stm32g4xx_hal_rcc.o
 .debug_aranges
                0x000009c8       0xb0 ./Drivers/STM32G4xx_HAL_Driver/Src/stm32g4xx_hal_rcc_ex.o
 .debug_aranges
                0x00000a78      0x3e0 ./Drivers/STM32G4xx_HAL_Driver/Src/stm32g4xx_hal_tim.o
 .debug_aranges
                0x00000e58      0x240 ./Drivers/STM32G4xx_HAL_Driver/Src/stm32g4xx_hal_tim_ex.o
 .debug_aranges
                0x00001098      0x248 ./Drivers/STM32G4xx_HAL_Driver/Src/stm32g4xx_hal_uart.o
 .debug_aranges
                0x000012e0       0xa8 ./Drivers/STM32G4xx_HAL_Driver/Src/stm32g4xx_hal_uart_ex.o
 .debug_aranges
                0x00001388       0xc8 ./Drivers/STM32G4xx_HAL_Driver/Src/stm32g4xx_ll_usb.o
 .debug_aranges
                0x00001450       0x90 ./Middlewares/ST/STM32_USB_Device_Library/Class/CDC/Src/usbd_cdc.o
 .debug_aranges
                0x000014e0       0xb8 ./Middlewares/ST/STM32_USB_Device_Library/Core/Src/usbd_core.o
 .debug_aranges
                0x00001598       0x90 ./Middlewares/ST/STM32_USB_Device_Library/Core/Src/usbd_ctlreq.o
 .debug_aranges
                0x00001628       0x50 ./Middlewares/ST/STM32_USB_Device_Library/Core/Src/usbd_ioreq.o
 .debug_aranges
                0x00001678       0x20 ./USB_Device/App/usb_device.o
 .debug_aranges
                0x00001698       0x48 ./USB_Device/App/usbd_cdc_if.o
 .debug_aranges
                0x000016e0       0x60 ./USB_Device/App/usbd_desc.o
 .debug_aranges
                0x00001740      0x120 ./USB_Device/Target/usbd_conf.o
 .debug_aranges
                0x00001860       0x68 ./open-LIN-c/implementation/ST32/open_lin_hw_st32.o
 .debug_aranges
                0x000018c8       0x28 ./open-LIN-c/open_lin_data_layer.o
 .debug_aranges
                0x000018f0       0x58 ./open-LIN-c/open_lin_master_data_layer.o
 .debug_aranges
                0x00001948       0x30 ./open-LIN-c/open_lin_network_layer.o
 .debug_aranges
                0x00001978       0x38 ./open-LIN-c/open_lin_slave_data_layer.o

.debug_rnglists
                0x00000000     0x138a
 .debug_rnglists
                0x00000000       0x19 ./BSP/Src/bootloader.o
 .debug_rnglists
                0x00000019       0x25 ./BSP/Src/led.o
 .debug_rnglists
                0x0000003e       0x3f ./BSP/Src/lin_slcan.o
 .debug_rnglists
                0x0000007d       0x53 ./BSP/Src/slcan.o
 .debug_rnglists
                0x000000d0       0x13 ./BSP/Src/util.o
 .debug_rnglists
                0x000000e3       0x14 ./Core/Src/gpio.o
 .debug_rnglists
                0x000000f7       0x32 ./Core/Src/main.o
 .debug_rnglists
                0x00000129       0x13 ./Core/Src/stm32g4xx_hal_msp.o
 .debug_rnglists
                0x0000013c       0x20 ./Core/Src/stm32g4xx_hal_timebase_tim.o
 .debug_rnglists
                0x0000015c       0x5b ./Core/Src/stm32g4xx_it.o
 .debug_rnglists
                0x000001b7       0x1a ./Core/Src/system_stm32g4xx.o
 .debug_rnglists
                0x000001d1       0x28 ./Core/Src/usart.o
 .debug_rnglists
                0x000001f9       0x19 ./Core/Startup/startup_stm32g431kbtx.o
 .debug_rnglists
                0x00000212       0xf1 ./Drivers/STM32G4xx_HAL_Driver/Src/stm32g4xx_hal.o
 .debug_rnglists
                0x00000303       0xda ./Drivers/STM32G4xx_HAL_Driver/Src/stm32g4xx_hal_cortex.o
 .debug_rnglists
                0x000003dd       0x71 ./Drivers/STM32G4xx_HAL_Driver/Src/stm32g4xx_hal_dma.o
 .debug_rnglists
                0x0000044e       0x3f ./Drivers/STM32G4xx_HAL_Driver/Src/stm32g4xx_hal_gpio.o
 .debug_rnglists
                0x0000048d       0xee ./Drivers/STM32G4xx_HAL_Driver/Src/stm32g4xx_hal_pcd.o
 .debug_rnglists
                0x0000057b       0x3f ./Drivers/STM32G4xx_HAL_Driver/Src/stm32g4xx_hal_pcd_ex.o
 .debug_rnglists
                0x000005ba       0xf1 ./Drivers/STM32G4xx_HAL_Driver/Src/stm32g4xx_hal_pwr_ex.o
 .debug_rnglists
                0x000006ab       0x74 ./Drivers/STM32G4xx_HAL_Driver/Src/stm32g4xx_hal_rcc.o
 .debug_rnglists
                0x0000071f       0x87 ./Drivers/STM32G4xx_HAL_Driver/Src/stm32g4xx_hal_rcc_ex.o
 .debug_rnglists
                0x000007a6      0x328 ./Drivers/STM32G4xx_HAL_Driver/Src/stm32g4xx_hal_tim.o
 .debug_rnglists
                0x00000ace      0x1cc ./Drivers/STM32G4xx_HAL_Driver/Src/stm32g4xx_hal_tim_ex.o
 .debug_rnglists
                0x00000c9a      0x1fa ./Drivers/STM32G4xx_HAL_Driver/Src/stm32g4xx_hal_uart.o
 .debug_rnglists
                0x00000e94       0x7f ./Drivers/STM32G4xx_HAL_Driver/Src/stm32g4xx_hal_uart_ex.o
 .debug_rnglists
                0x00000f13       0x99 ./Drivers/STM32G4xx_HAL_Driver/Src/stm32g4xx_ll_usb.o
 .debug_rnglists
                0x00000fac       0x6a ./Middlewares/ST/STM32_USB_Device_Library/Class/CDC/Src/usbd_cdc.o
 .debug_rnglists
                0x00001016       0x89 ./Middlewares/ST/STM32_USB_Device_Library/Core/Src/usbd_core.o
 .debug_rnglists
                0x0000109f       0x6e ./Middlewares/ST/STM32_USB_Device_Library/Core/Src/usbd_ctlreq.o
 .debug_rnglists
                0x0000110d       0x37 ./Middlewares/ST/STM32_USB_Device_Library/Core/Src/usbd_ioreq.o
 .debug_rnglists
                0x00001144       0x13 ./USB_Device/App/usb_device.o
 .debug_rnglists
                0x00001157       0x32 ./USB_Device/App/usbd_cdc_if.o
 .debug_rnglists
                0x00001189       0x43 ./USB_Device/App/usbd_desc.o
 .debug_rnglists
                0x000011cc       0xd4 ./USB_Device/Target/usbd_conf.o
 .debug_rnglists
                0x000012a0       0x49 ./open-LIN-c/implementation/ST32/open_lin_hw_st32.o
 .debug_rnglists
                0x000012e9       0x1b ./open-LIN-c/open_lin_data_layer.o
 .debug_rnglists
                0x00001304       0x41 ./open-LIN-c/open_lin_master_data_layer.o
 .debug_rnglists
                0x00001345       0x1f ./open-LIN-c/open_lin_network_layer.o
 .debug_rnglists
                0x00001364       0x26 ./open-LIN-c/open_lin_slave_data_layer.o

.debug_macro    0x00000000    0x23279
 .debug_macro   0x00000000      0x356 ./BSP/Src/bootloader.o