Archive member included to satisfy reference by file (symbol)

C:/ST/STM32CubeIDE_1.16.0/STM32CubeIDE/plugins/com.st.stm32cube.ide.mcu.externaltools.gnu-tools-for-stm32.12.3.rel1.win32_1.0.200.202406191623/tools/bin/../lib/gcc/arm-none-eabi/12.3.1/../../../../arm-none-eabi/lib/thumb/v7e-m+fp/hard\libc_nano.a(libc_a-exit.o)
                              C:/ST/STM32CubeIDE_1.16.0/STM32CubeIDE/plugins/com.st.stm32cube.ide.mcu.externaltools.gnu-tools-for-stm32.12.3.rel1.win32_1.0.200.202406191623/tools/bin/../lib/gcc/arm-none-eabi/12.3.1/../../../../arm-none-eabi/lib/thumb/v7e-m+fp/hard/crt0.o (exit)
C:/ST/STM32CubeIDE_1.16.0/STM32CubeIDE/plugins/com.st.stm32cube.ide.mcu.externaltools.gnu-tools-for-stm32.12.3.rel1.win32_1.0.200.202406191623/tools/bin/../lib/gcc/arm-none-eabi/12.3.1/../../../../arm-none-eabi/lib/thumb/v7e-m+fp/hard\libc_nano.a(libc_a-findfp.o)
                              C:/ST/STM32CubeIDE_1.16.0/STM32CubeIDE/plugins/com.st.stm32cube.ide.mcu.externaltools.gnu-tools-for-stm32.12.3.rel1.win32_1.0.200.202406191623/tools/bin/../lib/gcc/arm-none-eabi/12.3.1/../../../../arm-none-eabi/lib/thumb/v7e-m+fp/hard\libc_nano.a(libc_a-exit.o) (__stdio_exit_handler)
C:/ST/STM32CubeIDE_1.16.0/STM32CubeIDE/plugins/com.st.stm32cube.ide.mcu.externaltools.gnu-tools-for-stm32.12.3.rel1.win32_1.0.200.202406191623/tools/bin/../lib/gcc/arm-none-eabi/12.3.1/../../../../arm-none-eabi/lib/thumb/v7e-m+fp/hard\libc_nano.a(libc_a-fwalk.o)
                              C:/ST/STM32CubeIDE_1.16.0/STM32CubeIDE/plugins/com.st.stm32cube.ide.mcu.externaltools.gnu-tools-for-stm32.12.3.rel1.win32_1.0.200.202406191623/tools/bin/../lib/gcc/arm-none-eabi/12.3.1/../../../../arm-none-eabi/lib/thumb/v7e-m+fp/hard\libc_nano.a(libc_a-findfp.o) (_fwalk_sglue)
C:/ST/STM32CubeIDE_1.16.0/STM32CubeIDE/plugins/com.st.stm32cube.ide.mcu.externaltools.gnu-tools-for-stm32.12.3.rel1.win32_1.0.200.202406191623/tools/bin/../lib/gcc/arm-none-eabi/12.3.1/../../../../arm-none-eabi/lib/thumb/v7e-m+fp/hard\libc_nano.a(libc_a-puts.o)
                              ./Core/Src/main.o (puts)
C:/ST/STM32CubeIDE_1.16.0/STM32CubeIDE/plugins/com.st.stm32cube.ide.mcu.externaltools.gnu-tools-for-stm32.12.3.rel1.win32_1.0.200.202406191623/tools/bin/../lib/gcc/arm-none-eabi/12.3.1/../../../../arm-none-eabi/lib/thumb/v7e-m+fp/hard\libc_nano.a(libc_a-stdio.o)
                              C:/ST/STM32CubeIDE_1.16.0/STM32CubeIDE/plugins/com.st.stm32cube.ide.mcu.externaltools.gnu-tools-for-stm32.12.3.rel1.win32_1.0.200.202406191623/tools/bin/../lib/gcc/arm-none-eabi/12.3.1/../../../../arm-none-eabi/lib/thumb/v7e-m+fp/hard\libc_nano.a(libc_a-findfp.o) (__sread)
C:/ST/STM32CubeIDE_1.16.0/STM32CubeIDE/plugins/com.st.stm32cube.ide.mcu.externaltools.gnu-tools-for-stm32.12.3.rel1.win32_1.0.200.202406191623/tools/bin/../lib/gcc/arm-none-eabi/12.3.1/../../../../arm-none-eabi/lib/thumb/v7e-m+fp/hard\libc_nano.a(libc_a-wbuf.o)
                              C:/ST/STM32CubeIDE_1.16.0/STM32CubeIDE/plugins/com.st.stm32cube.ide.mcu.externaltools.gnu-tools-for-stm32.12.3.rel1.win32_1.0.200.202406191623/tools/bin/../lib/gcc/arm-none-eabi/12.3.1/../../../../arm-none-eabi/lib/thumb/v7e-m+fp/hard\libc_nano.a(libc_a-puts.o) (__swbuf_r)
C:/ST/STM32CubeIDE_1.16.0/STM32CubeIDE/plugins/com.st.stm32cube.ide.mcu.externaltools.gnu-tools-for-stm32.12.3.rel1.win32_1.0.200.202406191623/tools/bin/../lib/gcc/arm-none-eabi/12.3.1/../../../../arm-none-eabi/lib/thumb/v7e-m+fp/hard\libc_nano.a(libc_a-wsetup.o)
                              C:/ST/STM32CubeIDE_1.16.0/STM32CubeIDE/plugins/com.st.stm32cube.ide.mcu.externaltools.gnu-tools-for-stm32.12.3.rel1.win32_1.0.200.202406191623/tools/bin/../lib/gcc/arm-none-eabi/12.3.1/../../../../arm-none-eabi/lib/thumb/v7e-m+fp/hard\libc_nano.a(libc_a-puts.o) (__swsetup_r)
C:/ST/STM32CubeIDE_1.16.0/STM32CubeIDE/plugins/com.st.stm32cube.ide.mcu.externaltools.gnu-tools-for-stm32.12.3.rel1.win32_1.0.200.202406191623/tools/bin/../lib/gcc/arm-none-eabi/12.3.1/../../../../arm-none-eabi/lib/thumb/v7e-m+fp/hard\libc_nano.a(libc_a-memset.o)
                              C:/ST/STM32CubeIDE_1.16.0/STM32CubeIDE/plugins/com.st.stm32cube.ide.mcu.externaltools.gnu-tools-for-stm32.12.3.rel1.win32_1.0.200.202406191623/tools/bin/../lib/gcc/arm-none-eabi/12.3.1/../../../../arm-none-eabi/lib/thumb/v7e-m+fp/hard/crt0.o (memset)
C:/ST/STM32CubeIDE_1.16.0/STM32CubeIDE/plugins/com.st.stm32cube.ide.mcu.externaltools.gnu-tools-for-stm32.12.3.rel1.win32_1.0.200.202406191623/tools/bin/../lib/gcc/arm-none-eabi/12.3.1/../../../../arm-none-eabi/lib/thumb/v7e-m+fp/hard\libc_nano.a(libc_a-closer.o)
                              C:/ST/STM32CubeIDE_1.16.0/STM32CubeIDE/plugins/com.st.stm32cube.ide.mcu.externaltools.gnu-tools-for-stm32.12.3.rel1.win32_1.0.200.202406191623/tools/bin/../lib/gcc/arm-none-eabi/12.3.1/../../../../arm-none-eabi/lib/thumb/v7e-m+fp/hard\libc_nano.a(libc_a-stdio.o) (_close_r)
[...]
Memory Configuration

Name             Origin             Length             Attributes
RAM              0x20000000         0x00008000         xrw
FLASH            0x08000000         0x00020000         xr
*default*        0x00000000         0xffffffff

Linker script and memory map

LOAD C:/ST/STM32CubeIDE_1.16.0/STM32CubeIDE/plugins/com.st.stm32cube.ide.mcu.externaltools.gnu-tools-for-stm32.12.3.rel1.win32_1.0.200.202406191623/tools/bin/../lib/gcc/arm-none-eabi/12.3.1/thumb/v7e-m+fp/hard/crti.o
LOAD C:/ST/STM32CubeIDE_1.16.0/STM32CubeIDE/plugins/com.st.stm32cube.ide.mcu.externaltools.gnu-tools-for-stm32.12.3.rel1.win32_1.0.200.202406191623/tools/bin/../lib/gcc/arm-none-eabi/12.3.1/thumb/v7e-m+fp/hard/crtbegin.o
LOAD C:/ST/STM32CubeIDE_1.16.0/STM32CubeIDE/plugins/com.st.stm32cube.ide.mcu.externaltools.gnu-tools-for-stm32.12.3.rel1.win32_1.0.200.202406191623/tools/bin/../lib/gcc/arm-none-eabi/12.3.1/../../../../arm-none-eabi/lib/thumb/v7e-m+fp/hard/crt0.o
LOAD ./BSP/Src/bootloader.o
LOAD ./BSP/Src/led.o
LOAD ./BSP/Src/lin_slcan.o
LOAD ./BSP/Src/slcan.o
LOAD ./BSP/Src/util.o
LOAD ./Core/Src/gpio.o
LOAD ./Core/Src/main.o
LOAD ./Core/Src/stm32g4xx_hal_msp.o
LOAD ./Core/Src/stm32g4xx_hal_timebase_tim.o
LOAD ./Core/Src/stm32g4xx_it.o
LOAD ./Core/Src/syscalls.o
LOAD ./Core/Src/sysmem.o
LOAD ./Core/Src/system_stm32g4xx.o
LOAD ./Core/Src/usart.o
LOAD ./Core/Startup/startup_stm32g431kbtx.o
LOAD ./Drivers/STM32G4xx_HAL_Driver/Src/stm32g4xx_hal.o
LOAD ./Drivers/STM32G4xx_HAL_Driver/Src/stm32g4xx_hal_cortex.o
LOAD ./Drivers/STM32G4xx_HAL_Driver/Src/stm32g4xx_hal_dma.o
LOAD ./Drivers/STM32G4xx_HAL_Driver/Src/stm32g4xx_hal_dma_ex.o
LOAD ./Drivers/STM32G4xx_HAL_Driver/Src/stm32g4xx_hal_exti.o
LOAD ./Drivers/STM32G4xx_HAL_Driver/Src/stm32g4xx_hal_flash.o
LOAD ./Drivers/STM32G4xx_HAL_Driver/Src/stm32g4xx_hal_flash_ex.o
LOAD ./Drivers/STM32G4xx_HAL_Driver/Src/stm32g4xx_hal_flash_ramfunc.o
LOAD ./Drivers/STM32G4xx_HAL_Driver/Src/stm32g4xx_hal_gpio.o
LOAD ./Drivers/STM32G4xx_HAL_Driver/Src/stm32g4xx_hal_pcd.o
LOAD ./Drivers/STM32G4xx_HAL_Driver/Src/stm32g4xx_hal_pcd_ex.o
LOAD ./Drivers/STM32G4xx_HAL_Driver/Src/stm32g4xx_hal_pwr.o
LOAD ./Drivers/STM32G4xx_HAL_Driver/Src/stm32g4xx_hal_pwr_ex.o
LOAD ./Drivers/STM32G4xx_HAL_Driver/Src/stm32g4xx_hal_rcc.o
LOAD ./Drivers/STM32G4xx_HAL_Driver/Src/stm32g4xx_hal_rcc_ex.o
LOAD ./Drivers/STM32G4xx_HAL_Driver/Src/stm32g4xx_hal_tim.o
LOAD ./Drivers/STM32G4xx_HAL_Driver/Src/stm32g4xx_hal_tim_ex.o
LOAD ./Drivers/STM32G4xx_HAL_Driver/Src/stm32g4xx_hal_uart.o
LOAD ./Drivers/STM32G4xx_HAL_Driver/Src/stm32g4xx_hal_uart_ex.o
LOAD ./Drivers/STM32G4xx_HAL_Driver/Src/stm32g4xx_ll_usb.o
LOAD ./Middlewares/ST/STM32_USB_Device_Library/Class/CDC/Src/usbd_cdc.o
LOAD ./Middlewares/ST/STM32_USB_Device_Library/Core/Src/usbd_core.o
LOAD ./Middlewares/ST/STM32_USB_Device_Library/Core/Src/usbd_ctlreq.o
LOAD ./Middlewares/ST/STM32_USB_Device_Library/Core/Src/usbd_ioreq.o
LOAD ./USB_Device/App/usb_device.o
LOAD ./USB_Device/App/usbd_cdc_if.o
LOAD ./USB_Device/App/usbd_desc.o
LOAD ./USB_Device/Target/usbd_conf.o
LOAD ./open-LIN-c/implementation/ST32/open_lin_hw_st32.o
LOAD ./open-LIN-c/open_lin_data_layer.o
LOAD ./open-LIN-c/open_lin_master_data_layer.o
LOAD ./open-LIN-c/open_lin_network_layer.o
LOAD ./open-LIN-c/open_lin_slave_data_layer.o
LOAD ./open-LIN-c/open_lin_transport_layer.o
START GROUP
LOAD C:/ST/STM32CubeIDE_1.16.0/STM32CubeIDE/plugins/com.st.stm32cube.ide.mcu.externaltools.gnu-tools-for-stm32.12.3.rel1.win32_1.0.200.202406191623/tools/bin/../lib/gcc/arm-none-eabi/12.3.1/../../../../arm-none-eabi/lib/thumb/v7e-m+fp/hard\libc_nano.a
LOAD C:/ST/STM32CubeIDE_1.16.0/STM32CubeIDE/plugins/com.st.stm32cube.ide.mcu.externaltools.gnu-tools-for-stm32.12.3.rel1.win32_1.0.200.202406191623/tools/bin/../lib/gcc/arm-none-eabi/12.3.1/../../../../arm-none-eabi/lib/thumb/v7e-m+fp/hard\libm.a
END GROUP
START GROUP
LOAD C:/ST/STM32CubeIDE_1.16.0/STM32CubeIDE/plugins/com.st.stm32cube.ide.mcu.externaltools.gnu-tools-for-stm32.12.3.rel1.win32_1.0.200.202406191623/tools/bin/../lib/gcc/arm-none-eabi/12.3.1/thumb/v7e-m+fp/hard\libgcc.a
LOAD C:/ST/STM32CubeIDE_1.16.0/STM32CubeIDE/plugins/com.st.stm32cube.ide.mcu.externaltools.gnu-tools-for-stm32.12.3.rel1.win32_1.0.200.202406191623/tools/bin/../lib/gcc/arm-none-eabi/12.3.1/../../../../arm-none-eabi/lib/thumb/v7e-m+fp/hard\libc_nano.a
END GROUP
START GROUP
LOAD C:/ST/STM32CubeIDE_1.16.0/STM32CubeIDE/plugins/com.st.stm32cube.ide.mcu.externaltools.gnu-tools-for-stm32.12.3.rel1.win32_1.0.200.202406191623/tools/bin/../lib/gcc/arm-none-eabi/12.3.1/thumb/v7e-m+fp/hard\libgcc.a
LOAD C:/ST/STM32CubeIDE_1.16.0/STM32CubeIDE/plugins/com.st.stm32cube.ide.mcu.externaltools.gnu-tools-for-stm32.12.3.rel1.win32_1.0.200.202406191623/tools/bin/../lib/gcc/arm-none-eabi/12.3.1/../../../../arm-none-eabi/lib/thumb/v7e-m+fp/hard\libc_nano.a
LOAD C:/ST/STM32CubeIDE_1.16.0/STM32CubeIDE/plugins/com.st.stm32cube.ide.mcu.externaltools.gnu-tools-for-stm32.12.3.rel1.win32_1.0.200.202406191623/tools/bin/../lib/gcc/arm-none-eabi/12.3.1/../../../../arm-none-eabi/lib/thumb/v7e-m+fp/hard\libnosys.a
END GROUP
START GROUP
LOAD C:/ST/STM32CubeIDE_1.16.0/STM32CubeIDE/plugins/com.st.stm32cube.ide.mcu.externaltools.gnu-tools-for-stm32.12.3.rel1.win32_1.0.200.202406191623/tools/bin/../lib/gcc/arm-none-eabi/12.3.1/thumb/v7e-m+fp/hard\libgcc.a
LOAD C:/ST/STM32CubeIDE_1.16.0/STM32CubeIDE/plugins/com.st.stm32cube.ide.mcu.externaltools.gnu-tools-for-stm32.12.3.rel1.win32_1.0.200.202406191623/tools/bin/../lib/gcc/arm-none-eabi/12.3.1/../../../../arm-none-eabi/lib/thumb/v7e-m+fp/hard\libc_nano.a
LOAD C:/ST/STM32CubeIDE_1.16.0/STM32CubeIDE/plugins/com.st.stm32cube.ide.mcu.externaltools.gnu-tools-for-stm32.12.3.rel1.win32_1.0.200.202406191623/tools/bin/../lib/gcc/arm-none-eabi/12.3.1/../../../../arm-none-eabi/lib/thumb/v7e-m+fp/hard\libnosys.a
END GROUP
LOAD C:/ST/STM32CubeIDE_1.16.0/STM32CubeIDE/plugins/com.st.stm32cube.ide.mcu.externaltools.gnu-tools-for-stm32.12.3.rel1.win32_1.0.200.202406191623/tools/bin/../lib/gcc/arm-none-eabi/12.3.1/thumb/v7e-m+fp/hard/crtend.o
LOAD C:/ST/STM32CubeIDE_1.16.0/STM32CubeIDE/plugins/com.st.stm32cube.ide.mcu.externaltools.gnu-tools-for-stm32.12.3.rel1.win32_1.0.200.202406191623/tools/bin/../lib/gcc/arm-none-eabi/12.3.1/thumb/v7e-m+fp/hard/crtn.o
                0x20008000                        _estack = (ORIGIN (RAM) + LENGTH (RAM))
                0x00000200                        _Min_Heap_Size = 0x200
                0x00000800                        _Min_Stack_Size = 0x800

.isr_vector     0x08000000      0x1d8
                0x08000000                        . = ALIGN (0x4)
 *(.isr_vector)
 .isr_vector    0x08000000      0x1d8 ./Core/Startup/startup_stm32g431kbtx.o
                0x08000000                g_pfnVectors
                0x080001d8                        . = ALIGN (0x4)

.text           0x080001d8     0xd28c
                0x080001d8                        . = ALIGN (0x4)
 *(.text)
 .text          0x080001d8       0x40 C:/ST/STM32CubeIDE_1.16.0/STM32CubeIDE/plugins/com.st.stm32cube.ide.mcu.externaltools.gnu-tools-for-stm32.12.3.rel1.win32_1.0.200.202406191623/tools/bin/../lib/gcc/arm-none-eabi/12.3.1/thumb/v7e-m+fp/hard/crtbegin.o
 .text          0x08000218       0x30 C:/ST/STM32CubeIDE_1.16.0/STM32CubeIDE/plugins/com.st.stm32cube.ide.mcu.externaltools.gnu-tools-for-stm32.12.3.rel1.win32_1.0.200.202406191623/tools/bin/../lib/gcc/arm-none-eabi/12.3.1/thumb/v7e-m+fp/hard\libgcc.a(_aeabi_uldivmod.o)
                0x08000218                __aeabi_uldivmod
 .text          0x08000248      0x2bc C:/ST/STM32CubeIDE_1.16.0/STM32CubeIDE/plugins/com.st.stm32cube.ide.mcu.externaltools.gnu-tools-for-stm32.12.3.rel1.win32_1.0.200.202406191623/tools/bin/../lib/gcc/arm-none-eabi/12.3.1/thumb/v7e-m+fp/hard\libgcc.a(_udivmoddi4.o)
                0x08000248                __udivmoddi4
 .text          0x08000504        0x4 C:/ST/STM32CubeIDE_1.16.0/STM32CubeIDE/plugins/com.st.stm32cube.ide.mcu.externaltools.gnu-tools-for-stm32.12.3.rel1.win32_1.0.200.202406191623/tools/bin/../lib/gcc/arm-none-eabi/12.3.1/thumb/v7e-m+fp/hard\libgcc.a(_dvmd_tls.o)
                0x08000504                __aeabi_idiv0
                0x08000504                __aeabi_ldiv0
 *(.text*)
 .text.RebootToBootloader
                0x08000508        0xe ./BSP/Src/bootloader.o
                0x08000508                RebootToBootloader
 .text.bootloaderSwitcher
                0x08000516        0xe ./BSP/Src/bootloader.o
                0x08000516                bootloaderSwitcher
 .text.toggleStatusLed
                0x08000524       0x14 ./BSP/Src/led.o
                0x08000524                toggleStatusLed
 .text.setLinkLed
                0x08000538       0x28 ./BSP/Src/led.o
                0x08000538                setLinkLed
 .text.slcan_get_master_table_row
                0x08000560       0x6c ./BSP/Src/lin_slcan.o
                0x08000560                slcan_get_master_table_row
 .text.addLinMasterRow
                0x080005cc      0x224 ./BSP/Src/lin_slcan.o
                0x080005cc                addLinMasterRow
 .text.lin_slcan_reset
                0x080007f0       0x2c ./BSP/Src/lin_slcan.o
                0x080007f0                lin_slcan_reset
 .text.lin_slcan_rx_handler
                0x0800081c       0x38 ./BSP/Src/lin_slcan.o
                0x0800081c                lin_slcan_rx_handler
 .text.open_lin_on_rx_frame
                0x08000854       0x16 ./BSP/Src/lin_slcan.o
                0x08000854                open_lin_on_rx_frame
 *fill*         0x0800086a        0x2 
 .text.lin_slcan_rx_timeout_handler
                0x0800086c       0x74 ./BSP/Src/lin_slcan.o
                0x0800086c                lin_slcan_rx_timeout_handler
 .text.lin_slcan_skip_header_reception
                0x080008e0       0x48 ./BSP/Src/lin_slcan.o
                0x080008e0                lin_slcan_skip_header_reception
 .text.lin_slcan_rx
                0x08000928      0x118 ./BSP/Src/lin_slcan.o
                0x08000928                lin_slcan_rx
 .text.slcanSetOutputChar
                0x08000a40       0x40 ./BSP/Src/slcan.o
 .text.slCanSendNibble
                0x08000a80       0x30 ./BSP/Src/slcan.o
 .text.slcanSetOutputAsHex
                0x08000ab0       0x2c ./BSP/Src/slcan.o
 .text.slcanOutputFlush
                0x08000adc       0x40 ./BSP/Src/slcan.o
 .text.slCanHandler
                0x08000b1c       0x48 ./BSP/Src/slcan.o
                0x08000b1c                slCanHandler
 .text.slCanProccesInput
                0x08000b64       0x70 ./BSP/Src/slcan.o
                0x08000b64                slCanProccesInput
 .text.parseHex
                0x08000bd4       0xba ./BSP/Src/slcan.o
                0x08000bd4                parseHex
 .text.transmitStd
                0x08000c8e      0x11a ./BSP/Src/slcan.o
 .text.USART1_UART_Init
                0x08000da8       0x80 ./BSP/Src/slcan.o
                0x08000da8                USART1_UART_Init
 .text.slCanCheckCommand
                0x08000e28      0x4b8 ./BSP/Src/slcan.o
                0x08000e28                slCanCheckCommand
 .text.slcanReciveCanFrame
                0x080012e0       0x7c ./BSP/Src/slcan.o
                0x080012e0                slcanReciveCanFrame
 .text.millis   0x0800135c        0xe ./BSP/Src/util.o
                0x0800135c                millis
 *fill*         0x0800136a        0x2 
 .text.MX_GPIO_Init
                0x0800136c       0xdc ./Core/Src/gpio.o
                0x0800136c                MX_GPIO_Init
 .text.__io_putchar
                0x08001448       0x24 ./Core/Src/main.o
                0x08001448                __io_putchar
 .text.main     0x0800146c       0x74 ./Core/Src/main.o
                0x0800146c                main
 .text.SystemClock_Config
                0x080014e0       0x96 ./Core/Src/main.o
                0x080014e0                SystemClock_Config
 *fill*         0x08001576        0x2 
 .text.HAL_UART_RxCpltCallback
                0x08001578       0x60 ./Core/Src/main.o
                0x08001578                HAL_UART_RxCpltCallback
 .text.HAL_UART_ErrorCallback
                0x080015d8       0x14 ./Core/Src/main.o
                0x080015d8                HAL_UART_ErrorCallback
 .text.HAL_TIM_PeriodElapsedCallback
                0x080015ec       0x24 ./Core/Src/main.o
                0x080015ec                HAL_TIM_PeriodElapsedCallback
 .text.Error_Handler
                0x08001610        0xc ./Core/Src/main.o
                0x08001610                Error_Handler
 .text.HAL_MspInit
                0x0800161c       0x48 ./Core/Src/stm32g4xx_hal_msp.o
                0x0800161c                HAL_MspInit
 .text.HAL_InitTick
                0x08001664       0xd8 ./Core/Src/stm32g4xx_hal_timebase_tim.o
                0x08001664                HAL_InitTick
 .text.NMI_Handler
                0x0800173c        0x8 ./Core/Src/stm32g4xx_it.o
                0x0800173c                NMI_Handler
 .text.HardFault_Handler
                0x08001744        0x8 ./Core/Src/stm32g4xx_it.o
                0x08001744                HardFault_Handler
 .text.MemManage_Handler
                0x0800174c        0x8 ./Core/Src/stm32g4xx_it.o
                0x0800174c                MemManage_Handler
 .text.BusFault_Handler
                0x08001754        0x8 ./Core/Src/stm32g4xx_it.o
                0x08001754                BusFault_Handler
 .text.UsageFault_Handler
                0x0800175c        0x8 ./Core/Src/stm32g4xx_it.o
                0x0800175c                UsageFault_Handler
 .text.SVC_Handler
                0x08001764        0xe ./Core/Src/stm32g4xx_it.o
                0x08001764                SVC_Handler
 .text.DebugMon_Handler
                0x08001772        0xe ./Core/Src/stm32g4xx_it.o
                0x08001772                DebugMon_Handler
 .text.PendSV_Handler
                0x08001780        0xe ./Core/Src/stm32g4xx_it.o
                0x08001780                PendSV_Handler
 .text.SysTick_Handler
                0x0800178e        0xe ./Core/Src/stm32g4xx_it.o
                0x0800178e                SysTick_Handler
 .text.USB_LP_IRQHandler
                0x0800179c       0x14 ./Core/Src/stm32g4xx_it.o
                0x0800179c                USB_LP_IRQHandler
 .text.TIM1_UP_TIM16_IRQHandler
                0x080017b0       0x38 ./Core/Src/stm32g4xx_it.o
                0x080017b0                TIM1_UP_TIM16_IRQHandler
 .text.USART1_IRQHandler
                0x080017e8       0x14 ./Core/Src/stm32g4xx_it.o
                0x080017e8                USART1_IRQHandler
 .text.USART2_IRQHandler
                0x080017fc       0x14 ./Core/Src/stm32g4xx_it.o
                0x080017fc                USART2_IRQHandler
 .text._read    0x08001810       0x3a ./Core/Src/syscalls.o
                0x08001810                _read
 .text._write   0x0800184a       0x38 ./Core/Src/syscalls.o
                0x0800184a                _write
 .text._close   0x08001882       0x18 ./Core/Src/syscalls.o
                0x08001882                _close
 .text._fstat   0x0800189a       0x20 ./Core/Src/syscalls.o
                0x0800189a                _fstat
 .text._isatty  0x080018ba       0x16 ./Core/Src/syscalls.o
                0x080018ba                _isatty
 .text._lseek   0x080018d0       0x1a ./Core/Src/syscalls.o
                0x080018d0                _lseek
 *fill*         0x080018ea        0x2 
 .text._sbrk    0x080018ec       0x6c ./Core/Src/sysmem.o
                0x080018ec                _sbrk
 .text.SystemInit
                0x08001958       0x24 ./Core/Src/system_stm32g4xx.o
                0x08001958                SystemInit
 .text.MX_USART1_UART_Init
                0x0800197c       0xa4 ./Core/Src/usart.o
                0x0800197c                MX_USART1_UART_Init
 .text.MX_USART2_UART_Init
                0x08001a20       0x98 ./Core/Src/usart.o
                0x08001a20                MX_USART2_UART_Init
 .text.HAL_UART_MspInit
                0x08001ab8      0x18c ./Core/Src/usart.o
                0x08001ab8                HAL_UART_MspInit
 .text.Reset_Handler
                0x08001c44       0x50 ./Core/Startup/startup_stm32g431kbtx.o
                0x08001c44                Reset_Handler
 .text.Default_Handler
                0x08001c94        0x2 ./Core/Startup/startup_stm32g431kbtx.o
                0x08001c94                RTC_Alarm_IRQHandler
                0x08001c94                EXTI2_IRQHandler
                0x08001c94                TIM8_TRG_COM_IRQHandler
                0x08001c94                TIM8_CC_IRQHandler
                0x08001c94                TIM1_CC_IRQHandler
                0x08001c94                USB_HP_IRQHandler
                0x08001c94                CORDIC_IRQHandler
                0x08001c94                EXTI3_IRQHandler
                0x08001c94                I2C3_ER_IRQHandler
                0x08001c94                EXTI0_IRQHandler
                0x08001c94                I2C2_EV_IRQHandler
                0x08001c94                FPU_IRQHandler
                0x08001c94                FDCAN1_IT1_IRQHandler
                0x08001c94                ADC1_2_IRQHandler
                0x08001c94                SPI1_IRQHandler
                0x08001c94                TIM6_DAC_IRQHandler
                0x08001c94                TIM8_UP_IRQHandler
                0x08001c94                DMA2_Channel2_IRQHandler
                0x08001c94                DMA1_Channel4_IRQHandler
                0x08001c94                USART3_IRQHandler
                0x08001c94                TIM4_IRQHandler
                0x08001c94                DMA2_Channel1_IRQHandler
                0x08001c94                I2C1_EV_IRQHandler
                0x08001c94                DMA1_Channel6_IRQHandler
                0x08001c94                UART4_IRQHandler
                0x08001c94                DMA2_Channel4_IRQHandler
                0x08001c94                TIM3_IRQHandler
                0x08001c94                RCC_IRQHandler
                0x08001c94                DMA1_Channel1_IRQHandler
                0x08001c94                Default_Handler
                0x08001c94                RTC_TAMP_LSECSS_IRQHandler
                0x08001c94                FMAC_IRQHandler
                0x08001c94                EXTI15_10_IRQHandler
                0x08001c94                TIM7_IRQHandler
                0x08001c94                UCPD1_IRQHandler
                0x08001c94                I2C3_EV_IRQHandler
                0x08001c94                EXTI9_5_IRQHandler
                0x08001c94                RTC_WKUP_IRQHandler
                0x08001c94                PVD_PVM_IRQHandler
                0x08001c94                SPI2_IRQHandler
                0x08001c94                DMA2_Channel5_IRQHandler
                0x08001c94                CRS_IRQHandler
                0x08001c94                DMA1_Channel5_IRQHandler
                0x08001c94                EXTI4_IRQHandler
                0x08001c94                RNG_IRQHandler
                0x08001c94                TIM1_TRG_COM_TIM17_IRQHandler
                0x08001c94                DMA1_Channel3_IRQHandler
                0x08001c94                WWDG_IRQHandler
                0x08001c94                LPUART1_IRQHandler
                0x08001c94                DMA2_Channel6_IRQHandler
                0x08001c94                FDCAN1_IT0_IRQHandler
                0x08001c94                TIM2_IRQHandler
                0x08001c94                COMP1_2_3_IRQHandler
                0x08001c94                EXTI1_IRQHandler
                0x08001c94                I2C2_ER_IRQHandler
                0x08001c94                DMA1_Channel2_IRQHandler
                0x08001c94                TIM8_BRK_IRQHandler
                0x08001c94                FLASH_IRQHandler
                0x08001c94                SPI3_IRQHandler
                0x08001c94                I2C1_ER_IRQHandler
                0x08001c94                LPTIM1_IRQHandler
                0x08001c94                DMAMUX_OVR_IRQHandler
                0x08001c94                USBWakeUp_IRQHandler
                0x08001c94                SAI1_IRQHandler
                0x08001c94                DMA2_Channel3_IRQHandler
                0x08001c94                COMP4_IRQHandler
                0x08001c94                TIM1_BRK_TIM15_IRQHandler
 .text.HAL_Init
                0x08001c96       0x30 ./Drivers/STM32G4xx_HAL_Driver/Src/stm32g4xx_hal.o
                0x08001c96                HAL_Init
 *fill*         0x08001cc6        0x2 
 .text.HAL_IncTick
                0x08001cc8       0x24 ./Drivers/STM32G4xx_HAL_Driver/Src/stm32g4xx_hal.o
                0x08001cc8                HAL_IncTick
 .text.HAL_GetTick
                0x08001cec       0x18 ./Drivers/STM32G4xx_HAL_Driver/Src/stm32g4xx_hal.o
                0x08001cec                HAL_GetTick
 .text.__NVIC_SetPriorityGrouping
                0x08001d04       0x48 ./Drivers/STM32G4xx_HAL_Driver/Src/stm32g4xx_hal_cortex.o
 .text.__NVIC_GetPriorityGrouping
                0x08001d4c       0x1c ./Drivers/STM32G4xx_HAL_Driver/Src/stm32g4xx_hal_cortex.o
 .text.__NVIC_EnableIRQ
                0x08001d68       0x3c ./Drivers/STM32G4xx_HAL_Driver/Src/stm32g4xx_hal_cortex.o
 .text.__NVIC_SetPriority
                0x08001da4       0x54 ./Drivers/STM32G4xx_HAL_Driver/Src/stm32g4xx_hal_cortex.o
 .text.NVIC_EncodePriority
                0x08001df8       0x66 ./Drivers/STM32G4xx_HAL_Driver/Src/stm32g4xx_hal_cortex.o
 .text.HAL_NVIC_SetPriorityGrouping
                0x08001e5e       0x16 ./Drivers/STM32G4xx_HAL_Driver/Src/stm32g4xx_hal_cortex.o
                0x08001e5e                HAL_NVIC_SetPriorityGrouping
 .text.HAL_NVIC_SetPriority
                0x08001e74       0x34 ./Drivers/STM32G4xx_HAL_Driver/Src/stm32g4xx_hal_cortex.o
                0x08001e74                HAL_NVIC_SetPriority
 .text.HAL_NVIC_EnableIRQ
                0x08001ea8       0x1c ./Drivers/STM32G4xx_HAL_Driver/Src/stm32g4xx_hal_cortex.o
                0x08001ea8                HAL_NVIC_EnableIRQ
 .text.HAL_DMA_Abort
                0x08001ec4       0xb2 ./Drivers/STM32G4xx_HAL_Driver/Src/stm32g4xx_hal_dma.o
                0x08001ec4                HAL_DMA_Abort
 .text.HAL_DMA_Abort_IT
                0x08001f76       0xce ./Drivers/STM32G4xx_HAL_Driver/Src/stm32g4xx_hal_dma.o
                0x08001f76                HAL_DMA_Abort_IT
 .text.HAL_GPIO_Init
                0x08002044      0x304 ./Drivers/STM32G4xx_HAL_Driver/Src/stm32g4xx_hal_gpio.o
                0x08002044                HAL_GPIO_Init
 .text.HAL_GPIO_WritePin
                0x08002348       0x30 ./Drivers/STM32G4xx_HAL_Driver/Src/stm32g4xx_hal_gpio.o
                0x08002348                HAL_GPIO_WritePin
 .text.HAL_GPIO_TogglePin
                0x08002378       0x34 ./Drivers/STM32G4xx_HAL_Driver/Src/stm32g4xx_hal_gpio.o
                0x08002378                HAL_GPIO_TogglePin
 .text.HAL_PCD_Init
                0x080023ac      0x19c ./Drivers/STM32G4xx_HAL_Driver/Src/stm32g4xx_hal_pcd.o
                0x080023ac                HAL_PCD_Init
 .text.HAL_PCD_Start
                0x08002548       0x44 ./Drivers/STM32G4xx_HAL_Driver/Src/stm32g4xx_hal_pcd.o
                0x08002548                HAL_PCD_Start
 .text.HAL_PCD_IRQHandler
                0x0800258c      0x24e ./Drivers/STM32G4xx_HAL_Driver/Src/stm32g4xx_hal_pcd.o
                0x0800258c                HAL_PCD_IRQHandler
 .text.HAL_PCD_SetAddress
                0x080027da       0x48 ./Drivers/STM32G4xx_HAL_Driver/Src/stm32g4xx_hal_pcd.o
                0x080027da                HAL_PCD_SetAddress
 .text.HAL_PCD_EP_Open
                0x08002822       0xbe ./Drivers/STM32G4xx_HAL_Driver/Src/stm32g4xx_hal_pcd.o
                0x08002822                HAL_PCD_EP_Open
 .text.HAL_PCD_EP_Close
                0x080028e0       0x90 ./Drivers/STM32G4xx_HAL_Driver/Src/stm32g4xx_hal_pcd.o
                0x080028e0                HAL_PCD_EP_Close
 .text.HAL_PCD_EP_Receive
                0x08002970       0x62 ./Drivers/STM32G4xx_HAL_Driver/Src/stm32g4xx_hal_pcd.o
                0x08002970                HAL_PCD_EP_Receive
 .text.HAL_PCD_EP_GetRxCount
                0x080029d2       0x30 ./Drivers/STM32G4xx_HAL_Driver/Src/stm32g4xx_hal_pcd.o
                0x080029d2                HAL_PCD_EP_GetRxCount
 .text.HAL_PCD_EP_Transmit
                0x08002a02       0x6e ./Drivers/STM32G4xx_HAL_Driver/Src/stm32g4xx_hal_pcd.o
                0x08002a02                HAL_PCD_EP_Transmit
 .text.HAL_PCD_EP_SetStall
                0x08002a70       0xa4 ./Drivers/STM32G4xx_HAL_Driver/Src/stm32g4xx_hal_pcd.o
                0x08002a70                HAL_PCD_EP_SetStall
 .text.HAL_PCD_EP_ClrStall
                0x08002b14       0xa8 ./Drivers/STM32G4xx_HAL_Driver/Src/stm32g4xx_hal_pcd.o
                0x08002b14                HAL_PCD_EP_ClrStall
 .text.PCD_EP_ISR_Handler
                0x08002bbc      0x782 ./Drivers/STM32G4xx_HAL_Driver/Src/stm32g4xx_hal_pcd.o
 .text.HAL_PCD_EP_DB_Receive
                0x0800333e      0x212 ./Drivers/STM32G4xx_HAL_Driver/Src/stm32g4xx_hal_pcd.o
 .text.HAL_PCD_EP_DB_Transmit
                0x08003550      0x7ec ./Drivers/STM32G4xx_HAL_Driver/Src/stm32g4xx_hal_pcd.o
 .text.HAL_PCDEx_PMAConfig
                0x08003d3c       0x86 ./Drivers/STM32G4xx_HAL_Driver/Src/stm32g4xx_hal_pcd_ex.o
                0x08003d3c                HAL_PCDEx_PMAConfig
 .text.HAL_PCDEx_ActivateLPM
                0x08003dc2       0x54 ./Drivers/STM32G4xx_HAL_Driver/Src/stm32g4xx_hal_pcd_ex.o
                0x08003dc2                HAL_PCDEx_ActivateLPM
 *fill*         0x08003e16        0x2 
 .text.HAL_PWREx_ControlVoltageScaling
                0x08003e18      0x148 ./Drivers/STM32G4xx_HAL_Driver/Src/stm32g4xx_hal_pwr_ex.o
                0x08003e18                HAL_PWREx_ControlVoltageScaling
 .text.HAL_PWREx_DisableUCPDDeadBattery
                0x08003f60       0x20 ./Drivers/STM32G4xx_HAL_Driver/Src/stm32g4xx_hal_pwr_ex.o
                0x08003f60                HAL_PWREx_DisableUCPDDeadBattery
 .text.HAL_RCC_OscConfig
                0x08003f80      0x624 ./Drivers/STM32G4xx_HAL_Driver/Src/stm32g4xx_hal_rcc.o
                0x08003f80                HAL_RCC_OscConfig
 .text.HAL_RCC_ClockConfig
                0x080045a4      0x278 ./Drivers/STM32G4xx_HAL_Driver/Src/stm32g4xx_hal_rcc.o
                0x080045a4                HAL_RCC_ClockConfig
 .text.HAL_RCC_GetSysClockFreq
                0x0800481c       0xc4 ./Drivers/STM32G4xx_HAL_Driver/Src/stm32g4xx_hal_rcc.o
                0x0800481c                HAL_RCC_GetSysClockFreq
 .text.HAL_RCC_GetHCLKFreq
                0x080048e0       0x18 ./Drivers/STM32G4xx_HAL_Driver/Src/stm32g4xx_hal_rcc.o
                0x080048e0                HAL_RCC_GetHCLKFreq
 .text.HAL_RCC_GetPCLK1Freq
                0x080048f8       0x2c ./Drivers/STM32G4xx_HAL_Driver/Src/stm32g4xx_hal_rcc.o
                0x080048f8                HAL_RCC_GetPCLK1Freq
 .text.HAL_RCC_GetPCLK2Freq
                0x08004924       0x2c ./Drivers/STM32G4xx_HAL_Driver/Src/stm32g4xx_hal_rcc.o
                0x08004924                HAL_RCC_GetPCLK2Freq
 .text.HAL_RCC_GetClockConfig
                0x08004950       0x64 ./Drivers/STM32G4xx_HAL_Driver/Src/stm32g4xx_hal_rcc.o
                0x08004950                HAL_RCC_GetClockConfig
 .text.RCC_GetSysClockFreqFromPLLSource
                0x080049b4       0x8c ./Drivers/STM32G4xx_HAL_Driver/Src/stm32g4xx_hal_rcc.o
 .text.HAL_RCCEx_PeriphCLKConfig
                0x08004a40      0x3e0 ./Drivers/STM32G4xx_HAL_Driver/Src/stm32g4xx_hal_rcc_ex.o
                0x08004a40                HAL_RCCEx_PeriphCLKConfig
 .text.HAL_TIM_Base_Init
                0x08004e20       0xae ./Drivers/STM32G4xx_HAL_Driver/Src/stm32g4xx_hal_tim.o
                0x08004e20                HAL_TIM_Base_Init
 .text.HAL_TIM_Base_MspInit
                0x08004ece       0x14 ./Drivers/STM32G4xx_HAL_Driver/Src/stm32g4xx_hal_tim.o
                0x08004ece                HAL_TIM_Base_MspInit
 *fill*         0x08004ee2        0x2 
 .text.HAL_TIM_Base_Start_IT
                0x08004ee4       0xd4 ./Drivers/STM32G4xx_HAL_Driver/Src/stm32g4xx_hal_tim.o
                0x08004ee4                HAL_TIM_Base_Start_IT
 .text.HAL_TIM_IRQHandler
                0x08004fb8      0x29e ./Drivers/STM32G4xx_HAL_Driver/Src/stm32g4xx_hal_tim.o
                0x08004fb8                HAL_TIM_IRQHandler
 .text.HAL_TIM_OC_DelayElapsedCallback
                0x08005256       0x14 ./Drivers/STM32G4xx_HAL_Driver/Src/stm32g4xx_hal_tim.o
                0x08005256                HAL_TIM_OC_DelayElapsedCallback
 .text.HAL_TIM_IC_CaptureCallback
                0x0800526a       0x14 ./Drivers/STM32G4xx_HAL_Driver/Src/stm32g4xx_hal_tim.o
                0x0800526a                HAL_TIM_IC_CaptureCallback
 .text.HAL_TIM_PWM_PulseFinishedCallback
                0x0800527e       0x14 ./Drivers/STM32G4xx_HAL_Driver/Src/stm32g4xx_hal_tim.o
                0x0800527e                HAL_TIM_PWM_PulseFinishedCallback
 .text.HAL_TIM_TriggerCallback
                0x08005292       0x14 ./Drivers/STM32G4xx_HAL_Driver/Src/stm32g4xx_hal_tim.o
                0x08005292                HAL_TIM_TriggerCallback
 *fill*         0x080052a6        0x2 
 .text.TIM_Base_SetConfig
                0x080052a8      0x138 ./Drivers/STM32G4xx_HAL_Driver/Src/stm32g4xx_hal_tim.o
                0x080052a8                TIM_Base_SetConfig
 .text.HAL_TIMEx_CommutCallback
                0x080053e0       0x14 ./Drivers/STM32G4xx_HAL_Driver/Src/stm32g4xx_hal_tim_ex.o
                0x080053e0                HAL_TIMEx_CommutCallback
 .text.HAL_TIMEx_BreakCallback
                0x080053f4       0x14 ./Drivers/STM32G4xx_HAL_Driver/Src/stm32g4xx_hal_tim_ex.o
                0x080053f4                HAL_TIMEx_BreakCallback
 .text.HAL_TIMEx_Break2Callback
                0x08005408       0x14 ./Drivers/STM32G4xx_HAL_Driver/Src/stm32g4xx_hal_tim_ex.o
                0x08005408                HAL_TIMEx_Break2Callback
 .text.HAL_TIMEx_EncoderIndexCallback
                0x0800541c       0x14 ./Drivers/STM32G4xx_HAL_Driver/Src/stm32g4xx_hal_tim_ex.o
                0x0800541c                HAL_TIMEx_EncoderIndexCallback
 .text.HAL_TIMEx_DirectionChangeCallback
                0x08005430       0x14 ./Drivers/STM32G4xx_HAL_Driver/Src/stm32g4xx_hal_tim_ex.o
                0x08005430                HAL_TIMEx_DirectionChangeCallback
 .text.HAL_TIMEx_IndexErrorCallback
                0x08005444       0x14 ./Drivers/STM32G4xx_HAL_Driver/Src/stm32g4xx_hal_tim_ex.o
                0x08005444                HAL_TIMEx_IndexErrorCallback
 .text.HAL_TIMEx_TransitionErrorCallback
                0x08005458       0x14 ./Drivers/STM32G4xx_HAL_Driver/Src/stm32g4xx_hal_tim_ex.o
                0x08005458                HAL_TIMEx_TransitionErrorCallback
 .text.HAL_UART_Init
                0x0800546c       0xa0 ./Drivers/STM32G4xx_HAL_Driver/Src/stm32g4xx_hal_uart.o
                0x0800546c                HAL_UART_Init
 .text.HAL_LIN_Init
                0x0800550c       0xe0 ./Drivers/STM32G4xx_HAL_Driver/Src/stm32g4xx_hal_uart.o
                0x0800550c                HAL_LIN_Init
 .text.HAL_UART_Transmit
                0x080055ec      0x11c ./Drivers/STM32G4xx_HAL_Driver/Src/stm32g4xx_hal_uart.o
                0x080055ec                HAL_UART_Transmit
 .text.HAL_UART_Receive_IT
                0x08005708       0x98 ./Drivers/STM32G4xx_HAL_Driver/Src/stm32g4xx_hal_uart.o
                0x08005708                HAL_UART_Receive_IT
 .text.HAL_UART_IRQHandler
                0x080057a0      0x684 ./Drivers/STM32G4xx_HAL_Driver/Src/stm32g4xx_hal_uart.o
                0x080057a0                HAL_UART_IRQHandler
 .text.HAL_UART_TxCpltCallback
                0x08005e24       0x14 ./Drivers/STM32G4xx_HAL_Driver/Src/stm32g4xx_hal_uart.o
                0x08005e24                HAL_UART_TxCpltCallback
 .text.HAL_UARTEx_RxEventCallback
                0x08005e38       0x18 ./Drivers/STM32G4xx_HAL_Driver/Src/stm32g4xx_hal_uart.o
                0x08005e38                HAL_UARTEx_RxEventCallback
 .text.HAL_LIN_SendBreak
                0x08005e50       0x54 ./Drivers/STM32G4xx_HAL_Driver/Src/stm32g4xx_hal_uart.o
                0x08005e50                HAL_LIN_SendBreak
 .text.UART_SetConfig
                0x08005ea4      0x598 ./Drivers/STM32G4xx_HAL_Driver/Src/stm32g4xx_hal_uart.o
                0x08005ea4                UART_SetConfig
 .text.UART_AdvFeatureConfig
                0x0800643c      0x144 ./Drivers/STM32G4xx_HAL_Driver/Src/stm32g4xx_hal_uart.o
                0x0800643c                UART_AdvFeatureConfig
 .text.UART_CheckIdleState
                0x08006580      0x154 ./Drivers/STM32G4xx_HAL_Driver/Src/stm32g4xx_hal_uart.o
                0x08006580                UART_CheckIdleState
 .text.UART_WaitOnFlagUntilTimeout
                0x080066d4       0xda ./Drivers/STM32G4xx_HAL_Driver/Src/stm32g4xx_hal_uart.o
                0x080066d4                UART_WaitOnFlagUntilTimeout
 *fill*         0x080067ae        0x2 
 .text.UART_Start_Receive_IT
                0x080067b0      0x244 ./Drivers/STM32G4xx_HAL_Driver/Src/stm32g4xx_hal_uart.o
                0x080067b0                UART_Start_Receive_IT
 .text.UART_EndRxTransfer
                0x080069f4       0xcc ./Drivers/STM32G4xx_HAL_Driver/Src/stm32g4xx_hal_uart.o
 .text.UART_DMAAbortOnError
                0x08006ac0       0x2c ./Drivers/STM32G4xx_HAL_Driver/Src/stm32g4xx_hal_uart.o
 .text.UART_EndTransmit_IT
                0x08006aec       0x56 ./Drivers/STM32G4xx_HAL_Driver/Src/stm32g4xx_hal_uart.o
 *fill*         0x08006b42        0x2 
 .text.UART_RxISR_8BIT
                0x08006b44      0x1b8 ./Drivers/STM32G4xx_HAL_Driver/Src/stm32g4xx_hal_uart.o
 .text.UART_RxISR_16BIT
                0x08006cfc      0x1b8 ./Drivers/STM32G4xx_HAL_Driver/Src/stm32g4xx_hal_uart.o
 .text.UART_RxISR_8BIT_FIFOEN
                0x08006eb4      0x364 ./Drivers/STM32G4xx_HAL_Driver/Src/stm32g4xx_hal_uart.o
 .text.UART_RxISR_16BIT_FIFOEN
                0x08007218      0x36c ./Drivers/STM32G4xx_HAL_Driver/Src/stm32g4xx_hal_uart.o
 .text.HAL_UARTEx_WakeupCallback
                0x08007584       0x14 ./Drivers/STM32G4xx_HAL_Driver/Src/stm32g4xx_hal_uart_ex.o
                0x08007584                HAL_UARTEx_WakeupCallback
 .text.HAL_UARTEx_RxFifoFullCallback
                0x08007598       0x14 ./Drivers/STM32G4xx_HAL_Driver/Src/stm32g4xx_hal_uart_ex.o
                0x08007598                HAL_UARTEx_RxFifoFullCallback
 .text.HAL_UARTEx_TxFifoEmptyCallback
                0x080075ac       0x14 ./Drivers/STM32G4xx_HAL_Driver/Src/stm32g4xx_hal_uart_ex.o
                0x080075ac                HAL_UARTEx_TxFifoEmptyCallback
 .text.HAL_UARTEx_DisableFifoMode
                0x080075c0       0x72 ./Drivers/STM32G4xx_HAL_Driver/Src/stm32g4xx_hal_uart_ex.o
                0x080075c0                HAL_UARTEx_DisableFifoMode
 .text.HAL_UARTEx_SetTxFifoThreshold
                0x08007632       0x7c ./Drivers/STM32G4xx_HAL_Driver/Src/stm32g4xx_hal_uart_ex.o
                0x08007632                HAL_UARTEx_SetTxFifoThreshold
 .text.HAL_UARTEx_SetRxFifoThreshold
                0x080076ae       0x7c ./Drivers/STM32G4xx_HAL_Driver/Src/stm32g4xx_hal_uart_ex.o
                0x080076ae                HAL_UARTEx_SetRxFifoThreshold
 *fill*         0x0800772a        0x2 
 .text.UARTEx_SetNbDataToProcess
                0x0800772c       0x9c ./Drivers/STM32G4xx_HAL_Driver/Src/stm32g4xx_hal_uart_ex.o
 .text.USB_EnableGlobalInt
                0x080077c8       0x2e ./Drivers/STM32G4xx_HAL_Driver/Src/stm32g4xx_ll_usb.o
                0x080077c8                USB_EnableGlobalInt
 .text.USB_DisableGlobalInt
                0x080077f6       0x36 ./Drivers/STM32G4xx_HAL_Driver/Src/stm32g4xx_ll_usb.o
                0x080077f6                USB_DisableGlobalInt
 .text.USB_DevInit
                0x0800782c       0x3c ./Drivers/STM32G4xx_HAL_Driver/Src/stm32g4xx_ll_usb.o
                0x0800782c                USB_DevInit
 .text.USB_ActivateEndpoint
                0x08007868      0x788 ./Drivers/STM32G4xx_HAL_Driver/Src/stm32g4xx_ll_usb.o
                0x08007868                USB_ActivateEndpoint
 .text.USB_DeactivateEndpoint
                0x08007ff0      0x3da ./Drivers/STM32G4xx_HAL_Driver/Src/stm32g4xx_ll_usb.o
                0x08007ff0                USB_DeactivateEndpoint
 .text.USB_EPStartXfer
                0x080083ca     0x1764 ./Drivers/STM32G4xx_HAL_Driver/Src/stm32g4xx_ll_usb.o
                0x080083ca                USB_EPStartXfer
 .text.USB_EPSetStall
                0x08009b2e       0xa2 ./Drivers/STM32G4xx_HAL_Driver/Src/stm32g4xx_ll_usb.o
                0x08009b2e                USB_EPSetStall
 .text.USB_EPClearStall
                0x08009bd0      0x15c ./Drivers/STM32G4xx_HAL_Driver/Src/stm32g4xx_ll_usb.o
                0x08009bd0                USB_EPClearStall
 .text.USB_SetDevAddress
                0x08009d2c       0x28 ./Drivers/STM32G4xx_HAL_Driver/Src/stm32g4xx_ll_usb.o
                0x08009d2c                USB_SetDevAddress
 .text.USB_DevConnect
                0x08009d54       0x2e ./Drivers/STM32G4xx_HAL_Driver/Src/stm32g4xx_ll_usb.o
                0x08009d54                USB_DevConnect
 .text.USB_ReadInterrupts
                0x08009d82       0x20 ./Drivers/STM32G4xx_HAL_Driver/Src/stm32g4xx_ll_usb.o
                0x08009d82                USB_ReadInterrupts
 .text.USB_WritePMA
                0x08009da2       0x84 ./Drivers/STM32G4xx_HAL_Driver/Src/stm32g4xx_ll_usb.o
                0x08009da2                USB_WritePMA
 .text.USB_ReadPMA
                0x08009e26       0x98 ./Drivers/STM32G4xx_HAL_Driver/Src/stm32g4xx_ll_usb.o
                0x08009e26                USB_ReadPMA
 .text.USBD_CDC_Init
                0x08009ebe       0xfe ./Middlewares/ST/STM32_USB_Device_Library/Class/CDC/Src/usbd_cdc.o
 .text.USBD_CDC_DeInit
                0x08009fbc       0x74 ./Middlewares/ST/STM32_USB_Device_Library/Class/CDC/Src/usbd_cdc.o
 .text.USBD_CDC_Setup
                0x0800a030      0x190 ./Middlewares/ST/STM32_USB_Device_Library/Class/CDC/Src/usbd_cdc.o
 .text.USBD_CDC_DataIn
                0x0800a1c0       0xca ./Middlewares/ST/STM32_USB_Device_Library/Class/CDC/Src/usbd_cdc.o
 .text.USBD_CDC_DataOut
                0x0800a28a       0x56 ./Middlewares/ST/STM32_USB_Device_Library/Class/CDC/Src/usbd_cdc.o
 .text.USBD_CDC_EP0_RxReady
                0x0800a2e0       0x58 ./Middlewares/ST/STM32_USB_Device_Library/Class/CDC/Src/usbd_cdc.o
 .text.USBD_CDC_GetFSCfgDesc
                0x0800a338       0x20 ./Middlewares/ST/STM32_USB_Device_Library/Class/CDC/Src/usbd_cdc.o
 .text.USBD_CDC_GetHSCfgDesc
                0x0800a358       0x20 ./Middlewares/ST/STM32_USB_Device_Library/Class/CDC/Src/usbd_cdc.o
 .text.USBD_CDC_GetOtherSpeedCfgDesc
                0x0800a378       0x20 ./Middlewares/ST/STM32_USB_Device_Library/Class/CDC/Src/usbd_cdc.o
 .text.USBD_CDC_GetDeviceQualifierDescriptor
                0x0800a398       0x20 ./Middlewares/ST/STM32_USB_Device_Library/Class/CDC/Src/usbd_cdc.o
                0x0800a398                USBD_CDC_GetDeviceQualifierDescriptor
 .text.USBD_CDC_RegisterInterface
                0x0800a3b8       0x2a ./Middlewares/ST/STM32_USB_Device_Library/Class/CDC/Src/usbd_cdc.o
                0x0800a3b8                USBD_CDC_RegisterInterface
 .text.USBD_CDC_SetTxBuffer
                0x0800a3e2       0x3c ./Middlewares/ST/STM32_USB_Device_Library/Class/CDC/Src/usbd_cdc.o
                0x0800a3e2                USBD_CDC_SetTxBuffer
 .text.USBD_CDC_SetRxBuffer
                0x0800a41e       0x32 ./Middlewares/ST/STM32_USB_Device_Library/Class/CDC/Src/usbd_cdc.o
                0x0800a41e                USBD_CDC_SetRxBuffer
 .text.USBD_CDC_TransmitPacket
                0x0800a450       0x60 ./Middlewares/ST/STM32_USB_Device_Library/Class/CDC/Src/usbd_cdc.o
                0x0800a450                USBD_CDC_TransmitPacket
 .text.USBD_CDC_ReceivePacket
                0x0800a4b0       0x54 ./Middlewares/ST/STM32_USB_Device_Library/Class/CDC/Src/usbd_cdc.o
                0x0800a4b0                USBD_CDC_ReceivePacket
 .text.USBD_Init
                0x0800a504       0x60 ./Middlewares/ST/STM32_USB_Device_Library/Core/Src/usbd_core.o
                0x0800a504                USBD_Init
 .text.USBD_RegisterClass
                0x0800a564       0x4e ./Middlewares/ST/STM32_USB_Device_Library/Core/Src/usbd_core.o
                0x0800a564                USBD_RegisterClass
 .text.USBD_Start
                0x0800a5b2       0x18 ./Middlewares/ST/STM32_USB_Device_Library/Core/Src/usbd_core.o
                0x0800a5b2                USBD_Start
 .text.USBD_RunTestMode
                0x0800a5ca       0x16 ./Middlewares/ST/STM32_USB_Device_Library/Core/Src/usbd_core.o
                0x0800a5ca                USBD_RunTestMode
 .text.USBD_SetClassConfig
                0x0800a5e0       0x38 ./Middlewares/ST/STM32_USB_Device_Library/Core/Src/usbd_core.o
                0x0800a5e0                USBD_SetClassConfig
 .text.USBD_ClrClassConfig
                0x0800a618       0x30 ./Middlewares/ST/STM32_USB_Device_Library/Core/Src/usbd_core.o
                0x0800a618                USBD_ClrClassConfig
 .text.USBD_LL_SetupStage
                0x0800a648       0xaa ./Middlewares/ST/STM32_USB_Device_Library/Core/Src/usbd_core.o
                0x0800a648                USBD_LL_SetupStage
 .text.USBD_LL_DataOutStage
                0x0800a6f2       0xc6 ./Middlewares/ST/STM32_USB_Device_Library/Core/Src/usbd_core.o
                0x0800a6f2                USBD_LL_DataOutStage
 .text.USBD_LL_DataInStage
                0x0800a7b8      0x12c ./Middlewares/ST/STM32_USB_Device_Library/Core/Src/usbd_core.o
                0x0800a7b8                USBD_LL_DataInStage
 .text.USBD_LL_Reset
                0x0800a8e4       0x9c ./Middlewares/ST/STM32_USB_Device_Library/Core/Src/usbd_core.o
                0x0800a8e4                USBD_LL_Reset
 .text.USBD_LL_SetSpeed
                0x0800a980       0x20 ./Middlewares/ST/STM32_USB_Device_Library/Core/Src/usbd_core.o
                0x0800a980                USBD_LL_SetSpeed
 .text.USBD_LL_Suspend
                0x0800a9a0       0x2c ./Middlewares/ST/STM32_USB_Device_Library/Core/Src/usbd_core.o
                0x0800a9a0                USBD_LL_Suspend
 .text.USBD_LL_Resume
                0x0800a9cc       0x30 ./Middlewares/ST/STM32_USB_Device_Library/Core/Src/usbd_core.o
                0x0800a9cc                USBD_LL_Resume
 .text.USBD_LL_SOF
                0x0800a9fc       0x44 ./Middlewares/ST/STM32_USB_Device_Library/Core/Src/usbd_core.o
                0x0800a9fc                USBD_LL_SOF
 .text.SWAPBYTE
                0x0800aa40       0x3c ./Middlewares/ST/STM32_USB_Device_Library/Core/Src/usbd_ctlreq.o
 .text.USBD_StdDevReq
                0x0800aa7c       0xdc ./Middlewares/ST/STM32_USB_Device_Library/Core/Src/usbd_ctlreq.o
                0x0800aa7c                USBD_StdDevReq
 .text.USBD_StdItfReq
                0x0800ab58       0x92 ./Middlewares/ST/STM32_USB_Device_Library/Core/Src/usbd_ctlreq.o
                0x0800ab58                USBD_StdItfReq
 .text.USBD_StdEPReq
                0x0800abea      0x2c4 ./Middlewares/ST/STM32_USB_Device_Library/Core/Src/usbd_ctlreq.o
                0x0800abea                USBD_StdEPReq
 *fill*         0x0800aeae        0x2 
 .text.USBD_GetDescriptor
                0x0800aeb0      0x328 ./Middlewares/ST/STM32_USB_Device_Library/Core/Src/usbd_ctlreq.o
 .text.USBD_SetAddress
                0x0800b1d8       0x88 ./Middlewares/ST/STM32_USB_Device_Library/Core/Src/usbd_ctlreq.o
 .text.USBD_SetConfig
                0x0800b260      0x14c ./Middlewares/ST/STM32_USB_Device_Library/Core/Src/usbd_ctlreq.o
 .text.USBD_GetConfig
                0x0800b3ac       0x6c ./Middlewares/ST/STM32_USB_Device_Library/Core/Src/usbd_ctlreq.o
 .text.USBD_GetStatus
                0x0800b418       0x68 ./Middlewares/ST/STM32_USB_Device_Library/Core/Src/usbd_ctlreq.o
 .text.USBD_SetFeature
                0x0800b480       0x28 ./Middlewares/ST/STM32_USB_Device_Library/Core/Src/usbd_ctlreq.o
 .text.USBD_ClrFeature
                0x0800b4a8       0x44 ./Middlewares/ST/STM32_USB_Device_Library/Core/Src/usbd_ctlreq.o
 .text.USBD_ParseSetupRequest
                0x0800b4ec       0x74 ./Middlewares/ST/STM32_USB_Device_Library/Core/Src/usbd_ctlreq.o
                0x0800b4ec                USBD_ParseSetupRequest
 .text.USBD_CtlError
                0x0800b560       0x22 ./Middlewares/ST/STM32_USB_Device_Library/Core/Src/usbd_ctlreq.o
                0x0800b560                USBD_CtlError
 .text.USBD_GetString
                0x0800b582       0x8c ./Middlewares/ST/STM32_USB_Device_Library/Core/Src/usbd_ctlreq.o
                0x0800b582                USBD_GetString
 .text.USBD_GetLen
                0x0800b60e       0x34 ./Middlewares/ST/STM32_USB_Device_Library/Core/Src/usbd_ctlreq.o
 .text.USBD_CtlSendData
                0x0800b642       0x36 ./Middlewares/ST/STM32_USB_Device_Library/Core/Src/usbd_ioreq.o
                0x0800b642                USBD_CtlSendData
 .text.USBD_CtlContinueSendData
                0x0800b678       0x22 ./Middlewares/ST/STM32_USB_Device_Library/Core/Src/usbd_ioreq.o
                0x0800b678                USBD_CtlContinueSendData
 .text.USBD_CtlPrepareRx
                0x0800b69a       0x3a ./Middlewares/ST/STM32_USB_Device_Library/Core/Src/usbd_ioreq.o
                0x0800b69a                USBD_CtlPrepareRx
 .text.USBD_CtlContinueRx
                0x0800b6d4       0x22 ./Middlewares/ST/STM32_USB_Device_Library/Core/Src/usbd_ioreq.o
                0x0800b6d4                USBD_CtlContinueRx
 .text.USBD_CtlSendStatus
                0x0800b6f6       0x26 ./Middlewares/ST/STM32_USB_Device_Library/Core/Src/usbd_ioreq.o
                0x0800b6f6                USBD_CtlSendStatus
 .text.USBD_CtlReceiveStatus
                0x0800b71c       0x26 ./Middlewares/ST/STM32_USB_Device_Library/Core/Src/usbd_ioreq.o
                0x0800b71c                USBD_CtlReceiveStatus
 *fill*         0x0800b742        0x2 
 .text.MX_USB_Device_Init
                0x0800b744       0x60 ./USB_Device/App/usb_device.o
                0x0800b744                MX_USB_Device_Init
 .text.CDC_Init_FS
                0x0800b7a4       0x28 ./USB_Device/App/usbd_cdc_if.o
 .text.CDC_DeInit_FS
                0x0800b7cc       0x10 ./USB_Device/App/usbd_cdc_if.o
 .text.CDC_Control_FS
                0x0800b7dc       0xbc ./USB_Device/App/usbd_cdc_if.o
 .text.CDC_Receive_FS
                0x0800b898       0x4c ./USB_Device/App/usbd_cdc_if.o
 .text.CDC_Transmit_FS
                0x0800b8e4       0x4c ./USB_Device/App/usbd_cdc_if.o
                0x0800b8e4                CDC_Transmit_FS
 .text.CDC_TransmitCplt_FS
                0x0800b930       0x22 ./USB_Device/App/usbd_cdc_if.o
 *fill*         0x0800b952        0x2 
 .text.USBD_CDC_DeviceDescriptor
                0x0800b954       0x24 ./USB_Device/App/usbd_desc.o
                0x0800b954                USBD_CDC_DeviceDescriptor
 .text.USBD_CDC_LangIDStrDescriptor
                0x0800b978       0x24 ./USB_Device/App/usbd_desc.o
                0x0800b978                USBD_CDC_LangIDStrDescriptor
 .text.USBD_CDC_ProductStrDescriptor
                0x0800b99c       0x3c ./USB_Device/App/usbd_desc.o
                0x0800b99c                USBD_CDC_ProductStrDescriptor
 .text.USBD_CDC_ManufacturerStrDescriptor
                0x0800b9d8       0x28 ./USB_Device/App/usbd_desc.o
                0x0800b9d8                USBD_CDC_ManufacturerStrDescriptor
 .text.USBD_CDC_SerialStrDescriptor
                0x0800ba00       0x24 ./USB_Device/App/usbd_desc.o
                0x0800ba00                USBD_CDC_SerialStrDescriptor
 .text.USBD_CDC_ConfigStrDescriptor
                0x0800ba24       0x3c ./USB_Device/App/usbd_desc.o
                0x0800ba24                USBD_CDC_ConfigStrDescriptor
 .text.USBD_CDC_InterfaceStrDescriptor
                0x0800ba60       0x3c ./USB_Device/App/usbd_desc.o
                0x0800ba60                USBD_CDC_InterfaceStrDescriptor
 .text.Get_SerialNum
                0x0800ba9c       0x58 ./USB_Device/App/usbd_desc.o
 .text.IntToUnicode
                0x0800baf4       0x7e ./USB_Device/App/usbd_desc.o
 *fill*         0x0800bb72        0x2 
 .text.HAL_PCD_MspInit
                0x0800bb74       0x78 ./USB_Device/Target/usbd_conf.o
                0x0800bb74                HAL_PCD_MspInit
 .text.HAL_PCD_SetupStageCallback
                0x0800bbec       0x24 ./USB_Device/Target/usbd_conf.o
                0x0800bbec                HAL_PCD_SetupStageCallback
 .text.HAL_PCD_DataOutStageCallback
                0x0800bc10       0x36 ./USB_Device/Target/usbd_conf.o
                0x0800bc10                HAL_PCD_DataOutStageCallback
 .text.HAL_PCD_DataInStageCallback
                0x0800bc46       0x34 ./USB_Device/Target/usbd_conf.o
                0x0800bc46                HAL_PCD_DataInStageCallback
 .text.HAL_PCD_SOFCallback
                0x0800bc7a       0x1c ./USB_Device/Target/usbd_conf.o
                0x0800bc7a                HAL_PCD_SOFCallback
 .text.HAL_PCD_ResetCallback
                0x0800bc96       0x3c ./USB_Device/Target/usbd_conf.o
                0x0800bc96                HAL_PCD_ResetCallback
 *fill*         0x0800bcd2        0x2 
 .text.HAL_PCD_SuspendCallback
                0x0800bcd4       0x34 ./USB_Device/Target/usbd_conf.o
                0x0800bcd4                HAL_PCD_SuspendCallback
 .text.HAL_PCD_ResumeCallback
                0x0800bd08       0x38 ./USB_Device/Target/usbd_conf.o
                0x0800bd08                HAL_PCD_ResumeCallback
 .text.USBD_LL_Init
                0x0800bd40       0xc0 ./USB_Device/Target/usbd_conf.o
                0x0800bd40                USBD_LL_Init
 .text.USBD_LL_Start
                0x0800be00       0x36 ./USB_Device/Target/usbd_conf.o
                0x0800be00                USBD_LL_Start
 .text.USBD_LL_OpenEP
                0x0800be36       0x4c ./USB_Device/Target/usbd_conf.o
                0x0800be36                USBD_LL_OpenEP
 .text.USBD_LL_CloseEP
                0x0800be82       0x3e ./USB_Device/Target/usbd_conf.o
                0x0800be82                USBD_LL_CloseEP
 .text.USBD_LL_StallEP
                0x0800bec0       0x3e ./USB_Device/Target/usbd_conf.o
                0x0800bec0                USBD_LL_StallEP
 .text.USBD_LL_ClearStallEP
                0x0800befe       0x3e ./USB_Device/Target/usbd_conf.o
                0x0800befe                USBD_LL_ClearStallEP
 .text.USBD_LL_IsStallEP
                0x0800bf3c       0x58 ./USB_Device/Target/usbd_conf.o
                0x0800bf3c                USBD_LL_IsStallEP
 .text.USBD_LL_SetUSBAddress
                0x0800bf94       0x3e ./USB_Device/Target/usbd_conf.o
                0x0800bf94                USBD_LL_SetUSBAddress
 .text.USBD_LL_Transmit
                0x0800bfd2       0x42 ./USB_Device/Target/usbd_conf.o
                0x0800bfd2                USBD_LL_Transmit
 .text.USBD_LL_PrepareReceive
                0x0800c014       0x42 ./USB_Device/Target/usbd_conf.o
                0x0800c014                USBD_LL_PrepareReceive
 .text.USBD_LL_GetRxDataSize
                0x0800c056       0x26 ./USB_Device/Target/usbd_conf.o
                0x0800c056                USBD_LL_GetRxDataSize
 .text.HAL_PCDEx_LPM_Callback
                0x0800c07c       0x6c ./USB_Device/Target/usbd_conf.o
                0x0800c07c                HAL_PCDEx_LPM_Callback
 .text.USBD_static_malloc
                0x0800c0e8       0x1c ./USB_Device/Target/usbd_conf.o
                0x0800c0e8                USBD_static_malloc
 .text.USBD_static_free
                0x0800c104       0x14 ./USB_Device/Target/usbd_conf.o
                0x0800c104                USBD_static_free
 .text.SystemClockConfig_Resume
                0x0800c118        0xc ./USB_Device/Target/usbd_conf.o
 .text.USBD_Get_USB_Status
                0x0800c124       0x58 ./USB_Device/Target/usbd_conf.o
 .text.__NVIC_EnableIRQ
                0x0800c17c       0x3c ./open-LIN-c/implementation/ST32/open_lin_hw_st32.o
 .text.open_lin_error_handler
                0x0800c1b8       0x16 ./open-LIN-c/implementation/ST32/open_lin_hw_st32.o
                0x0800c1b8                open_lin_error_handler
 *fill*         0x0800c1ce        0x2 
 .text.open_lin_hw_check_for_break
                0x0800c1d0       0x40 ./open-LIN-c/implementation/ST32/open_lin_hw_st32.o
                0x0800c1d0                open_lin_hw_check_for_break
 .text.open_lin_hw_set_auto_baud
                0x0800c210       0x1c ./open-LIN-c/implementation/ST32/open_lin_hw_st32.o
                0x0800c210                open_lin_hw_set_auto_baud
 .text.open_lin_hw_reset
                0x0800c22c       0x2c ./open-LIN-c/implementation/ST32/open_lin_hw_st32.o
                0x0800c22c                open_lin_hw_reset
 .text.open_lin_set_rx_enabled
                0x0800c258       0x34 ./open-LIN-c/implementation/ST32/open_lin_hw_st32.o
                0x0800c258                open_lin_set_rx_enabled
 .text.open_lin_hw_tx_byte
                0x0800c28c       0x30 ./open-LIN-c/implementation/ST32/open_lin_hw_st32.o
                0x0800c28c                open_lin_hw_tx_byte
 .text.open_lin_hw_tx_break
                0x0800c2bc       0x20 ./open-LIN-c/implementation/ST32/open_lin_hw_st32.o
                0x0800c2bc                open_lin_hw_tx_break
 .text.open_lin_hw_tx_data
                0x0800c2dc       0x34 ./open-LIN-c/implementation/ST32/open_lin_hw_st32.o
                0x0800c2dc                open_lin_hw_tx_data
 .text.open_lin_master_dl_rx_callback
                0x0800c310       0x16 ./open-LIN-c/implementation/ST32/open_lin_hw_st32.o
                0x0800c310                open_lin_master_dl_rx_callback
 .text.open_lin_data_layer_parity
                0x0800c326       0x92 ./open-LIN-c/open_lin_data_layer.o
                0x0800c326                open_lin_data_layer_parity
 .text.open_lin_data_layer_checksum
                0x0800c3b8       0x80 ./open-LIN-c/open_lin_data_layer.o
                0x0800c3b8                open_lin_data_layer_checksum
 .text.open_lin_master_goto_idle
                0x0800c438       0x3c ./open-LIN-c/open_lin_master_data_layer.o
 .text.open_lin_master_dl_init
                0x0800c474       0x30 ./open-LIN-c/open_lin_master_data_layer.o
                0x0800c474                open_lin_master_dl_init
 .text.get_current_item
                0x0800c4a4       0x2c ./open-LIN-c/open_lin_master_data_layer.o
 .text.data_layer_next_item
                0x0800c4d0       0x3c ./open-LIN-c/open_lin_master_data_layer.o
 .text.open_lin_master_data_tx_header
                0x0800c50c       0x86 ./open-LIN-c/open_lin_master_data_layer.o
                0x0800c50c                open_lin_master_data_tx_header
 .text.open_lin_master_data_tx_data
                0x0800c592       0x92 ./open-LIN-c/open_lin_master_data_layer.o
                0x0800c592                open_lin_master_data_tx_data
 .text.open_lin_master_dl_rx
                0x0800c624       0xa0 ./open-LIN-c/open_lin_master_data_layer.o
                0x0800c624                open_lin_master_dl_rx
 .text.open_lin_master_dl_handler
                0x0800c6c4      0x140 ./open-LIN-c/open_lin_master_data_layer.o
                0x0800c6c4                open_lin_master_dl_handler
 .text.open_lin_net_init
                0x0800c804       0x30 ./open-LIN-c/open_lin_network_layer.o
                0x0800c804                open_lin_net_init
 .text.open_lin_net_get_slot
                0x0800c834       0x6c ./open-LIN-c/open_lin_network_layer.o
                0x0800c834                open_lin_net_get_slot
 .text.open_lin_net_rx_handler
                0x0800c8a0       0x22 ./open-LIN-c/open_lin_network_layer.o
                0x0800c8a0                open_lin_net_rx_handler
 *fill*         0x0800c8c2        0x2 
 .text.open_lin_slave_set_lin_frame
                0x0800c8c4       0x58 ./open-LIN-c/open_lin_slave_data_layer.o
 .text.open_lin_slave_reset
                0x0800c91c       0x24 ./open-LIN-c/open_lin_slave_data_layer.o
                0x0800c91c                open_lin_slave_reset
 .text.open_lin_slave_rx_header
                0x0800c940      0x198 ./open-LIN-c/open_lin_slave_data_layer.o
                0x0800c940                open_lin_slave_rx_header
 .text.std      0x0800cad8       0x6c C:/ST/STM32CubeIDE_1.16.0/STM32CubeIDE/plugins/com.st.stm32cube.ide.mcu.externaltools.gnu-tools-for-stm32.12.3.rel1.win32_1.0.200.202406191623/tools/bin/../lib/gcc/arm-none-eabi/12.3.1/../../../../arm-none-eabi/lib/thumb/v7e-m+fp/hard\libc_nano.a(libc_a-findfp.o)
 .text.stdio_exit_handler
                0x0800cb44       0x18 C:/ST/STM32CubeIDE_1.16.0/STM32CubeIDE/plugins/com.st.stm32cube.ide.mcu.externaltools.gnu-tools-for-stm32.12.3.rel1.win32_1.0.200.202406191623/tools/bin/../lib/gcc/arm-none-eabi/12.3.1/../../../../arm-none-eabi/lib/thumb/v7e-m+fp/hard\libc_nano.a(libc_a-findfp.o)
 .text.cleanup_stdio
                0x0800cb5c       0x40 C:/ST/STM32CubeIDE_1.16.0/STM32CubeIDE/plugins/com.st.stm32cube.ide.mcu.externaltools.gnu-tools-for-stm32.12.3.rel1.win32_1.0.200.202406191623/tools/bin/../lib/gcc/arm-none-eabi/12.3.1/../../../../arm-none-eabi/lib/thumb/v7e-m+fp/hard\libc_nano.a(libc_a-findfp.o)
 .text.global_stdio_init.part.0
                0x0800cb9c       0x3c C:/ST/STM32CubeIDE_1.16.0/STM32CubeIDE/plugins/com.st.stm32cube.ide.mcu.externaltools.gnu-tools-for-stm32.12.3.rel1.win32_1.0.200.202406191623/tools/bin/../lib/gcc/arm-none-eabi/12.3.1/../../../../arm-none-eabi/lib/thumb/v7e-m+fp/hard\libc_nano.a(libc_a-findfp.o)
 .text.__sfp_lock_acquire
                0x0800cbd8        0xc C:/ST/STM32CubeIDE_1.16.0/STM32CubeIDE/plugins/com.st.stm32cube.ide.mcu.externaltools.gnu-tools-for-stm32.12.3.rel1.win32_1.0.200.202406191623/tools/bin/../lib/gcc/arm-none-eabi/12.3.1/../../../../arm-none-eabi/lib/thumb/v7e-m+fp/hard\libc_nano.a(libc_a-findfp.o)
                0x0800cbd8                __sfp_lock_acquire
 .text.__sfp_lock_release
                0x0800cbe4        0xc C:/ST/STM32CubeIDE_1.16.0/STM32CubeIDE/plugins/com.st.stm32cube.ide.mcu.externaltools.gnu-tools-for-stm32.12.3.rel1.win32_1.0.200.202406191623/tools/bin/../lib/gcc/arm-none-eabi/12.3.1/../../../../arm-none-eabi/lib/thumb/v7e-m+fp/hard\libc_nano.a(libc_a-findfp.o)
                0x0800cbe4                __sfp_lock_release
 .text.__sinit  0x0800cbf0       0x30 C:/ST/STM32CubeIDE_1.16.0/STM32CubeIDE/plugins/com.st.stm32cube.ide.mcu.externaltools.gnu-tools-for-stm32.12.3.rel1.win32_1.0.200.202406191623/tools/bin/../lib/gcc/arm-none-eabi/12.3.1/../../../../arm-none-eabi/lib/thumb/v7e-m+fp/hard\libc_nano.a(libc_a-findfp.o)
                0x0800cbf0                __sinit
 .text._fwalk_sglue
                0x0800cc20       0x3c C:/ST/STM32CubeIDE_1.16.0/STM32CubeIDE/plugins/com.st.stm32cube.ide.mcu.externaltools.gnu-tools-for-stm32.12.3.rel1.win32_1.0.200.202406191623/tools/bin/../lib/gcc/arm-none-eabi/12.3.1/../../../../arm-none-eabi/lib/thumb/v7e-m+fp/hard\libc_nano.a(libc_a-fwalk.o)
                0x0800cc20                _fwalk_sglue
 .text._puts_r  0x0800cc5c       0xaa C:/ST/STM32CubeIDE_1.16.0/STM32CubeIDE/plugins/com.st.stm32cube.ide.mcu.externaltools.gnu-tools-for-stm32.12.3.rel1.win32_1.0.200.202406191623/tools/bin/../lib/gcc/arm-none-eabi/12.3.1/../../../../arm-none-eabi/lib/thumb/v7e-m+fp/hard\libc_nano.a(libc_a-puts.o)
                0x0800cc5c                _puts_r
 *fill*         0x0800cd06        0x2 
 .text.puts     0x0800cd08       0x10 C:/ST/STM32CubeIDE_1.16.0/STM32CubeIDE/plugins/com.st.stm32cube.ide.mcu.externaltools.gnu-tools-for-stm32.12.3.rel1.win32_1.0.200.202406191623/tools/bin/../lib/gcc/arm-none-eabi/12.3.1/../../../../arm-none-eabi/lib/thumb/v7e-m+fp/hard\libc_nano.a(libc_a-puts.o)
                0x0800cd08                puts
 .text.__sread  0x0800cd18       0x22 C:/ST/STM32CubeIDE_1.16.0/STM32CubeIDE/plugins/com.st.stm32cube.ide.mcu.externaltools.gnu-tools-for-stm32.12.3.rel1.win32_1.0.200.202406191623/tools/bin/../lib/gcc/arm-none-eabi/12.3.1/../../../../arm-none-eabi/lib/thumb/v7e-m+fp/hard\libc_nano.a(libc_a-stdio.o)
                0x0800cd18                __sread
 .text.__swrite
                0x0800cd3a       0x38 C:/ST/STM32CubeIDE_1.16.0/STM32CubeIDE/plugins/com.st.stm32cube.ide.mcu.externaltools.gnu-tools-for-stm32.12.3.rel1.win32_1.0.200.202406191623/tools/bin/../lib/gcc/arm-none-eabi/12.3.1/../../../../arm-none-eabi/lib/thumb/v7e-m+fp/hard\libc_nano.a(libc_a-stdio.o)
                0x0800cd3a                __swrite
 .text.__sseek  0x0800cd72       0x24 C:/ST/STM32CubeIDE_1.16.0/STM32CubeIDE/plugins/com.st.stm32cube.ide.mcu.externaltools.gnu-tools-for-stm32.12.3.rel1.win32_1.0.200.202406191623/tools/bin/../lib/gcc/arm-none-eabi/12.3.1/../../../../arm-none-eabi/lib/thumb/v7e-m+fp/hard\libc_nano.a(libc_a-stdio.o)
                0x0800cd72                __sseek
 .text.__sclose
                0x0800cd96        0x8 C:/ST/STM32CubeIDE_1.16.0/STM32CubeIDE/plugins/com.st.stm32cube.ide.mcu.externaltools.gnu-tools-for-stm32.12.3.rel1.win32_1.0.200.202406191623/tools/bin/../lib/gcc/arm-none-eabi/12.3.1/../../../../arm-none-eabi/lib/thumb/v7e-m+fp/hard\libc_nano.a(libc_a-stdio.o)
                0x0800cd96                __sclose
 .text.__swbuf_r
                0x0800cd9e       0x7c C:/ST/STM32CubeIDE_1.16.0/STM32CubeIDE/plugins/com.st.stm32cube.ide.mcu.externaltools.gnu-tools-for-stm32.12.3.rel1.win32_1.0.200.202406191623/tools/bin/../lib/gcc/arm-none-eabi/12.3.1/../../../../arm-none-eabi/lib/thumb/v7e-m+fp/hard\libc_nano.a(libc_a-wbuf.o)
                0x0800cd9e                __swbuf_r
 *fill*         0x0800ce1a        0x2 
 .text.__swsetup_r
                0x0800ce1c       0xac C:/ST/STM32CubeIDE_1.16.0/STM32CubeIDE/plugins/com.st.stm32cube.ide.mcu.externaltools.gnu-tools-for-stm32.12.3.rel1.win32_1.0.200.202406191623/tools/bin/../lib/gcc/arm-none-eabi/12.3.1/../../../../arm-none-eabi/lib/thumb/v7e-m+fp/hard\libc_nano.a(libc_a-wsetup.o)
                0x0800ce1c                __swsetup_r
 .text.memset   0x0800cec8       0x10 C:/ST/STM32CubeIDE_1.16.0/STM32CubeIDE/plugins/com.st.stm32cube.ide.mcu.externaltools.gnu-tools-for-stm32.12.3.rel1.win32_1.0.200.202406191623/tools/bin/../lib/gcc/arm-none-eabi/12.3.1/../../../../arm-none-eabi/lib/thumb/v7e-m+fp/hard\libc_nano.a(libc_a-memset.o)
                0x0800cec8                memset
 .text._close_r
                0x0800ced8       0x20 C:/ST/STM32CubeIDE_1.16.0/STM32CubeIDE/plugins/com.st.stm32cube.ide.mcu.externaltools.gnu-tools-for-stm32.12.3.rel1.win32_1.0.200.202406191623/tools/bin/../lib/gcc/arm-none-eabi/12.3.1/../../../../arm-none-eabi/lib/thumb/v7e-m+fp/hard\libc_nano.a(libc_a-closer.o)
                0x0800ced8                _close_r
 .text._lseek_r
                0x0800cef8       0x24 C:/ST/STM32CubeIDE_1.16.0/STM32CubeIDE/plugins/com.st.stm32cube.ide.mcu.externaltools.gnu-tools-for-stm32.12.3.rel1.win32_1.0.200.202406191623/tools/bin/../lib/gcc/arm-none-eabi/12.3.1/../../../../arm-none-eabi/lib/thumb/v7e-m+fp/hard\libc_nano.a(libc_a-lseekr.o)
                0x0800cef8                _lseek_r
 .text._read_r  0x0800cf1c       0x24 C:/ST/STM32CubeIDE_1.16.0/STM32CubeIDE/plugins/com.st.stm32cube.ide.mcu.externaltools.gnu-tools-for-stm32.12.3.rel1.win32_1.0.200.202406191623/tools/bin/../lib/gcc/arm-none-eabi/12.3.1/../../../../arm-none-eabi/lib/thumb/v7e-m+fp/hard\libc_nano.a(libc_a-readr.o)
                0x0800cf1c                _read_r
 .text._write_r
                0x0800cf40       0x24 C:/ST/STM32CubeIDE_1.16.0/STM32CubeIDE/plugins/com.st.stm32cube.ide.mcu.externaltools.gnu-tools-for-stm32.12.3.rel1.win32_1.0.200.202406191623/tools/bin/../lib/gcc/arm-none-eabi/12.3.1/../../../../arm-none-eabi/lib/thumb/v7e-m+fp/hard\libc_nano.a(libc_a-writer.o)
                0x0800cf40                _write_r
 .text.__errno  0x0800cf64        0xc C:/ST/STM32CubeIDE_1.16.0/STM32CubeIDE/plugins/com.st.stm32cube.ide.mcu.externaltools.gnu-tools-for-stm32.12.3.rel1.win32_1.0.200.202406191623/tools/bin/../lib/gcc/arm-none-eabi/12.3.1/../../../../arm-none-eabi/lib/thumb/v7e-m+fp/hard\libc_nano.a(libc_a-errno.o)
                0x0800cf64                __errno
 .text.__libc_init_array
                0x0800cf70       0x48 C:/ST/STM32CubeIDE_1.16.0/STM32CubeIDE/plugins/com.st.stm32cube.ide.mcu.externaltools.gnu-tools-for-stm32.12.3.rel1.win32_1.0.200.202406191623/tools/bin/../lib/gcc/arm-none-eabi/12.3.1/../../../../arm-none-eabi/lib/thumb/v7e-m+fp/hard\libc_nano.a(libc_a-init.o)
                0x0800cf70                __libc_init_array
 .text.__retarget_lock_init_recursive
                0x0800cfb8        0x2 C:/ST/STM32CubeIDE_1.16.0/STM32CubeIDE/plugins/com.st.stm32cube.ide.mcu.externaltools.gnu-tools-for-stm32.12.3.rel1.win32_1.0.200.202406191623/tools/bin/../lib/gcc/arm-none-eabi/12.3.1/../../../../arm-none-eabi/lib/thumb/v7e-m+fp/hard\libc_nano.a(libc_a-lock.o)
                0x0800cfb8                __retarget_lock_init_recursive
 .text.__retarget_lock_acquire_recursive
                0x0800cfba        0x2 C:/ST/STM32CubeIDE_1.16.0/STM32CubeIDE/plugins/com.st.stm32cube.ide.mcu.externaltools.gnu-tools-for-stm32.12.3.rel1.win32_1.0.200.202406191623/tools/bin/../lib/gcc/arm-none-eabi/12.3.1/../../../../arm-none-eabi/lib/thumb/v7e-m+fp/hard\libc_nano.a(libc_a-lock.o)
                0x0800cfba                __retarget_lock_acquire_recursive
 .text.__retarget_lock_release_recursive
                0x0800cfbc        0x2 C:/ST/STM32CubeIDE_1.16.0/STM32CubeIDE/plugins/com.st.stm32cube.ide.mcu.externaltools.gnu-tools-for-stm32.12.3.rel1.win32_1.0.200.202406191623/tools/bin/../lib/gcc/arm-none-eabi/12.3.1/../../../../arm-none-eabi/lib/thumb/v7e-m+fp/hard\libc_nano.a(libc_a-lock.o)
                0x0800cfbc                __retarget_lock_release_recursive
 .text.memcpy   0x0800cfbe       0x1c C:/ST/STM32CubeIDE_1.16.0/STM32CubeIDE/plugins/com.st.stm32cube.ide.mcu.externaltools.gnu-tools-for-stm32.12.3.rel1.win32_1.0.200.202406191623/tools/bin/../lib/gcc/arm-none-eabi/12.3.1/../../../../arm-none-eabi/lib/thumb/v7e-m+fp/hard\libc_nano.a(libc_a-memcpy-stub.o)
                0x0800cfbe                memcpy
 *fill*         0x0800cfda        0x2 
 .text._free_r  0x0800cfdc       0x94 C:/ST/STM32CubeIDE_1.16.0/STM32CubeIDE/plugins/com.st.stm32cube.ide.mcu.externaltools.gnu-tools-for-stm32.12.3.rel1.win32_1.0.200.202406191623/tools/bin/../lib/gcc/arm-none-eabi/12.3.1/../../../../arm-none-eabi/lib/thumb/v7e-m+fp/hard\libc_nano.a(libc_a-freer.o)
                0x0800cfdc                _free_r
 .text.sbrk_aligned
                0x0800d070       0x44 C:/ST/STM32CubeIDE_1.16.0/STM32CubeIDE/plugins/com.st.stm32cube.ide.mcu.externaltools.gnu-tools-for-stm32.12.3.rel1.win32_1.0.200.202406191623/tools/bin/../lib/gcc/arm-none-eabi/12.3.1/../../../../arm-none-eabi/lib/thumb/v7e-m+fp/hard\libc_nano.a(libc_a-mallocr.o)
 .text._malloc_r
                0x0800d0b4      0x100 C:/ST/STM32CubeIDE_1.16.0/STM32CubeIDE/plugins/com.st.stm32cube.ide.mcu.externaltools.gnu-tools-for-stm32.12.3.rel1.win32_1.0.200.202406191623/tools/bin/../lib/gcc/arm-none-eabi/12.3.1/../../../../arm-none-eabi/lib/thumb/v7e-m+fp/hard\libc_nano.a(libc_a-mallocr.o)
                0x0800d0b4                _malloc_r
 .text.__malloc_lock
                0x0800d1b4        0xc C:/ST/STM32CubeIDE_1.16.0/STM32CubeIDE/plugins/com.st.stm32cube.ide.mcu.externaltools.gnu-tools-for-stm32.12.3.rel1.win32_1.0.200.202406191623/tools/bin/../lib/gcc/arm-none-eabi/12.3.1/../../../../arm-none-eabi/lib/thumb/v7e-m+fp/hard\libc_nano.a(libc_a-mlock.o)
                0x0800d1b4                __malloc_lock
 .text.__malloc_unlock
                0x0800d1c0        0xc C:/ST/STM32CubeIDE_1.16.0/STM32CubeIDE/plugins/com.st.stm32cube.ide.mcu.externaltools.gnu-tools-for-stm32.12.3.rel1.win32_1.0.200.202406191623/tools/bin/../lib/gcc/arm-none-eabi/12.3.1/../../../../arm-none-eabi/lib/thumb/v7e-m+fp/hard\libc_nano.a(libc_a-mlock.o)
                0x0800d1c0                __malloc_unlock
 .text.__sflush_r
                0x0800d1cc      0x108 C:/ST/STM32CubeIDE_1.16.0/STM32CubeIDE/plugins/com.st.stm32cube.ide.mcu.externaltools.gnu-tools-for-stm32.12.3.rel1.win32_1.0.200.202406191623/tools/bin/../lib/gcc/arm-none-eabi/12.3.1/../../../../arm-none-eabi/lib/thumb/v7e-m+fp/hard\libc_nano.a(libc_a-fflush.o)
                0x0800d1cc                __sflush_r
 .text._fflush_r
                0x0800d2d4       0x50 C:/ST/STM32CubeIDE_1.16.0/STM32CubeIDE/plugins/com.st.stm32cube.ide.mcu.externaltools.gnu-tools-for-stm32.12.3.rel1.win32_1.0.200.202406191623/tools/bin/../lib/gcc/arm-none-eabi/12.3.1/../../../../arm-none-eabi/lib/thumb/v7e-m+fp/hard\libc_nano.a(libc_a-fflush.o)
                0x0800d2d4                _fflush_r
 .text.__swhatbuf_r
                0x0800d324       0x4c C:/ST/STM32CubeIDE_1.16.0/STM32CubeIDE/plugins/com.st.stm32cube.ide.mcu.externaltools.gnu-tools-for-stm32.12.3.rel1.win32_1.0.200.202406191623/tools/bin/../lib/gcc/arm-none-eabi/12.3.1/../../../../arm-none-eabi/lib/thumb/v7e-m+fp/hard\libc_nano.a(libc_a-makebuf.o)
                0x0800d324                __swhatbuf_r
 .text.__smakebuf_r
                0x0800d370       0x78 C:/ST/STM32CubeIDE_1.16.0/STM32CubeIDE/plugins/com.st.stm32cube.ide.mcu.externaltools.gnu-tools-for-stm32.12.3.rel1.win32_1.0.200.202406191623/tools/bin/../lib/gcc/arm-none-eabi/12.3.1/../../../../arm-none-eabi/lib/thumb/v7e-m+fp/hard\libc_nano.a(libc_a-makebuf.o)
                0x0800d370                __smakebuf_r
 .text._fstat_r
                0x0800d3e8       0x24 C:/ST/STM32CubeIDE_1.16.0/STM32CubeIDE/plugins/com.st.stm32cube.ide.mcu.externaltools.gnu-tools-for-stm32.12.3.rel1.win32_1.0.200.202406191623/tools/bin/../lib/gcc/arm-none-eabi/12.3.1/../../../../arm-none-eabi/lib/thumb/v7e-m+fp/hard\libc_nano.a(libc_a-fstatr.o)
                0x0800d3e8                _fstat_r
 .text._isatty_r
                0x0800d40c       0x20 C:/ST/STM32CubeIDE_1.16.0/STM32CubeIDE/plugins/com.st.stm32cube.ide.mcu.externaltools.gnu-tools-for-stm32.12.3.rel1.win32_1.0.200.202406191623/tools/bin/../lib/gcc/arm-none-eabi/12.3.1/../../../../arm-none-eabi/lib/thumb/v7e-m+fp/hard\libc_nano.a(libc_a-isattyr.o)
                0x0800d40c                _isatty_r
 .text._sbrk_r  0x0800d42c       0x20 C:/ST/STM32CubeIDE_1.16.0/STM32CubeIDE/plugins/com.st.stm32cube.ide.mcu.externaltools.gnu-tools-for-stm32.12.3.rel1.win32_1.0.200.202406191623/tools/bin/../lib/gcc/arm-none-eabi/12.3.1/../../../../arm-none-eabi/lib/thumb/v7e-m+fp/hard\libc_nano.a(libc_a-sbrkr.o)
                0x0800d42c                _sbrk_r
 *(.glue_7)
 .glue_7        0x0800d44c        0x0 linker stubs
 *(.glue_7t)
 .glue_7t       0x0800d44c        0x0 linker stubs
 *(.eh_frame)
 .eh_frame      0x0800d44c        0x0 C:/ST/STM32CubeIDE_1.16.0/STM32CubeIDE/plugins/com.st.stm32cube.ide.mcu.externaltools.gnu-tools-for-stm32.12.3.rel1.win32_1.0.200.202406191623/tools/bin/../lib/gcc/arm-none-eabi/12.3.1/thumb/v7e-m+fp/hard/crtbegin.o
 *(.init)
 .init          0x0800d44c        0x4 C:/ST/STM32CubeIDE_1.16.0/STM32CubeIDE/plugins/com.st.stm32cube.ide.mcu.externaltools.gnu-tools-for-stm32.12.3.rel1.win32_1.0.200.202406191623/tools/bin/../lib/gcc/arm-none-eabi/12.3.1/thumb/v7e-m+fp/hard/crti.o
                0x0800d44c                _init
 .init          0x0800d450        0x8 C:/ST/STM32CubeIDE_1.16.0/STM32CubeIDE/plugins/com.st.stm32cube.ide.mcu.externaltools.gnu-tools-for-stm32.12.3.rel1.win32_1.0.200.202406191623/tools/bin/../lib/gcc/arm-none-eabi/12.3.1/thumb/v7e-m+fp/hard/crtn.o
 *(.fini)
 .fini          0x0800d458        0x4 C:/ST/STM32CubeIDE_1.16.0/STM32CubeIDE/plugins/com.st.stm32cube.ide.mcu.externaltools.gnu-tools-for-stm32.12.3.rel1.win32_1.0.200.202406191623/tools/bin/../lib/gcc/arm-none-eabi/12.3.1/thumb/v7e-m+fp/hard/crti.o
                0x0800d458                _fini
 .fini          0x0800d45c        0x8 C:/ST/STM32CubeIDE_1.16.0/STM32CubeIDE/plugins/com.st.stm32cube.ide.mcu.externaltools.gnu-tools-for-stm32.12.3.rel1.win32_1.0.200.202406191623/tools/bin/../lib/gcc/arm-none-eabi/12.3.1/thumb/v7e-m+fp/hard/crtn.o
                0x0800d464                        . = ALIGN (0x4)
                0x0800d464                        _etext = .

.vfp11_veneer   0x0800d464        0x0
 .vfp11_veneer  0x0800d464        0x0 linker stubs

.v4_bx          0x0800d464        0x0
 .v4_bx         0x0800d464        0x0 linker stubs

.iplt           0x0800d464        0x0
 .iplt          0x0800d464        0x0 C:/ST/STM32CubeIDE_1.16.0/STM32CubeIDE/plugins/com.st.stm32cube.ide.mcu.externaltools.gnu-tools-for-stm32.12.3.rel1.win32_1.0.200.202406191623/tools/bin/../lib/gcc/arm-none-eabi/12.3.1/thumb/v7e-m+fp/hard/crtbegin.o

.rodata         0x0800d464       0x90
                0x0800d464                        . = ALIGN (0x4)
 *(.rodata)
 .rodata        0x0800d464        0x6 ./Core/Src/main.o
 *fill*         0x0800d46a        0x2 
 .rodata        0x0800d46c       0x46 ./USB_Device/App/usbd_desc.o
 *(.rodata*)
 *fill*         0x0800d4b2        0x2 
 .rodata.AHBPrescTable
                0x0800d4b4       0x10 ./Core/Src/system_stm32g4xx.o
                0x0800d4b4                AHBPrescTable
 .rodata.APBPrescTable
                0x0800d4c4        0x8 ./Core/Src/system_stm32g4xx.o
                0x0800d4c4                APBPrescTable
 .rodata.UARTPrescTable
                0x0800d4cc       0x18 ./Drivers/STM32G4xx_HAL_Driver/Src/stm32g4xx_hal_uart.o
                0x0800d4cc                UARTPrescTable
 .rodata.numerator.1
                0x0800d4e4        0x8 ./Drivers/STM32G4xx_HAL_Driver/Src/stm32g4xx_hal_uart_ex.o
 .rodata.denominator.0
                0x0800d4ec        0x8 ./Drivers/STM32G4xx_HAL_Driver/Src/stm32g4xx_hal_uart_ex.o
                0x0800d4f4                        . = ALIGN (0x4)

.ARM.extab      0x0800d4f4        0x0
                0x0800d4f4                        . = ALIGN (0x4)
 *(.ARM.extab* .gnu.linkonce.armextab.*)
                0x0800d4f4                        . = ALIGN (0x4)

.ARM            0x0800d4f4        0x8
                0x0800d4f4                        . = ALIGN (0x4)
                0x0800d4f4                        __exidx_start = .
 *(.ARM.exidx*)
 .ARM.exidx     0x0800d4f4        0x8 C:/ST/STM32CubeIDE_1.16.0/STM32CubeIDE/plugins/com.st.stm32cube.ide.mcu.externaltools.gnu-tools-for-stm32.12.3.rel1.win32_1.0.200.202406191623/tools/bin/../lib/gcc/arm-none-eabi/12.3.1/thumb/v7e-m+fp/hard\libgcc.a(_udivmoddi4.o)
                0x0800d4fc                        __exidx_end = .
                0x0800d4fc                        . = ALIGN (0x4)

.preinit_array  0x0800d4fc        0x0
                0x0800d4fc                        . = ALIGN (0x4)
                0x0800d4fc                        PROVIDE (__preinit_array_start = .)
 *(.preinit_array*)
                0x0800d4fc                        PROVIDE (__preinit_array_end = .)
                0x0800d4fc                        . = ALIGN (0x4)

.init_array     0x0800d4fc        0x4
                0x0800d4fc                        . = ALIGN (0x4)
                0x0800d4fc                        PROVIDE (__init_array_start = .)
 *(SORT_BY_NAME(.init_array.*))
 *(.init_array*)
 .init_array    0x0800d4fc        0x4 C:/ST/STM32CubeIDE_1.16.0/STM32CubeIDE/plugins/com.st.stm32cube.ide.mcu.externaltools.gnu-tools-for-stm32.12.3.rel1.win32_1.0.200.202406191623/tools/bin/../lib/gcc/arm-none-eabi/12.3.1/thumb/v7e-m+fp/hard/crtbegin.o
                0x0800d500                        PROVIDE (__init_array_end = .)
                0x0800d500                        . = ALIGN (0x4)

.fini_array     0x0800d500        0x4
                0x0800d500                        . = ALIGN (0x4)
                [!provide]                        PROVIDE (__fini_array_start = .)
 *(SORT_BY_NAME(.fini_array.*))
 *(.fini_array*)
 .fini_array    0x0800d500        0x4 C:/ST/STM32CubeIDE_1.16.0/STM32CubeIDE/plugins/com.st.stm32cube.ide.mcu.externaltools.gnu-tools-for-stm32.12.3.rel1.win32_1.0.200.202406191623/tools/bin/../lib/gcc/arm-none-eabi/12.3.1/thumb/v7e-m+fp/hard/crtbegin.o
                [!provide]                        PROVIDE (__fini_array_end = .)
                0x0800d504                        . = ALIGN (0x4)
                0x0800d504                        _sidata = LOADADDR (.data)

.rel.dyn        0x0800d504        0x0
 .rel.iplt      0x0800d504        0x0 C:/ST/STM32CubeIDE_1.16.0/STM32CubeIDE/plugins/com.st.stm32cube.ide.mcu.externaltools.gnu-tools-for-stm32.12.3.rel1.win32_1.0.200.202406191623/tools/bin/../lib/gcc/arm-none-eabi/12.3.1/thumb/v7e-m+fp/hard/crtbegin.o

.data           0x20000000      0x1ec load address 0x0800d504
                0x20000000                        . = ALIGN (0x4)
                0x20000000                        _sdata = .
 *(.data)
 *(.data*)
 .data.lin_type
                0x20000000        0x1 ./BSP/Src/slcan.o
                0x20000000                lin_type
 .data.terminator
                0x20000001        0x1 ./BSP/Src/slcan.o
 *fill*         0x20000002        0x2 
 .data.uid      0x20000004        0x4 ./Core/Src/main.o
                0x20000004                uid
 .data.lin_baund_rate
                0x20000008        0x4 ./Core/Src/main.o
                0x20000008                lin_baund_rate
 .data.SystemCoreClock
                0x2000000c        0x4 ./Core/Src/system_stm32g4xx.o
                0x2000000c                SystemCoreClock
 .data.uwTickPrio
                0x20000010        0x4 ./Drivers/STM32G4xx_HAL_Driver/Src/stm32g4xx_hal.o
                0x20000010                uwTickPrio
 .data.uwTickFreq
                0x20000014        0x4 ./Drivers/STM32G4xx_HAL_Driver/Src/stm32g4xx_hal.o
                0x20000014                uwTickFreq
 .data.USBD_CDC_DeviceQualifierDesc
                0x20000018        0xa ./Middlewares/ST/STM32_USB_Device_Library/Class/CDC/Src/usbd_cdc.o
 *fill*         0x20000022        0x2 
 .data.USBD_CDC
                0x20000024       0x38 ./Middlewares/ST/STM32_USB_Device_Library/Class/CDC/Src/usbd_cdc.o
                0x20000024                USBD_CDC
 .data.USBD_CDC_CfgHSDesc
                0x2000005c       0x43 ./Middlewares/ST/STM32_USB_Device_Library/Class/CDC/Src/usbd_cdc.o
 *fill*         0x2000009f        0x1 
 .data.USBD_CDC_CfgFSDesc
                0x200000a0       0x43 ./Middlewares/ST/STM32_USB_Device_Library/Class/CDC/Src/usbd_cdc.o
 *fill*         0x200000e3        0x1 
 .data.USBD_CDC_OtherSpeedCfgDesc
                0x200000e4       0x43 ./Middlewares/ST/STM32_USB_Device_Library/Class/CDC/Src/usbd_cdc.o
 *fill*         0x20000127        0x1 
 .data.USBD_Interface_fops_FS
                0x20000128       0x14 ./USB_Device/App/usbd_cdc_if.o
                0x20000128                USBD_Interface_fops_FS
 .data.CDC_Desc
                0x2000013c       0x20 ./USB_Device/App/usbd_desc.o
                0x2000013c                CDC_Desc
 .data.USBD_CDC_DeviceDesc
                0x2000015c       0x12 ./USB_Device/App/usbd_desc.o
                0x2000015c                USBD_CDC_DeviceDesc
 *fill*         0x2000016e        0x2 
 .data.USBD_LangIDDesc
                0x20000170        0x4 ./USB_Device/App/usbd_desc.o
                0x20000170                USBD_LangIDDesc
 .data.USBD_StringSerial
                0x20000174       0x1a ./USB_Device/App/usbd_desc.o
                0x20000174                USBD_StringSerial
 *fill*         0x2000018e        0x2 
 .data.__sglue  0x20000190        0xc C:/ST/STM32CubeIDE_1.16.0/STM32CubeIDE/plugins/com.st.stm32cube.ide.mcu.externaltools.gnu-tools-for-stm32.12.3.rel1.win32_1.0.200.202406191623/tools/bin/../lib/gcc/arm-none-eabi/12.3.1/../../../../arm-none-eabi/lib/thumb/v7e-m+fp/hard\libc_nano.a(libc_a-findfp.o)
                0x20000190                __sglue
 .data._impure_ptr
                0x2000019c        0x4 C:/ST/STM32CubeIDE_1.16.0/STM32CubeIDE/plugins/com.st.stm32cube.ide.mcu.externaltools.gnu-tools-for-stm32.12.3.rel1.win32_1.0.200.202406191623/tools/bin/../lib/gcc/arm-none-eabi/12.3.1/../../../../arm-none-eabi/lib/thumb/v7e-m+fp/hard\libc_nano.a(libc_a-impure.o)
                0x2000019c                _impure_ptr
 .data._impure_data
                0x200001a0       0x4c C:/ST/STM32CubeIDE_1.16.0/STM32CubeIDE/plugins/com.st.stm32cube.ide.mcu.externaltools.gnu-tools-for-stm32.12.3.rel1.win32_1.0.200.202406191623/tools/bin/../lib/gcc/arm-none-eabi/12.3.1/../../../../arm-none-eabi/lib/thumb/v7e-m+fp/hard\libc_nano.a(libc_a-impure.o)
                0x200001a0                _impure_data
 *(.RamFunc)
 *(.RamFunc*)
                0x200001ec                        . = ALIGN (0x4)
                0x200001ec                        _edata = .

.igot.plt       0x200001ec        0x0 load address 0x0800d6f0
 .igot.plt      0x200001ec        0x0 C:/ST/STM32CubeIDE_1.16.0/STM32CubeIDE/plugins/com.st.stm32cube.ide.mcu.externaltools.gnu-tools-for-stm32.12.3.rel1.win32_1.0.200.202406191623/tools/bin/../lib/gcc/arm-none-eabi/12.3.1/thumb/v7e-m+fp/hard/crtbegin.o
                0x200001ec                        . = ALIGN (0x4)

.bss            0x200001ec     0x1720 load address 0x0800d6f0
                0x200001ec                        _sbss = .
                0x200001ec                        __bss_start__ = _sbss
 *(.bss)
 .bss           0x200001ec       0x1c C:/ST/STM32CubeIDE_1.16.0/STM32CubeIDE/plugins/com.st.stm32cube.ide.mcu.externaltools.gnu-tools-for-stm32.12.3.rel1.win32_1.0.200.202406191623/tools/bin/../lib/gcc/arm-none-eabi/12.3.1/thumb/v7e-m+fp/hard/crtbegin.o
 *(.bss*)
 .bss.lin_master_data
                0x20000208       0x80 ./BSP/Src/lin_slcan.o
                0x20000208                lin_master_data
 .bss.master_frame_table
                0x20000288       0xc0 ./BSP/Src/lin_slcan.o
                0x20000288                master_frame_table
 .bss.master_frame_table_size
                0x20000348        0x1 ./BSP/Src/lin_slcan.o
                0x20000348                master_frame_table_size
 .bss.slcan_lin_slave_state
                0x20000349        0x1 ./BSP/Src/lin_slcan.o
 .bss.slcan_lin_slave_state_data_count
                0x2000034a        0x1 ./BSP/Src/lin_slcan.o
 *fill*         0x2000034b        0x1 
 .bss.slcan_lin_data_array
                0x2000034c        0x9 ./BSP/Src/lin_slcan.o
 *fill*         0x20000355        0x3 
 .bss.open_lin_data_layer_frame
                0x20000358        0xc ./BSP/Src/lin_slcan.o
 .bss.slcan_lin_timeout_counter
                0x20000364        0x4 ./BSP/Src/lin_slcan.o
                0x20000364                slcan_lin_timeout_counter
 .bss.lin_slcan_slot
                0x20000368        0x8 ./BSP/Src/lin_slcan.o
                0x20000368                lin_slcan_slot
 .bss.slcan_state
                0x20000370        0x1 ./BSP/Src/slcan.o
                0x20000370                slcan_state
 *fill*         0x20000371        0x3 
 .bss.sl_frame  0x20000374       0x3e ./BSP/Src/slcan.o
                0x20000374                sl_frame
 .bss.sl_frame_len
                0x200003b2        0x1 ./BSP/Src/slcan.o
                0x200003b2                sl_frame_len
 *fill*         0x200003b3        0x1 
 .bss.command   0x200003b4       0x3e ./BSP/Src/slcan.o
 .bss.classicChecksum
                0x200003f2        0x1 ./BSP/Src/slcan.o
                0x200003f2                classicChecksum
 .bss.linepos.2
                0x200003f3        0x1 ./BSP/Src/slcan.o
 .bss.line.1    0x200003f4       0x3e ./BSP/Src/slcan.o
 *fill*         0x20000432        0x2 
 .bss.tm.0      0x20000434        0x4 ./BSP/Src/slcan.o
 .bss.serialNumber
                0x20000438        0x4 ./Core/Src/main.o
                0x20000438                serialNumber
 .bss.Uart2RxFifo
                0x2000043c        0x1 ./Core/Src/main.o
                0x2000043c                Uart2RxFifo
 *fill*         0x2000043d        0x3 
 .bss.htim1     0x20000440       0x4c ./Core/Src/stm32g4xx_hal_timebase_tim.o
                0x20000440                htim1
 .bss.__sbrk_heap_end
                0x2000048c        0x4 ./Core/Src/sysmem.o
 .bss.huart1    0x20000490       0x94 ./Core/Src/usart.o
                0x20000490                huart1
 .bss.huart2    0x20000524       0x94 ./Core/Src/usart.o
                0x20000524                huart2
 .bss.uwTick    0x200005b8        0x4 ./Drivers/STM32G4xx_HAL_Driver/Src/stm32g4xx_hal.o
                0x200005b8                uwTick
 .bss.cfgidx.0  0x200005bc        0x1 ./Middlewares/ST/STM32_USB_Device_Library/Core/Src/usbd_ctlreq.o
 *fill*         0x200005bd        0x3 
 .bss.hUsbDeviceFS
                0x200005c0      0x2d0 ./USB_Device/App/usb_device.o
                0x200005c0                hUsbDeviceFS
 .bss.UserRxBufferFS
                0x20000890      0x400 ./USB_Device/App/usbd_cdc_if.o
                0x20000890                UserRxBufferFS
 .bss.UserTxBufferFS
                0x20000c90      0x400 ./USB_Device/App/usbd_cdc_if.o
                0x20000c90                UserTxBufferFS
 .bss.USBD_StrDesc
                0x20001090      0x200 ./USB_Device/App/usbd_desc.o
                0x20001090                USBD_StrDesc
 .bss.hpcd_USB_FS
                0x20001290      0x2dc ./USB_Device/Target/usbd_conf.o
                0x20001290                hpcd_USB_FS
 .bss.mem.0     0x2000156c      0x220 ./USB_Device/Target/usbd_conf.o
 .bss.lin_master_state
                0x2000178c        0x1 ./open-LIN-c/open_lin_master_data_layer.o
 .bss.master_rx_count
                0x2000178d        0x1 ./open-LIN-c/open_lin_master_data_layer.o
 .bss.master_table_index
                0x2000178e        0x1 ./open-LIN-c/open_lin_master_data_layer.o
 *fill*         0x2000178f        0x1 
 .bss.master_frame_table
                0x20001790        0x4 ./open-LIN-c/open_lin_master_data_layer.o
 .bss.master_frame_table_size
                0x20001794        0x1 ./open-LIN-c/open_lin_master_data_layer.o
 *fill*         0x20001795        0x1 
 .bss.time_passed_since_last_frame_ms
                0x20001796        0x2 ./open-LIN-c/open_lin_master_data_layer.o
 .bss.diagnostic_slot
                0x20001798        0x1 ./open-LIN-c/open_lin_master_data_layer.o
                0x20001798                diagnostic_slot
 *fill*         0x20001799        0x3 
 .bss.frame_tmp_buffer.0
                0x2000179c        0x8 ./open-LIN-c/open_lin_master_data_layer.o
 .bss.slot_array
                0x200017a4        0x4 ./open-LIN-c/open_lin_network_layer.o
 .bss.slot_array_len
                0x200017a8        0x1 ./open-LIN-c/open_lin_network_layer.o
 .bss.open_lin_slave_state
                0x200017a9        0x1 ./open-LIN-c/open_lin_slave_data_layer.o
 .bss.open_lin_slave_state_data_count
                0x200017aa        0x1 ./open-LIN-c/open_lin_slave_data_layer.o
 *fill*         0x200017ab        0x1 
 .bss.open_lin_data_layer_frame.1
                0x200017ac        0xc ./open-LIN-c/open_lin_slave_data_layer.o
 .bss.open_lin_slave_data_buff.0
                0x200017b8        0x8 ./open-LIN-c/open_lin_slave_data_layer.o
 .bss.__sf      0x200017c0      0x138 C:/ST/STM32CubeIDE_1.16.0/STM32CubeIDE/plugins/com.st.stm32cube.ide.mcu.externaltools.gnu-tools-for-stm32.12.3.rel1.win32_1.0.200.202406191623/tools/bin/../lib/gcc/arm-none-eabi/12.3.1/../../../../arm-none-eabi/lib/thumb/v7e-m+fp/hard\libc_nano.a(libc_a-findfp.o)
                0x200017c0                __sf
 .bss.__stdio_exit_handler
                0x200018f8        0x4 C:/ST/STM32CubeIDE_1.16.0/STM32CubeIDE/plugins/com.st.stm32cube.ide.mcu.externaltools.gnu-tools-for-stm32.12.3.rel1.win32_1.0.200.202406191623/tools/bin/../lib/gcc/arm-none-eabi/12.3.1/../../../../arm-none-eabi/lib/thumb/v7e-m+fp/hard\libc_nano.a(libc_a-findfp.o)
                0x200018f8                __stdio_exit_handler
 .bss.errno     0x200018fc        0x4 C:/ST/STM32CubeIDE_1.16.0/STM32CubeIDE/plugins/com.st.stm32cube.ide.mcu.externaltools.gnu-tools-for-stm32.12.3.rel1.win32_1.0.200.202406191623/tools/bin/../lib/gcc/arm-none-eabi/12.3.1/../../../../arm-none-eabi/lib/thumb/v7e-m+fp/hard\libc_nano.a(libc_a-reent.o)
                0x200018fc                errno
 .bss.__lock___malloc_recursive_mutex
                0x20001900        0x1 C:/ST/STM32CubeIDE_1.16.0/STM32CubeIDE/plugins/com.st.stm32cube.ide.mcu.externaltools.gnu-tools-for-stm32.12.3.rel1.win32_1.0.200.202406191623/tools/bin/../lib/gcc/arm-none-eabi/12.3.1/../../../../arm-none-eabi/lib/thumb/v7e-m+fp/hard\libc_nano.a(libc_a-lock.o)
                0x20001900                __lock___malloc_recursive_mutex
 .bss.__lock___sfp_recursive_mutex
                0x20001901        0x1 C:/ST/STM32CubeIDE_1.16.0/STM32CubeIDE/plugins/com.st.stm32cube.ide.mcu.externaltools.gnu-tools-for-stm32.12.3.rel1.win32_1.0.200.202406191623/tools/bin/../lib/gcc/arm-none-eabi/12.3.1/../../../../arm-none-eabi/lib/thumb/v7e-m+fp/hard\libc_nano.a(libc_a-lock.o)
                0x20001901                __lock___sfp_recursive_mutex
 *fill*         0x20001902        0x2 
 .bss.__malloc_sbrk_start
                0x20001904        0x4 C:/ST/STM32CubeIDE_1.16.0/STM32CubeIDE/plugins/com.st.stm32cube.ide.mcu.externaltools.gnu-tools-for-stm32.12.3.rel1.win32_1.0.200.202406191623/tools/bin/../lib/gcc/arm-none-eabi/12.3.1/../../../../arm-none-eabi/lib/thumb/v7e-m+fp/hard\libc_nano.a(libc_a-mallocr.o)
                0x20001904                __malloc_sbrk_start
 .bss.__malloc_free_list
                0x20001908        0x4 C:/ST/STM32CubeIDE_1.16.0/STM32CubeIDE/plugins/com.st.stm32cube.ide.mcu.externaltools.gnu-tools-for-stm32.12.3.rel1.win32_1.0.200.202406191623/tools/bin/../lib/gcc/arm-none-eabi/12.3.1/../../../../arm-none-eabi/lib/thumb/v7e-m+fp/hard\libc_nano.a(libc_a-mallocr.o)
                0x20001908                __malloc_free_list
 *(COMMON)
                0x2000190c                        . = ALIGN (0x4)
                0x2000190c                        _ebss = .
                0x2000190c                        __bss_end__ = _ebss

._user_heap_stack
                0x2000190c      0xa04 load address 0x0800d6f0
                0x20001910                        . = ALIGN (0x8)
 *fill*         0x2000190c        0x4 
                [!provide]                        PROVIDE (end = .)
                0x20001910                        PROVIDE (_end = .)
                0x20001b10                        . = (. + _Min_Heap_Size)
 *fill*         0x20001910      0x200 
                0x20002310                        . = (. + _Min_Stack_Size)
 *fill*         0x20001b10      0x800 
                0x20002310                        . = ALIGN (0x8)

/DISCARD/
 libc.a(*)
 libm.a(*)
 libgcc.a(*)

.ARM.attributes
                0x00000000       0x30
 *(.ARM.attributes)
 .ARM.attributes
                0x00000000       0x22 C:/ST/STM32CubeIDE_1.16.0/STM32CubeIDE/plugins/com.st.stm32cube.ide.mcu.externaltools.gnu-tools-for-stm32.12.3.rel1.win32_1.0.200.202406191623/tools/bin/../lib/gcc/arm-none-eabi/12.3.1/thumb/v7e-m+fp/hard/crti.o
 .ARM.attributes
                0x00000022       0x34 C:/ST/STM32CubeIDE_1.16.0/STM32CubeIDE/plugins/com.st.stm32cube.ide.mcu.externaltools.gnu-tools-for-stm32.12.3.rel1.win32_1.0.200.202406191623/tools/bin/../lib/gcc/arm-none-eabi/12.3.1/thumb/v7e-m+fp/hard/crtbegin.o
 .ARM.attributes
                0x00000056       0x34 ./BSP/Src/bootloader.o
 .ARM.attributes
                0x0000008a       0x34 ./BSP/Src/led.o
 .ARM.attributes
                0x000000be       0x34 ./BSP/Src/lin_slcan.o
 .ARM.attributes
                0x000000f2       0x34 ./BSP/Src/slcan.o
 .ARM.attributes
                0x00000126       0x34 ./BSP/Src/util.o
 .ARM.attributes
                0x0000015a       0x34 ./Core/Src/gpio.o
 .ARM.attributes
                0x0000018e       0x34 ./Core/Src/main.o
 .ARM.attributes
                0x000001c2       0x34 ./Core/Src/stm32g4xx_hal_msp.o
 .ARM.attributes
                0x000001f6       0x34 ./Core/Src/stm32g4xx_hal_timebase_tim.o
 .ARM.attributes
                0x0000022a       0x34 ./Core/Src/stm32g4xx_it.o
 .ARM.attributes
                0x0000025e       0x34 ./Core/Src/syscalls.o
 .ARM.attributes
                0x00000292       0x34 ./Core/Src/sysmem.o
 .ARM.attributes
                0x000002c6       0x34 ./Core/Src/system_stm32g4xx.o
 .ARM.attributes
                0x000002fa       0x34 ./Core/Src/usart.o
 .ARM.attributes
                0x0000032e       0x21 ./Core/Startup/startup_stm32g431kbtx.o
 .ARM.attributes
                0x0000034f       0x34 ./Drivers/STM32G4xx_HAL_Driver/Src/stm32g4xx_hal.o
 .ARM.attributes
                0x00000383       0x34 ./Drivers/STM32G4xx_HAL_Driver/Src/stm32g4xx_hal_cortex.o
 .ARM.attributes
                0x000003b7       0x34 ./Drivers/STM32G4xx_HAL_Driver/Src/stm32g4xx_hal_dma.o
 .ARM.attributes
                0x000003eb       0x34 ./Drivers/STM32G4xx_HAL_Driver/Src/stm32g4xx_hal_gpio.o
 .ARM.attributes
                0x0000041f       0x34 ./Drivers/STM32G4xx_HAL_Driver/Src/stm32g4xx_hal_pcd.o
 .ARM.attributes
                0x00000453       0x34 ./Drivers/STM32G4xx_HAL_Driver/Src/stm32g4xx_hal_pcd_ex.o
 .ARM.attributes
                0x00000487       0x34 ./Drivers/STM32G4xx_HAL_Driver/Src/stm32g4xx_hal_pwr_ex.o
 .ARM.attributes
                0x000004bb       0x34 ./Drivers/STM32G4xx_HAL_Driver/Src/stm32g4xx_hal_rcc.o
 .ARM.attributes
                0x000004ef       0x34 ./Drivers/STM32G4xx_HAL_Driver/Src/stm32g4xx_hal_rcc_ex.o
 .ARM.attributes
                0x00000523       0x34 ./Drivers/STM32G4xx_HAL_Driver/Src/stm32g4xx_hal_tim.o
 .ARM.attributes
                0x00000557       0x34 ./Drivers/STM32G4xx_HAL_Driver/Src/stm32g4xx_hal_tim_ex.o
 .ARM.attributes
                0x0000058b       0x34 ./Drivers/STM32G4xx_HAL_Driver/Src/stm32g4xx_hal_uart.o
 .ARM.attributes
                0x000005bf       0x34 ./Drivers/STM32G4xx_HAL_Driver/Src/stm32g4xx_hal_uart_ex.o
 .ARM.attributes
                0x000005f3       0x34 ./Drivers/STM32G4xx_HAL_Driver/Src/stm32g4xx_ll_usb.o
 .ARM.attributes
                0x00000627       0x34 ./Middlewares/ST/STM32_USB_Device_Library/Class/CDC/Src/usbd_cdc.o
 .ARM.attributes
                0x0000065b       0x34 ./Middlewares/ST/STM32_USB_Device_Library/Core/Src/usbd_core.o
 .ARM.attributes