../Drivers/CMSIS/Include/core_cm4.h:1679:22:__NVIC_EnableIRQ	16	static,ignoring_inline_asm
../open-LIN-c/implementation/ST32/open_lin_hw_st32.c:18:6:open_lin_error_handler	16	static
../open-LIN-c/implementation/ST32/open_lin_hw_st32.c:23:8:open_lin_hw_check_for_break	16	static
../open-LIN-c/implementation/ST32/open_lin_hw_st32.c:34:6:open_lin_hw_set_auto_baud	4	static
../open-LIN-c/implementation/ST32/open_lin_hw_st32.c:39:6:open_lin_hw_reset	8	static
../open-LIN-c/implementation/ST32/open_lin_hw_st32.c:48:6:open_lin_set_rx_enabled	16	static
../open-LIN-c/implementation/ST32/open_lin_hw_st32.c:59:8:open_lin_hw_tx_byte	16	static
../open-LIN-c/implementation/ST32/open_lin_hw_st32.c:66:8:open_lin_hw_tx_break	8	static
../open-LIN-c/implementation/ST32/open_lin_hw_st32.c:73:8:open_lin_hw_tx_data	16	static
../open-LIN-c/implementation/ST32/open_lin_hw_st32.c:89:6:open_lin_master_dl_rx_callback	16	static
